Archive member included to satisfy reference by file (symbol)

e:/avr-gcc-7.2.0-x64-mingw/bin/../lib/gcc/avr/7.2.0/../../../../avr/lib/avr51\libm.a(addsf3.o)
                              2-2.o (__addsf3)
e:/avr-gcc-7.2.0-x64-mingw/bin/../lib/gcc/avr/7.2.0/../../../../avr/lib/avr51\libm.a(addsf3x.o)
                              e:/avr-gcc-7.2.0-x64-mingw/bin/../lib/gcc/avr/7.2.0/../../../../avr/lib/avr51\libm.a(addsf3.o) (__addsf3x)
e:/avr-gcc-7.2.0-x64-mingw/bin/../lib/gcc/avr/7.2.0/../../../../avr/lib/avr51\libm.a(cos.o)
                              2-2.o (cos)
e:/avr-gcc-7.2.0-x64-mingw/bin/../lib/gcc/avr/7.2.0/../../../../avr/lib/avr51\libm.a(fixunssfsi.o)
                              2-2.o (__fixunssfsi)
e:/avr-gcc-7.2.0-x64-mingw/bin/../lib/gcc/avr/7.2.0/../../../../avr/lib/avr51\libm.a(floatsisf.o)
                              2-2.o (__floatsisf)
e:/avr-gcc-7.2.0-x64-mingw/bin/../lib/gcc/avr/7.2.0/../../../../avr/lib/avr51\libm.a(fp_inf.o)
                              e:/avr-gcc-7.2.0-x64-mingw/bin/../lib/gcc/avr/7.2.0/../../../../avr/lib/avr51\libm.a(addsf3x.o) (__fp_inf)
e:/avr-gcc-7.2.0-x64-mingw/bin/../lib/gcc/avr/7.2.0/../../../../avr/lib/avr51\libm.a(fp_nan.o)
                              e:/avr-gcc-7.2.0-x64-mingw/bin/../lib/gcc/avr/7.2.0/../../../../avr/lib/avr51\libm.a(addsf3x.o) (__fp_nan)
e:/avr-gcc-7.2.0-x64-mingw/bin/../lib/gcc/avr/7.2.0/../../../../avr/lib/avr51\libm.a(fp_pscA.o)
                              e:/avr-gcc-7.2.0-x64-mingw/bin/../lib/gcc/avr/7.2.0/../../../../avr/lib/avr51\libm.a(addsf3x.o) (__fp_pscA)
e:/avr-gcc-7.2.0-x64-mingw/bin/../lib/gcc/avr/7.2.0/../../../../avr/lib/avr51\libm.a(fp_pscB.o)
                              e:/avr-gcc-7.2.0-x64-mingw/bin/../lib/gcc/avr/7.2.0/../../../../avr/lib/avr51\libm.a(addsf3x.o) (__fp_pscB)
e:/avr-gcc-7.2.0-x64-mingw/bin/../lib/gcc/avr/7.2.0/../../../../avr/lib/avr51\libm.a(fp_rempio2.o)
                              e:/avr-gcc-7.2.0-x64-mingw/bin/../lib/gcc/avr/7.2.0/../../../../avr/lib/avr51\libm.a(cos.o) (__fp_rempio2)
e:/avr-gcc-7.2.0-x64-mingw/bin/../lib/gcc/avr/7.2.0/../../../../avr/lib/avr51\libm.a(fp_round.o)
                              e:/avr-gcc-7.2.0-x64-mingw/bin/../lib/gcc/avr/7.2.0/../../../../avr/lib/avr51\libm.a(addsf3.o) (__fp_round)
e:/avr-gcc-7.2.0-x64-mingw/bin/../lib/gcc/avr/7.2.0/../../../../avr/lib/avr51\libm.a(fp_sinus.o)
                              e:/avr-gcc-7.2.0-x64-mingw/bin/../lib/gcc/avr/7.2.0/../../../../avr/lib/avr51\libm.a(cos.o) (__fp_sinus)
e:/avr-gcc-7.2.0-x64-mingw/bin/../lib/gcc/avr/7.2.0/../../../../avr/lib/avr51\libm.a(fp_split3.o)
                              e:/avr-gcc-7.2.0-x64-mingw/bin/../lib/gcc/avr/7.2.0/../../../../avr/lib/avr51\libm.a(addsf3x.o) (__fp_split3)
e:/avr-gcc-7.2.0-x64-mingw/bin/../lib/gcc/avr/7.2.0/../../../../avr/lib/avr51\libm.a(fp_zero.o)
                              e:/avr-gcc-7.2.0-x64-mingw/bin/../lib/gcc/avr/7.2.0/../../../../avr/lib/avr51\libm.a(addsf3x.o) (__fp_zero)
e:/avr-gcc-7.2.0-x64-mingw/bin/../lib/gcc/avr/7.2.0/../../../../avr/lib/avr51\libm.a(mulsf3.o)
                              2-2.o (__mulsf3)
e:/avr-gcc-7.2.0-x64-mingw/bin/../lib/gcc/avr/7.2.0/../../../../avr/lib/avr51\libm.a(mulsf3x.o)
                              e:/avr-gcc-7.2.0-x64-mingw/bin/../lib/gcc/avr/7.2.0/../../../../avr/lib/avr51\libm.a(mulsf3.o) (__mulsf3x)
e:/avr-gcc-7.2.0-x64-mingw/bin/../lib/gcc/avr/7.2.0/../../../../avr/lib/avr51\libm.a(sin.o)
                              2-2.o (sin)
e:/avr-gcc-7.2.0-x64-mingw/bin/../lib/gcc/avr/7.2.0/../../../../avr/lib/avr51\libm.a(fp_mpack.o)
                              e:/avr-gcc-7.2.0-x64-mingw/bin/../lib/gcc/avr/7.2.0/../../../../avr/lib/avr51\libm.a(fp_rempio2.o) (__fp_mpack_finite)
e:/avr-gcc-7.2.0-x64-mingw/bin/../lib/gcc/avr/7.2.0/../../../../avr/lib/avr51\libm.a(fp_powsodd.o)
                              e:/avr-gcc-7.2.0-x64-mingw/bin/../lib/gcc/avr/7.2.0/../../../../avr/lib/avr51\libm.a(fp_sinus.o) (__fp_powsodd)
e:/avr-gcc-7.2.0-x64-mingw/bin/../lib/gcc/avr/7.2.0/../../../../avr/lib/avr51\libm.a(fp_powser.o)
                              e:/avr-gcc-7.2.0-x64-mingw/bin/../lib/gcc/avr/7.2.0/../../../../avr/lib/avr51\libm.a(fp_powsodd.o) (__fp_powser)
e:/avr-gcc-7.2.0-x64-mingw/bin/../lib/gcc/avr/7.2.0/../../../../avr/lib/avr51\libprintf_flt.a(vfprintf_flt.o)
                              (vfprintf)
e:/avr-gcc-7.2.0-x64-mingw/bin/../lib/gcc/avr/7.2.0/../../../../avr/lib/avr51\libscanf_flt.a(vfscanf_flt.o)
                              (vfscanf)
e:/avr-gcc-7.2.0-x64-mingw/bin/../lib/gcc/avr/7.2.0/avr51\libgcc.a(_udivmodsi4.o)
                              lib/SDC00/ff.o (__udivmodsi4)
e:/avr-gcc-7.2.0-x64-mingw/bin/../lib/gcc/avr/7.2.0/avr51\libgcc.a(_exit.o)
                              e:/avr-gcc-7.2.0-x64-mingw/bin/../lib/gcc/avr/7.2.0/../../../../avr/lib/avr51/crtatmega128.o (exit)
e:/avr-gcc-7.2.0-x64-mingw/bin/../lib/gcc/avr/7.2.0/avr51\libgcc.a(_copy_data.o)
                              2-2.o (__do_copy_data)
e:/avr-gcc-7.2.0-x64-mingw/bin/../lib/gcc/avr/7.2.0/avr51\libgcc.a(_clear_bss.o)
                              2-2.o (__do_clear_bss)
e:/avr-gcc-7.2.0-x64-mingw/bin/../lib/gcc/avr/7.2.0/avr51\libgcc.a(_muluhisi3.o)
                              lib/SDC00/ff.o (__muluhisi3)
e:/avr-gcc-7.2.0-x64-mingw/bin/../lib/gcc/avr/7.2.0/avr51\libgcc.a(_umulhisi3.o)
                              e:/avr-gcc-7.2.0-x64-mingw/bin/../lib/gcc/avr/7.2.0/avr51\libgcc.a(_muluhisi3.o) (__umulhisi3)
e:/avr-gcc-7.2.0-x64-mingw/bin/../lib/gcc/avr/7.2.0/../../../../avr/lib/avr51\libc.a(ftoa_engine.o)
                              e:/avr-gcc-7.2.0-x64-mingw/bin/../lib/gcc/avr/7.2.0/../../../../avr/lib/avr51\libprintf_flt.a(vfprintf_flt.o) (__ftoa_engine)
e:/avr-gcc-7.2.0-x64-mingw/bin/../lib/gcc/avr/7.2.0/../../../../avr/lib/avr51\libc.a(isspace.o)
                              e:/avr-gcc-7.2.0-x64-mingw/bin/../lib/gcc/avr/7.2.0/../../../../avr/lib/avr51\libscanf_flt.a(vfscanf_flt.o) (isspace)
e:/avr-gcc-7.2.0-x64-mingw/bin/../lib/gcc/avr/7.2.0/../../../../avr/lib/avr51\libc.a(tolower.o)
                              e:/avr-gcc-7.2.0-x64-mingw/bin/../lib/gcc/avr/7.2.0/../../../../avr/lib/avr51\libscanf_flt.a(vfscanf_flt.o) (tolower)
e:/avr-gcc-7.2.0-x64-mingw/bin/../lib/gcc/avr/7.2.0/../../../../avr/lib/avr51\libc.a(strchr_P.o)
                              e:/avr-gcc-7.2.0-x64-mingw/bin/../lib/gcc/avr/7.2.0/../../../../avr/lib/avr51\libscanf_flt.a(vfscanf_flt.o) (strchr_P)
e:/avr-gcc-7.2.0-x64-mingw/bin/../lib/gcc/avr/7.2.0/../../../../avr/lib/avr51\libc.a(strnlen_P.o)
                              e:/avr-gcc-7.2.0-x64-mingw/bin/../lib/gcc/avr/7.2.0/../../../../avr/lib/avr51\libprintf_flt.a(vfprintf_flt.o) (strnlen_P)
e:/avr-gcc-7.2.0-x64-mingw/bin/../lib/gcc/avr/7.2.0/../../../../avr/lib/avr51\libc.a(strnlen.o)
                              e:/avr-gcc-7.2.0-x64-mingw/bin/../lib/gcc/avr/7.2.0/../../../../avr/lib/avr51\libprintf_flt.a(vfprintf_flt.o) (strnlen)
e:/avr-gcc-7.2.0-x64-mingw/bin/../lib/gcc/avr/7.2.0/../../../../avr/lib/avr51\libc.a(fgetc.o)
                              e:/avr-gcc-7.2.0-x64-mingw/bin/../lib/gcc/avr/7.2.0/../../../../avr/lib/avr51\libscanf_flt.a(vfscanf_flt.o) (fgetc)
e:/avr-gcc-7.2.0-x64-mingw/bin/../lib/gcc/avr/7.2.0/../../../../avr/lib/avr51\libc.a(fputc.o)
                              e:/avr-gcc-7.2.0-x64-mingw/bin/../lib/gcc/avr/7.2.0/../../../../avr/lib/avr51\libprintf_flt.a(vfprintf_flt.o) (fputc)
e:/avr-gcc-7.2.0-x64-mingw/bin/../lib/gcc/avr/7.2.0/../../../../avr/lib/avr51\libc.a(iob.o)
                              lib/ASA_Lib_M128.o (__iob)
e:/avr-gcc-7.2.0-x64-mingw/bin/../lib/gcc/avr/7.2.0/../../../../avr/lib/avr51\libc.a(puts.o)
                              2-2.o (puts)
e:/avr-gcc-7.2.0-x64-mingw/bin/../lib/gcc/avr/7.2.0/../../../../avr/lib/avr51\libc.a(scanf.o)
                              2-2.o (scanf)
e:/avr-gcc-7.2.0-x64-mingw/bin/../lib/gcc/avr/7.2.0/../../../../avr/lib/avr51\libc.a(sprintf.o)
                              lib/SDC00/ASA_lib_SDC00.o (sprintf)
e:/avr-gcc-7.2.0-x64-mingw/bin/../lib/gcc/avr/7.2.0/../../../../avr/lib/avr51\libc.a(ungetc.o)
                              e:/avr-gcc-7.2.0-x64-mingw/bin/../lib/gcc/avr/7.2.0/../../../../avr/lib/avr51\libscanf_flt.a(vfscanf_flt.o) (ungetc)
e:/avr-gcc-7.2.0-x64-mingw/bin/../lib/gcc/avr/7.2.0/../../../../avr/lib/avr51\libc.a(ultoa_invert.o)
                              e:/avr-gcc-7.2.0-x64-mingw/bin/../lib/gcc/avr/7.2.0/../../../../avr/lib/avr51\libprintf_flt.a(vfprintf_flt.o) (__ultoa_invert)
e:/avr-gcc-7.2.0-x64-mingw/bin/../lib/gcc/avr/7.2.0/../../../../avr/lib/avr51\libc.a(cty_isfalse.o)
                              e:/avr-gcc-7.2.0-x64-mingw/bin/../lib/gcc/avr/7.2.0/../../../../avr/lib/avr51\libc.a(isspace.o) (__ctype_isfalse)

Allocating common symbols
Common symbol       size              file

FatFs               0x466             lib/SDC00/ASA_lib_SDC00.o
FileObj             0x22              lib/SDC00/ASA_lib_SDC00.o
DirObj              0x28              lib/SDC00/ASA_lib_SDC00.o
FileName            0xd               lib/SDC00/ASA_lib_SDC00.o
__iob               0x6               e:/avr-gcc-7.2.0-x64-mingw/bin/../lib/gcc/avr/7.2.0/../../../../avr/lib/avr51\libc.a(iob.o)

Memory Configuration

Name             Origin             Length             Attributes
text             0x0000000000000000 0x0000000000020000 xr
data             0x0000000000800100 0x000000000000ff00 rw !x
eeprom           0x0000000000810000 0x0000000000010000 rw !x
fuse             0x0000000000820000 0x0000000000000400 rw !x
lock             0x0000000000830000 0x0000000000000400 rw !x
signature        0x0000000000840000 0x0000000000000400 rw !x
user_signatures  0x0000000000850000 0x0000000000000400 rw !x
*default*        0x0000000000000000 0xffffffffffffffff

Linker script and memory map

Address of section .data set to 0x800100
LOAD e:/avr-gcc-7.2.0-x64-mingw/bin/../lib/gcc/avr/7.2.0/../../../../avr/lib/avr51/crtatmega128.o
LOAD 2-2.o
LOAD lib/SDC00/diskio.o
LOAD lib/SDC00/ffunicode_avr.o
LOAD lib/SDC00/ff.o
LOAD lib/SDC00/ASA_lib_SDC00.o
LOAD lib/SDC00/mmc_avr_spi.o
LOAD lib/DAC00/ASA_Lib_DAC00.o
LOAD lib/ASA_Lib_M128.o
LOAD lib/ASA_Lib_HMI.o
LOAD e:/avr-gcc-7.2.0-x64-mingw/bin/../lib/gcc/avr/7.2.0/../../../../avr/lib/avr51\libm.a
LOAD e:/avr-gcc-7.2.0-x64-mingw/bin/../lib/gcc/avr/7.2.0/../../../../avr/lib/avr51\libprintf_flt.a
LOAD e:/avr-gcc-7.2.0-x64-mingw/bin/../lib/gcc/avr/7.2.0/../../../../avr/lib/avr51\libscanf_flt.a
START GROUP
LOAD e:/avr-gcc-7.2.0-x64-mingw/bin/../lib/gcc/avr/7.2.0/avr51\libgcc.a
LOAD e:/avr-gcc-7.2.0-x64-mingw/bin/../lib/gcc/avr/7.2.0/../../../../avr/lib/avr51\libm.a
LOAD e:/avr-gcc-7.2.0-x64-mingw/bin/../lib/gcc/avr/7.2.0/../../../../avr/lib/avr51\libc.a
LOAD e:/avr-gcc-7.2.0-x64-mingw/bin/../lib/gcc/avr/7.2.0/../../../../avr/lib/avr51\libatmega128.a
END GROUP
                0x0000000000020000                __TEXT_REGION_LENGTH__ = DEFINED (__TEXT_REGION_LENGTH__)?__TEXT_REGION_LENGTH__:0x20000
                0x000000000000ff00                __DATA_REGION_LENGTH__ = DEFINED (__DATA_REGION_LENGTH__)?__DATA_REGION_LENGTH__:0xff00
                0x0000000000010000                __EEPROM_REGION_LENGTH__ = DEFINED (__EEPROM_REGION_LENGTH__)?__EEPROM_REGION_LENGTH__:0x10000
                0x0000000000000400                __FUSE_REGION_LENGTH__ = DEFINED (__FUSE_REGION_LENGTH__)?__FUSE_REGION_LENGTH__:0x400
                0x0000000000000400                __LOCK_REGION_LENGTH__ = DEFINED (__LOCK_REGION_LENGTH__)?__LOCK_REGION_LENGTH__:0x400
                0x0000000000000400                __SIGNATURE_REGION_LENGTH__ = DEFINED (__SIGNATURE_REGION_LENGTH__)?__SIGNATURE_REGION_LENGTH__:0x400
                0x0000000000000400                __USER_SIGNATURE_REGION_LENGTH__ = DEFINED (__USER_SIGNATURE_REGION_LENGTH__)?__USER_SIGNATURE_REGION_LENGTH__:0x400

.hash
 *(.hash)

.dynsym
 *(.dynsym)

.dynstr
 *(.dynstr)

.gnu.version
 *(.gnu.version)

.gnu.version_d
 *(.gnu.version_d)

.gnu.version_r
 *(.gnu.version_r)

.rel.init
 *(.rel.init)

.rela.init
 *(.rela.init)

.rel.text
 *(.rel.text)
 *(.rel.text.*)
 *(.rel.gnu.linkonce.t*)

.rela.text
 *(.rela.text)
 *(.rela.text.*)
 *(.rela.gnu.linkonce.t*)

.rel.fini
 *(.rel.fini)

.rela.fini
 *(.rela.fini)

.rel.rodata
 *(.rel.rodata)
 *(.rel.rodata.*)
 *(.rel.gnu.linkonce.r*)

.rela.rodata
 *(.rela.rodata)
 *(.rela.rodata.*)
 *(.rela.gnu.linkonce.r*)

.rel.data
 *(.rel.data)
 *(.rel.data.*)
 *(.rel.gnu.linkonce.d*)

.rela.data
 *(.rela.data)
 *(.rela.data.*)
 *(.rela.gnu.linkonce.d*)

.rel.ctors
 *(.rel.ctors)

.rela.ctors
 *(.rela.ctors)

.rel.dtors
 *(.rel.dtors)

.rela.dtors
 *(.rela.dtors)

.rel.got
 *(.rel.got)

.rela.got
 *(.rela.got)

.rel.bss
 *(.rel.bss)

.rela.bss
 *(.rela.bss)

.rel.plt
 *(.rel.plt)

.rela.plt
 *(.rela.plt)

.text           0x0000000000000000     0x7eb2
 *(.vectors)
 .vectors       0x0000000000000000       0x8c e:/avr-gcc-7.2.0-x64-mingw/bin/../lib/gcc/avr/7.2.0/../../../../avr/lib/avr51/crtatmega128.o
                0x0000000000000000                __vector_default
                0x0000000000000000                __vectors
 *(.vectors)
 *(.progmem.gcc*)
 .progmem.gcc_fplib
                0x000000000000008c       0x1e e:/avr-gcc-7.2.0-x64-mingw/bin/../lib/gcc/avr/7.2.0/../../../../avr/lib/avr51\libm.a(fp_sinus.o)
                0x00000000000000aa                . = ALIGN (0x2)
                0x00000000000000aa                __trampolines_start = .
 *(.trampolines)
 .trampolines   0x00000000000000aa        0x0 linker stubs
 *(.trampolines*)
                0x00000000000000aa                __trampolines_end = .
 *libprintf_flt.a:*(.progmem.data)
 .progmem.data  0x00000000000000aa        0x8 e:/avr-gcc-7.2.0-x64-mingw/bin/../lib/gcc/avr/7.2.0/../../../../avr/lib/avr51\libprintf_flt.a(vfprintf_flt.o)
 *libc.a:*(.progmem.data)
 .progmem.data  0x00000000000000b2       0xfa e:/avr-gcc-7.2.0-x64-mingw/bin/../lib/gcc/avr/7.2.0/../../../../avr/lib/avr51\libc.a(ftoa_engine.o)
 *(.progmem*)
 .progmem.data  0x00000000000001ac       0x4d e:/avr-gcc-7.2.0-x64-mingw/bin/../lib/gcc/avr/7.2.0/../../../../avr/lib/avr51\libscanf_flt.a(vfscanf_flt.o)
                0x00000000000001fa                . = ALIGN (0x2)
 *fill*         0x00000000000001f9        0x1 
 *(.lowtext)
 *(.lowtext*)
                0x00000000000001fa                __ctors_start = .
 *(.ctors)
                0x00000000000001fa                __ctors_end = .
                0x00000000000001fa                __dtors_start = .
 *(.dtors)
                0x00000000000001fa                __dtors_end = .
 SORT(*)(.ctors)
 SORT(*)(.dtors)
 *(.init0)
 .init0         0x00000000000001fa        0x0 e:/avr-gcc-7.2.0-x64-mingw/bin/../lib/gcc/avr/7.2.0/../../../../avr/lib/avr51/crtatmega128.o
                0x00000000000001fa                __init
 *(.init0)
 *(.init1)
 *(.init1)
 *(.init2)
 .init2         0x00000000000001fa        0xc e:/avr-gcc-7.2.0-x64-mingw/bin/../lib/gcc/avr/7.2.0/../../../../avr/lib/avr51/crtatmega128.o
 *(.init2)
 *(.init3)
 *(.init3)
 *(.init4)
 .init4         0x0000000000000206       0x1a e:/avr-gcc-7.2.0-x64-mingw/bin/../lib/gcc/avr/7.2.0/avr51\libgcc.a(_copy_data.o)
                0x0000000000000206                __do_copy_data
 .init4         0x0000000000000220       0x10 e:/avr-gcc-7.2.0-x64-mingw/bin/../lib/gcc/avr/7.2.0/avr51\libgcc.a(_clear_bss.o)
                0x0000000000000220                __do_clear_bss
 *(.init4)
 *(.init5)
 *(.init5)
 *(.init6)
 *(.init6)
 *(.init7)
 *(.init7)
 *(.init8)
 *(.init8)
 *(.init9)
 .init9         0x0000000000000230        0x8 e:/avr-gcc-7.2.0-x64-mingw/bin/../lib/gcc/avr/7.2.0/../../../../avr/lib/avr51/crtatmega128.o
 *(.init9)
 *(.text)
 .text          0x0000000000000238        0x4 e:/avr-gcc-7.2.0-x64-mingw/bin/../lib/gcc/avr/7.2.0/../../../../avr/lib/avr51/crtatmega128.o
                0x0000000000000238                __vector_22
                0x0000000000000238                __vector_28
                0x0000000000000238                __vector_1
                0x0000000000000238                __vector_32
                0x0000000000000238                __vector_34
                0x0000000000000238                __vector_24
                0x0000000000000238                __vector_12
                0x0000000000000238                __bad_interrupt
                0x0000000000000238                __vector_6
                0x0000000000000238                __vector_31
                0x0000000000000238                __vector_3
                0x0000000000000238                __vector_23
                0x0000000000000238                __vector_30
                0x0000000000000238                __vector_25
                0x0000000000000238                __vector_11
                0x0000000000000238                __vector_13
                0x0000000000000238                __vector_17
                0x0000000000000238                __vector_19
                0x0000000000000238                __vector_7
                0x0000000000000238                __vector_27
                0x0000000000000238                __vector_5
                0x0000000000000238                __vector_33
                0x0000000000000238                __vector_4
                0x0000000000000238                __vector_9
                0x0000000000000238                __vector_2
                0x0000000000000238                __vector_21
                0x0000000000000238                __vector_29
                0x0000000000000238                __vector_8
                0x0000000000000238                __vector_26
                0x0000000000000238                __vector_14
                0x0000000000000238                __vector_10
                0x0000000000000238                __vector_16
                0x0000000000000238                __vector_18
                0x0000000000000238                __vector_20
 .text          0x000000000000023c       0xde 2-2.o
                0x000000000000023c                __vector_15
                0x0000000000000306                timerset
 .text          0x000000000000031a       0x72 lib/SDC00/diskio.o
                0x000000000000031a                disk_status
                0x0000000000000326                disk_initialize
                0x0000000000000332                disk_read
                0x0000000000000354                disk_write
                0x0000000000000376                disk_ioctl
                0x0000000000000388                disk_timerproc
 .text          0x000000000000038c        0x0 lib/SDC00/ffunicode_avr.o
 .text          0x000000000000038c     0x4978 lib/SDC00/ff.o
                0x0000000000001ce8                f_mount
                0x0000000000001d6a                f_open
                0x0000000000002098                f_read
                0x0000000000002338                f_write
                0x0000000000002774                f_sync
                0x0000000000002820                f_close
                0x000000000000285c                f_chdrive
                0x000000000000288a                f_chdir
                0x0000000000002936                f_getcwd
                0x0000000000002b48                f_lseek
                0x0000000000002e84                f_opendir
                0x0000000000002f3a                f_closedir
                0x0000000000002f6c                f_readdir
                0x0000000000002fde                f_stat
                0x000000000000305a                f_getfree
                0x0000000000003250                f_truncate
                0x0000000000003354                f_unlink
                0x00000000000034bc                f_mkdir
                0x00000000000036ba                f_rename
                0x00000000000038d4                f_chmod
                0x000000000000395e                f_utime
                0x0000000000003a00                f_getlabel
                0x0000000000003b16                f_setlabel
                0x0000000000003d6a                f_mkfs
                0x000000000000484c                f_gets
                0x00000000000048e8                f_putc
                0x0000000000004930                f_puts
                0x0000000000004988                f_printf
 .text          0x0000000000004d04      0x546 lib/SDC00/ASA_lib_SDC00.o
                0x0000000000004d04                ASA_ID_check
                0x0000000000004d10                ASA_ID_set
                0x0000000000004d34                ASA_SDC00_Select
                0x0000000000004d4c                ASA_SDC00_Deselect
                0x0000000000004d66                ASA_SDC00_Init
                0x0000000000004de8                ASA_SDC00_set
                0x0000000000004f06                ASA_SDC00_put
                0x000000000000509c                check_info
                0x0000000000005108                ASA_SDC00_get
 .text          0x000000000000524a      0xd0e lib/SDC00/mmc_avr_spi.o
                0x00000000000054d6                mmc_disk_initialize
                0x0000000000005782                mmc_disk_status
                0x0000000000005788                mmc_disk_read
                0x0000000000005810                mmc_disk_write
                0x0000000000005910                mmc_disk_ioctl
                0x0000000000005ef4                mmc_disk_timerproc
 .text          0x0000000000005f58      0x1d2 lib/DAC00/ASA_Lib_DAC00.o
                0x0000000000005f9a                ASA_DAC00_set
                0x000000000000602c                ASA_DAC00_put
                0x00000000000060b0                ASA_DAC00_get
 .text          0x000000000000612a       0x64 lib/ASA_Lib_M128.o
                0x000000000000612a                stdio_putchar
                0x0000000000006146                stdio_getchar
                0x000000000000615e                ASA_M128_set
 .text          0x000000000000618e      0x302 lib/ASA_Lib_HMI.o
                0x000000000000618e                uart_put
                0x0000000000006196                uart_get
                0x000000000000619e                M128_HMI_set
                0x00000000000061ca                HMI_timeout_set
                0x0000000000006208                M128_HMI_put
                0x0000000000006280                M128_HMI_get
                0x000000000000630e                M128_HMI_Form_put
                0x00000000000063c8                M128_HMI_Form_get
 .text          0x0000000000006490        0x0 e:/avr-gcc-7.2.0-x64-mingw/bin/../lib/gcc/avr/7.2.0/../../../../avr/lib/avr51\libm.a(addsf3.o)
 .text          0x0000000000006490        0x0 e:/avr-gcc-7.2.0-x64-mingw/bin/../lib/gcc/avr/7.2.0/../../../../avr/lib/avr51\libm.a(addsf3x.o)
 .text          0x0000000000006490        0x0 e:/avr-gcc-7.2.0-x64-mingw/bin/../lib/gcc/avr/7.2.0/../../../../avr/lib/avr51\libm.a(cos.o)
 .text          0x0000000000006490        0x0 e:/avr-gcc-7.2.0-x64-mingw/bin/../lib/gcc/avr/7.2.0/../../../../avr/lib/avr51\libm.a(fixunssfsi.o)
 .text          0x0000000000006490        0x0 e:/avr-gcc-7.2.0-x64-mingw/bin/../lib/gcc/avr/7.2.0/../../../../avr/lib/avr51\libm.a(floatsisf.o)
 .text          0x0000000000006490        0x0 e:/avr-gcc-7.2.0-x64-mingw/bin/../lib/gcc/avr/7.2.0/../../../../avr/lib/avr51\libm.a(fp_inf.o)
 .text          0x0000000000006490        0x0 e:/avr-gcc-7.2.0-x64-mingw/bin/../lib/gcc/avr/7.2.0/../../../../avr/lib/avr51\libm.a(fp_nan.o)
 .text          0x0000000000006490        0x0 e:/avr-gcc-7.2.0-x64-mingw/bin/../lib/gcc/avr/7.2.0/../../../../avr/lib/avr51\libm.a(fp_pscA.o)
 .text          0x0000000000006490        0x0 e:/avr-gcc-7.2.0-x64-mingw/bin/../lib/gcc/avr/7.2.0/../../../../avr/lib/avr51\libm.a(fp_pscB.o)
 .text          0x0000000000006490        0x0 e:/avr-gcc-7.2.0-x64-mingw/bin/../lib/gcc/avr/7.2.0/../../../../avr/lib/avr51\libm.a(fp_rempio2.o)
 .text          0x0000000000006490        0x0 e:/avr-gcc-7.2.0-x64-mingw/bin/../lib/gcc/avr/7.2.0/../../../../avr/lib/avr51\libm.a(fp_round.o)
 .text          0x0000000000006490        0x0 e:/avr-gcc-7.2.0-x64-mingw/bin/../lib/gcc/avr/7.2.0/../../../../avr/lib/avr51\libm.a(fp_sinus.o)
 .text          0x0000000000006490        0x0 e:/avr-gcc-7.2.0-x64-mingw/bin/../lib/gcc/avr/7.2.0/../../../../avr/lib/avr51\libm.a(fp_split3.o)
 .text          0x0000000000006490        0x0 e:/avr-gcc-7.2.0-x64-mingw/bin/../lib/gcc/avr/7.2.0/../../../../avr/lib/avr51\libm.a(fp_zero.o)
 .text          0x0000000000006490        0x0 e:/avr-gcc-7.2.0-x64-mingw/bin/../lib/gcc/avr/7.2.0/../../../../avr/lib/avr51\libm.a(mulsf3.o)
 .text          0x0000000000006490        0x0 e:/avr-gcc-7.2.0-x64-mingw/bin/../lib/gcc/avr/7.2.0/../../../../avr/lib/avr51\libm.a(mulsf3x.o)
 .text          0x0000000000006490        0x0 e:/avr-gcc-7.2.0-x64-mingw/bin/../lib/gcc/avr/7.2.0/../../../../avr/lib/avr51\libm.a(sin.o)
 .text          0x0000000000006490        0x0 e:/avr-gcc-7.2.0-x64-mingw/bin/../lib/gcc/avr/7.2.0/../../../../avr/lib/avr51\libm.a(fp_mpack.o)
 .text          0x0000000000006490        0x0 e:/avr-gcc-7.2.0-x64-mingw/bin/../lib/gcc/avr/7.2.0/../../../../avr/lib/avr51\libm.a(fp_powsodd.o)
 .text          0x0000000000006490        0x0 e:/avr-gcc-7.2.0-x64-mingw/bin/../lib/gcc/avr/7.2.0/../../../../avr/lib/avr51\libm.a(fp_powser.o)
 .text          0x0000000000006490        0x0 e:/avr-gcc-7.2.0-x64-mingw/bin/../lib/gcc/avr/7.2.0/../../../../avr/lib/avr51\libprintf_flt.a(vfprintf_flt.o)
 .text          0x0000000000006490        0x0 e:/avr-gcc-7.2.0-x64-mingw/bin/../lib/gcc/avr/7.2.0/../../../../avr/lib/avr51\libscanf_flt.a(vfscanf_flt.o)
 .text          0x0000000000006490        0x0 e:/avr-gcc-7.2.0-x64-mingw/bin/../lib/gcc/avr/7.2.0/avr51\libgcc.a(_udivmodsi4.o)
 .text          0x0000000000006490        0x0 e:/avr-gcc-7.2.0-x64-mingw/bin/../lib/gcc/avr/7.2.0/avr51\libgcc.a(_exit.o)
 .text          0x0000000000006490        0x0 e:/avr-gcc-7.2.0-x64-mingw/bin/../lib/gcc/avr/7.2.0/avr51\libgcc.a(_copy_data.o)
 .text          0x0000000000006490        0x0 e:/avr-gcc-7.2.0-x64-mingw/bin/../lib/gcc/avr/7.2.0/avr51\libgcc.a(_clear_bss.o)
 .text          0x0000000000006490        0x0 e:/avr-gcc-7.2.0-x64-mingw/bin/../lib/gcc/avr/7.2.0/avr51\libgcc.a(_muluhisi3.o)
 .text          0x0000000000006490        0x0 e:/avr-gcc-7.2.0-x64-mingw/bin/../lib/gcc/avr/7.2.0/avr51\libgcc.a(_umulhisi3.o)
 .text          0x0000000000006490        0x0 e:/avr-gcc-7.2.0-x64-mingw/bin/../lib/gcc/avr/7.2.0/../../../../avr/lib/avr51\libc.a(ftoa_engine.o)
 .text          0x0000000000006490        0x0 e:/avr-gcc-7.2.0-x64-mingw/bin/../lib/gcc/avr/7.2.0/../../../../avr/lib/avr51\libc.a(isspace.o)
 .text          0x0000000000006490        0x0 e:/avr-gcc-7.2.0-x64-mingw/bin/../lib/gcc/avr/7.2.0/../../../../avr/lib/avr51\libc.a(tolower.o)
 .text          0x0000000000006490        0x0 e:/avr-gcc-7.2.0-x64-mingw/bin/../lib/gcc/avr/7.2.0/../../../../avr/lib/avr51\libc.a(strchr_P.o)
 .text          0x0000000000006490        0x0 e:/avr-gcc-7.2.0-x64-mingw/bin/../lib/gcc/avr/7.2.0/../../../../avr/lib/avr51\libc.a(strnlen_P.o)
 .text          0x0000000000006490        0x0 e:/avr-gcc-7.2.0-x64-mingw/bin/../lib/gcc/avr/7.2.0/../../../../avr/lib/avr51\libc.a(strnlen.o)
 .text          0x0000000000006490        0x0 e:/avr-gcc-7.2.0-x64-mingw/bin/../lib/gcc/avr/7.2.0/../../../../avr/lib/avr51\libc.a(fgetc.o)
 .text          0x0000000000006490        0x0 e:/avr-gcc-7.2.0-x64-mingw/bin/../lib/gcc/avr/7.2.0/../../../../avr/lib/avr51\libc.a(fputc.o)
 .text          0x0000000000006490        0x0 e:/avr-gcc-7.2.0-x64-mingw/bin/../lib/gcc/avr/7.2.0/../../../../avr/lib/avr51\libc.a(iob.o)
 .text          0x0000000000006490        0x0 e:/avr-gcc-7.2.0-x64-mingw/bin/../lib/gcc/avr/7.2.0/../../../../avr/lib/avr51\libc.a(puts.o)
 .text          0x0000000000006490        0x0 e:/avr-gcc-7.2.0-x64-mingw/bin/../lib/gcc/avr/7.2.0/../../../../avr/lib/avr51\libc.a(scanf.o)
 .text          0x0000000000006490        0x0 e:/avr-gcc-7.2.0-x64-mingw/bin/../lib/gcc/avr/7.2.0/../../../../avr/lib/avr51\libc.a(sprintf.o)
 .text          0x0000000000006490        0x0 e:/avr-gcc-7.2.0-x64-mingw/bin/../lib/gcc/avr/7.2.0/../../../../avr/lib/avr51\libc.a(ungetc.o)
 .text          0x0000000000006490        0x0 e:/avr-gcc-7.2.0-x64-mingw/bin/../lib/gcc/avr/7.2.0/../../../../avr/lib/avr51\libc.a(ultoa_invert.o)
 .text          0x0000000000006490        0x0 e:/avr-gcc-7.2.0-x64-mingw/bin/../lib/gcc/avr/7.2.0/../../../../avr/lib/avr51\libc.a(cty_isfalse.o)
                0x0000000000006490                . = ALIGN (0x2)
 *(.text.*)
 .text.startup  0x0000000000006490      0x132 2-2.o
                0x0000000000006490                main
 .text.avr-libc.fplib
                0x00000000000065c2        0xe e:/avr-gcc-7.2.0-x64-mingw/bin/../lib/gcc/avr/7.2.0/../../../../avr/lib/avr51\libm.a(addsf3.o)
                0x00000000000065c2                __subsf3
                0x00000000000065c4                __addsf3
 .text.avr-libc.fplib
                0x00000000000065d0       0xcc e:/avr-gcc-7.2.0-x64-mingw/bin/../lib/gcc/avr/7.2.0/../../../../avr/lib/avr51\libm.a(addsf3x.o)
                0x00000000000065f2                __addsf3x
 .text.avr-libc.fplib
                0x000000000000669c        0xa e:/avr-gcc-7.2.0-x64-mingw/bin/../lib/gcc/avr/7.2.0/../../../../avr/lib/avr51\libm.a(cos.o)
                0x000000000000669c                cos
 .text.avr-libc.fplib
                0x00000000000066a6       0x5e e:/avr-gcc-7.2.0-x64-mingw/bin/../lib/gcc/avr/7.2.0/../../../../avr/lib/avr51\libm.a(fixunssfsi.o)
                0x00000000000066a6                __fixunssfsi
 .text.avr-libc.fplib
                0x0000000000006704       0x7a e:/avr-gcc-7.2.0-x64-mingw/bin/../lib/gcc/avr/7.2.0/../../../../avr/lib/avr51\libm.a(floatsisf.o)
                0x0000000000006704                __floatunsisf
                0x0000000000006708                __floatsisf
 .text.avr-libc.fplib
                0x000000000000677e        0xc e:/avr-gcc-7.2.0-x64-mingw/bin/../lib/gcc/avr/7.2.0/../../../../avr/lib/avr51\libm.a(fp_inf.o)
                0x000000000000677e                __fp_inf
 .text.avr-libc.fplib
                0x000000000000678a        0x6 e:/avr-gcc-7.2.0-x64-mingw/bin/../lib/gcc/avr/7.2.0/../../../../avr/lib/avr51\libm.a(fp_nan.o)
                0x000000000000678a                __fp_nan
 .text.avr-libc.fplib
                0x0000000000006790        0xe e:/avr-gcc-7.2.0-x64-mingw/bin/../lib/gcc/avr/7.2.0/../../../../avr/lib/avr51\libm.a(fp_pscA.o)
                0x0000000000006790                __fp_pscA
 .text.avr-libc.fplib
                0x000000000000679e        0xe e:/avr-gcc-7.2.0-x64-mingw/bin/../lib/gcc/avr/7.2.0/../../../../avr/lib/avr51\libm.a(fp_pscB.o)
                0x000000000000679e                __fp_pscB
 .text.avr-libc.fplib
                0x00000000000067ac       0x56 e:/avr-gcc-7.2.0-x64-mingw/bin/../lib/gcc/avr/7.2.0/../../../../avr/lib/avr51\libm.a(fp_rempio2.o)
                0x00000000000067b0                __fp_rempio2
 .text.avr-libc.fplib
                0x0000000000006802       0x22 e:/avr-gcc-7.2.0-x64-mingw/bin/../lib/gcc/avr/7.2.0/../../../../avr/lib/avr51\libm.a(fp_round.o)
                0x0000000000006802                __fp_round
 .text.avr-libc.fplib
                0x0000000000006824       0x28 e:/avr-gcc-7.2.0-x64-mingw/bin/../lib/gcc/avr/7.2.0/../../../../avr/lib/avr51\libm.a(fp_sinus.o)
                0x0000000000006824                __fp_sinus
 .text.avr-libc.fplib
                0x000000000000684c       0x44 e:/avr-gcc-7.2.0-x64-mingw/bin/../lib/gcc/avr/7.2.0/../../../../avr/lib/avr51\libm.a(fp_split3.o)
                0x000000000000684c                __fp_split3
                0x000000000000685c                __fp_splitA
 .text.avr-libc.fplib
                0x0000000000006890        0xe e:/avr-gcc-7.2.0-x64-mingw/bin/../lib/gcc/avr/7.2.0/../../../../avr/lib/avr51\libm.a(fp_zero.o)
                0x0000000000006890                __fp_zero
                0x0000000000006892                __fp_szero
 .text.avr-libc.fplib
                0x000000000000689e        0x8 e:/avr-gcc-7.2.0-x64-mingw/bin/../lib/gcc/avr/7.2.0/../../../../avr/lib/avr51\libm.a(mulsf3.o)
                0x000000000000689e                __mulsf3
 .text.avr-libc.fplib
                0x00000000000068a6       0xd2 e:/avr-gcc-7.2.0-x64-mingw/bin/../lib/gcc/avr/7.2.0/../../../../avr/lib/avr51\libm.a(mulsf3x.o)
                0x00000000000068c4                __mulsf3x
                0x00000000000068ca                __mulsf3_pse
 .text.avr-libc.fplib
                0x0000000000006978       0x10 e:/avr-gcc-7.2.0-x64-mingw/bin/../lib/gcc/avr/7.2.0/../../../../avr/lib/avr51\libm.a(sin.o)
                0x0000000000006978                sin
 .text.avr-libc.fplib
                0x0000000000006988       0x1c e:/avr-gcc-7.2.0-x64-mingw/bin/../lib/gcc/avr/7.2.0/../../../../avr/lib/avr51\libm.a(fp_mpack.o)
                0x0000000000006988                __fp_mpack
                0x000000000000698c                __fp_mpack_finite
 .text.avr-libc.fplib
                0x00000000000069a4       0x28 e:/avr-gcc-7.2.0-x64-mingw/bin/../lib/gcc/avr/7.2.0/../../../../avr/lib/avr51\libm.a(fp_powsodd.o)
                0x00000000000069a4                __fp_powsodd
 .text.avr-libc.fplib
                0x00000000000069cc       0x4e e:/avr-gcc-7.2.0-x64-mingw/bin/../lib/gcc/avr/7.2.0/../../../../avr/lib/avr51\libm.a(fp_powser.o)
                0x00000000000069cc                __fp_powser
 .text.avr-libc
                0x0000000000006a1a      0x714 e:/avr-gcc-7.2.0-x64-mingw/bin/../lib/gcc/avr/7.2.0/../../../../avr/lib/avr51\libprintf_flt.a(vfprintf_flt.o)
                0x0000000000006a1a                vfprintf
 .text.avr-libc
                0x000000000000712e      0x84c e:/avr-gcc-7.2.0-x64-mingw/bin/../lib/gcc/avr/7.2.0/../../../../avr/lib/avr51\libscanf_flt.a(vfscanf_flt.o)
                0x0000000000007714                vfscanf
 .text.libgcc.mul
                0x000000000000797a        0x0 e:/avr-gcc-7.2.0-x64-mingw/bin/../lib/gcc/avr/7.2.0/avr51\libgcc.a(_udivmodsi4.o)
 .text.libgcc.div
                0x000000000000797a       0x44 e:/avr-gcc-7.2.0-x64-mingw/bin/../lib/gcc/avr/7.2.0/avr51\libgcc.a(_udivmodsi4.o)
                0x000000000000797a                __udivmodsi4
 .text.libgcc   0x00000000000079be        0x0 e:/avr-gcc-7.2.0-x64-mingw/bin/../lib/gcc/avr/7.2.0/avr51\libgcc.a(_udivmodsi4.o)
 .text.libgcc.prologue
                0x00000000000079be        0x0 e:/avr-gcc-7.2.0-x64-mingw/bin/../lib/gcc/avr/7.2.0/avr51\libgcc.a(_udivmodsi4.o)
 .text.libgcc.builtins
                0x00000000000079be        0x0 e:/avr-gcc-7.2.0-x64-mingw/bin/../lib/gcc/avr/7.2.0/avr51\libgcc.a(_udivmodsi4.o)
 .text.libgcc.fmul
                0x00000000000079be        0x0 e:/avr-gcc-7.2.0-x64-mingw/bin/../lib/gcc/avr/7.2.0/avr51\libgcc.a(_udivmodsi4.o)
 .text.libgcc.fixed
                0x00000000000079be        0x0 e:/avr-gcc-7.2.0-x64-mingw/bin/../lib/gcc/avr/7.2.0/avr51\libgcc.a(_udivmodsi4.o)
 .text.libgcc.mul
                0x00000000000079be        0x0 e:/avr-gcc-7.2.0-x64-mingw/bin/../lib/gcc/avr/7.2.0/avr51\libgcc.a(_exit.o)
 .text.libgcc.div
                0x00000000000079be        0x0 e:/avr-gcc-7.2.0-x64-mingw/bin/../lib/gcc/avr/7.2.0/avr51\libgcc.a(_exit.o)
 .text.libgcc   0x00000000000079be        0x0 e:/avr-gcc-7.2.0-x64-mingw/bin/../lib/gcc/avr/7.2.0/avr51\libgcc.a(_exit.o)
 .text.libgcc.prologue
                0x00000000000079be        0x0 e:/avr-gcc-7.2.0-x64-mingw/bin/../lib/gcc/avr/7.2.0/avr51\libgcc.a(_exit.o)
 .text.libgcc.builtins
                0x00000000000079be        0x0 e:/avr-gcc-7.2.0-x64-mingw/bin/../lib/gcc/avr/7.2.0/avr51\libgcc.a(_exit.o)
 .text.libgcc.fmul
                0x00000000000079be        0x0 e:/avr-gcc-7.2.0-x64-mingw/bin/../lib/gcc/avr/7.2.0/avr51\libgcc.a(_exit.o)
 .text.libgcc.fixed
                0x00000000000079be        0x0 e:/avr-gcc-7.2.0-x64-mingw/bin/../lib/gcc/avr/7.2.0/avr51\libgcc.a(_exit.o)
 .text.libgcc.mul
                0x00000000000079be        0x0 e:/avr-gcc-7.2.0-x64-mingw/bin/../lib/gcc/avr/7.2.0/avr51\libgcc.a(_copy_data.o)
 .text.libgcc.div
                0x00000000000079be        0x0 e:/avr-gcc-7.2.0-x64-mingw/bin/../lib/gcc/avr/7.2.0/avr51\libgcc.a(_copy_data.o)
 .text.libgcc   0x00000000000079be        0x0 e:/avr-gcc-7.2.0-x64-mingw/bin/../lib/gcc/avr/7.2.0/avr51\libgcc.a(_copy_data.o)
 .text.libgcc.prologue
                0x00000000000079be        0x0 e:/avr-gcc-7.2.0-x64-mingw/bin/../lib/gcc/avr/7.2.0/avr51\libgcc.a(_copy_data.o)
 .text.libgcc.builtins
                0x00000000000079be        0x0 e:/avr-gcc-7.2.0-x64-mingw/bin/../lib/gcc/avr/7.2.0/avr51\libgcc.a(_copy_data.o)
 .text.libgcc.fmul
                0x00000000000079be        0x0 e:/avr-gcc-7.2.0-x64-mingw/bin/../lib/gcc/avr/7.2.0/avr51\libgcc.a(_copy_data.o)
 .text.libgcc.fixed
                0x00000000000079be        0x0 e:/avr-gcc-7.2.0-x64-mingw/bin/../lib/gcc/avr/7.2.0/avr51\libgcc.a(_copy_data.o)
 .text.libgcc.mul
                0x00000000000079be        0x0 e:/avr-gcc-7.2.0-x64-mingw/bin/../lib/gcc/avr/7.2.0/avr51\libgcc.a(_clear_bss.o)
 .text.libgcc.div
                0x00000000000079be        0x0 e:/avr-gcc-7.2.0-x64-mingw/bin/../lib/gcc/avr/7.2.0/avr51\libgcc.a(_clear_bss.o)
 .text.libgcc   0x00000000000079be        0x0 e:/avr-gcc-7.2.0-x64-mingw/bin/../lib/gcc/avr/7.2.0/avr51\libgcc.a(_clear_bss.o)
 .text.libgcc.prologue
                0x00000000000079be        0x0 e:/avr-gcc-7.2.0-x64-mingw/bin/../lib/gcc/avr/7.2.0/avr51\libgcc.a(_clear_bss.o)
 .text.libgcc.builtins
                0x00000000000079be        0x0 e:/avr-gcc-7.2.0-x64-mingw/bin/../lib/gcc/avr/7.2.0/avr51\libgcc.a(_clear_bss.o)
 .text.libgcc.fmul
                0x00000000000079be        0x0 e:/avr-gcc-7.2.0-x64-mingw/bin/../lib/gcc/avr/7.2.0/avr51\libgcc.a(_clear_bss.o)
 .text.libgcc.fixed
                0x00000000000079be        0x0 e:/avr-gcc-7.2.0-x64-mingw/bin/../lib/gcc/avr/7.2.0/avr51\libgcc.a(_clear_bss.o)
 .text.libgcc.mul
                0x00000000000079be       0x16 e:/avr-gcc-7.2.0-x64-mingw/bin/../lib/gcc/avr/7.2.0/avr51\libgcc.a(_muluhisi3.o)
                0x00000000000079be                __muluhisi3
 .text.libgcc.div
                0x00000000000079d4        0x0 e:/avr-gcc-7.2.0-x64-mingw/bin/../lib/gcc/avr/7.2.0/avr51\libgcc.a(_muluhisi3.o)
 .text.libgcc   0x00000000000079d4        0x0 e:/avr-gcc-7.2.0-x64-mingw/bin/../lib/gcc/avr/7.2.0/avr51\libgcc.a(_muluhisi3.o)
 .text.libgcc.prologue
                0x00000000000079d4        0x0 e:/avr-gcc-7.2.0-x64-mingw/bin/../lib/gcc/avr/7.2.0/avr51\libgcc.a(_muluhisi3.o)
 .text.libgcc.builtins
                0x00000000000079d4        0x0 e:/avr-gcc-7.2.0-x64-mingw/bin/../lib/gcc/avr/7.2.0/avr51\libgcc.a(_muluhisi3.o)
 .text.libgcc.fmul
                0x00000000000079d4        0x0 e:/avr-gcc-7.2.0-x64-mingw/bin/../lib/gcc/avr/7.2.0/avr51\libgcc.a(_muluhisi3.o)
 .text.libgcc.fixed
                0x00000000000079d4        0x0 e:/avr-gcc-7.2.0-x64-mingw/bin/../lib/gcc/avr/7.2.0/avr51\libgcc.a(_muluhisi3.o)
 .text.libgcc.mul
                0x00000000000079d4       0x1e e:/avr-gcc-7.2.0-x64-mingw/bin/../lib/gcc/avr/7.2.0/avr51\libgcc.a(_umulhisi3.o)
                0x00000000000079d4                __umulhisi3
 .text.libgcc.div
                0x00000000000079f2        0x0 e:/avr-gcc-7.2.0-x64-mingw/bin/../lib/gcc/avr/7.2.0/avr51\libgcc.a(_umulhisi3.o)
 .text.libgcc   0x00000000000079f2        0x0 e:/avr-gcc-7.2.0-x64-mingw/bin/../lib/gcc/avr/7.2.0/avr51\libgcc.a(_umulhisi3.o)
 .text.libgcc.prologue
                0x00000000000079f2        0x0 e:/avr-gcc-7.2.0-x64-mingw/bin/../lib/gcc/avr/7.2.0/avr51\libgcc.a(_umulhisi3.o)
 .text.libgcc.builtins
                0x00000000000079f2        0x0 e:/avr-gcc-7.2.0-x64-mingw/bin/../lib/gcc/avr/7.2.0/avr51\libgcc.a(_umulhisi3.o)
 .text.libgcc.fmul
                0x00000000000079f2        0x0 e:/avr-gcc-7.2.0-x64-mingw/bin/../lib/gcc/avr/7.2.0/avr51\libgcc.a(_umulhisi3.o)
 .text.libgcc.fixed
                0x00000000000079f2        0x0 e:/avr-gcc-7.2.0-x64-mingw/bin/../lib/gcc/avr/7.2.0/avr51\libgcc.a(_umulhisi3.o)
 .text.avr-libc
                0x00000000000079f2      0x1b0 e:/avr-gcc-7.2.0-x64-mingw/bin/../lib/gcc/avr/7.2.0/../../../../avr/lib/avr51\libc.a(ftoa_engine.o)
                0x00000000000079f2                __ftoa_engine
 .text.avr-libc
                0x0000000000007ba2       0x12 e:/avr-gcc-7.2.0-x64-mingw/bin/../lib/gcc/avr/7.2.0/../../../../avr/lib/avr51\libc.a(isspace.o)
                0x0000000000007ba2                isspace
 .text.avr-libc
                0x0000000000007bb4       0x10 e:/avr-gcc-7.2.0-x64-mingw/bin/../lib/gcc/avr/7.2.0/../../../../avr/lib/avr51\libc.a(tolower.o)
                0x0000000000007bb4                tolower
 .text.avr-libc
                0x0000000000007bc4       0x16 e:/avr-gcc-7.2.0-x64-mingw/bin/../lib/gcc/avr/7.2.0/../../../../avr/lib/avr51\libc.a(strchr_P.o)
                0x0000000000007bc4                strchr_P
 .text.avr-libc
                0x0000000000007bda       0x16 e:/avr-gcc-7.2.0-x64-mingw/bin/../lib/gcc/avr/7.2.0/../../../../avr/lib/avr51\libc.a(strnlen_P.o)
                0x0000000000007bda                strnlen_P
 .text.avr-libc
                0x0000000000007bf0       0x16 e:/avr-gcc-7.2.0-x64-mingw/bin/../lib/gcc/avr/7.2.0/../../../../avr/lib/avr51\libc.a(strnlen.o)
                0x0000000000007bf0                strnlen
 .text.avr-libc
                0x0000000000007c06       0x78 e:/avr-gcc-7.2.0-x64-mingw/bin/../lib/gcc/avr/7.2.0/../../../../avr/lib/avr51\libc.a(fgetc.o)
                0x0000000000007c06                fgetc
 .text.avr-libc
                0x0000000000007c7e       0x60 e:/avr-gcc-7.2.0-x64-mingw/bin/../lib/gcc/avr/7.2.0/../../../../avr/lib/avr51\libc.a(fputc.o)
                0x0000000000007c7e                fputc
 .text.avr-libc
                0x0000000000007cde       0x56 e:/avr-gcc-7.2.0-x64-mingw/bin/../lib/gcc/avr/7.2.0/../../../../avr/lib/avr51\libc.a(puts.o)
                0x0000000000007cde                puts
 .text.avr-libc
                0x0000000000007d34       0x28 e:/avr-gcc-7.2.0-x64-mingw/bin/../lib/gcc/avr/7.2.0/../../../../avr/lib/avr51\libc.a(scanf.o)
                0x0000000000007d34                scanf
 .text.avr-libc
                0x0000000000007d5c       0x60 e:/avr-gcc-7.2.0-x64-mingw/bin/../lib/gcc/avr/7.2.0/../../../../avr/lib/avr51\libc.a(sprintf.o)
                0x0000000000007d5c                sprintf
 .text.avr-libc
                0x0000000000007dbc       0x30 e:/avr-gcc-7.2.0-x64-mingw/bin/../lib/gcc/avr/7.2.0/../../../../avr/lib/avr51\libc.a(ungetc.o)
                0x0000000000007dbc                ungetc
 .text.avr-libc
                0x0000000000007dec       0xbc e:/avr-gcc-7.2.0-x64-mingw/bin/../lib/gcc/avr/7.2.0/../../../../avr/lib/avr51\libc.a(ultoa_invert.o)
                0x0000000000007dec                __ultoa_invert
 .text.avr-libc
                0x0000000000007ea8        0x6 e:/avr-gcc-7.2.0-x64-mingw/bin/../lib/gcc/avr/7.2.0/../../../../avr/lib/avr51\libc.a(cty_isfalse.o)
                0x0000000000007ea8                __ctype_isfalse
                0x0000000000007eac                __ctype_istrue
                0x0000000000007eae                . = ALIGN (0x2)
 *(.fini9)
 .fini9         0x0000000000007eae        0x0 e:/avr-gcc-7.2.0-x64-mingw/bin/../lib/gcc/avr/7.2.0/avr51\libgcc.a(_exit.o)
                0x0000000000007eae                _exit
                0x0000000000007eae                exit
 *(.fini9)
 *(.fini8)
 *(.fini8)
 *(.fini7)
 *(.fini7)
 *(.fini6)
 *(.fini6)
 *(.fini5)
 *(.fini5)
 *(.fini4)
 *(.fini4)
 *(.fini3)
 *(.fini3)
 *(.fini2)
 *(.fini2)
 *(.fini1)
 *(.fini1)
 *(.fini0)
 .fini0         0x0000000000007eae        0x4 e:/avr-gcc-7.2.0-x64-mingw/bin/../lib/gcc/avr/7.2.0/avr51\libgcc.a(_exit.o)
 *(.fini0)
 *(.hightext)
 *(.hightext*)
                0x0000000000007eb2                . = ALIGN (0x2)
 *(.jumptables)
 *(.jumptables*)
                0x0000000000007eb2                _etext = .

.data           0x0000000000800100       0xbe load address 0x0000000000007eb2
                0x0000000000800100                PROVIDE (__data_start, .)
 *(.data)
 .data          0x0000000000800100        0x0 e:/avr-gcc-7.2.0-x64-mingw/bin/../lib/gcc/avr/7.2.0/../../../../avr/lib/avr51/crtatmega128.o
 .data          0x0000000000800100        0x1 2-2.o
                0x0000000000800100                ID_DAC
 .data          0x0000000000800101        0x0 lib/SDC00/diskio.o
 .data          0x0000000000800101        0x0 lib/SDC00/ffunicode_avr.o
 .data          0x0000000000800101        0x0 lib/SDC00/ff.o
 .data          0x0000000000800101        0xa lib/SDC00/ASA_lib_SDC00.o
                0x0000000000800101                ASA_SDC00_ID
                0x0000000000800102                ASA_DATA_Dir
 .data          0x000000000080010b        0x1 lib/SDC00/mmc_avr_spi.o
 .data          0x000000000080010c        0x0 lib/DAC00/ASA_Lib_DAC00.o
 .data          0x000000000080010c        0xe lib/ASA_Lib_M128.o
 .data          0x000000000080011a        0x5 lib/ASA_Lib_HMI.o
                0x000000000080011a                TimeoutMode
                0x000000000080011b                Timeout
 .data          0x000000000080011f        0x0 e:/avr-gcc-7.2.0-x64-mingw/bin/../lib/gcc/avr/7.2.0/../../../../avr/lib/avr51\libm.a(addsf3.o)
 .data          0x000000000080011f        0x0 e:/avr-gcc-7.2.0-x64-mingw/bin/../lib/gcc/avr/7.2.0/../../../../avr/lib/avr51\libm.a(addsf3x.o)
 .data          0x000000000080011f        0x0 e:/avr-gcc-7.2.0-x64-mingw/bin/../lib/gcc/avr/7.2.0/../../../../avr/lib/avr51\libm.a(cos.o)
 .data          0x000000000080011f        0x0 e:/avr-gcc-7.2.0-x64-mingw/bin/../lib/gcc/avr/7.2.0/../../../../avr/lib/avr51\libm.a(fixunssfsi.o)
 .data          0x000000000080011f        0x0 e:/avr-gcc-7.2.0-x64-mingw/bin/../lib/gcc/avr/7.2.0/../../../../avr/lib/avr51\libm.a(floatsisf.o)
 .data          0x000000000080011f        0x0 e:/avr-gcc-7.2.0-x64-mingw/bin/../lib/gcc/avr/7.2.0/../../../../avr/lib/avr51\libm.a(fp_inf.o)
 .data          0x000000000080011f        0x0 e:/avr-gcc-7.2.0-x64-mingw/bin/../lib/gcc/avr/7.2.0/../../../../avr/lib/avr51\libm.a(fp_nan.o)
 .data          0x000000000080011f        0x0 e:/avr-gcc-7.2.0-x64-mingw/bin/../lib/gcc/avr/7.2.0/../../../../avr/lib/avr51\libm.a(fp_pscA.o)
 .data          0x000000000080011f        0x0 e:/avr-gcc-7.2.0-x64-mingw/bin/../lib/gcc/avr/7.2.0/../../../../avr/lib/avr51\libm.a(fp_pscB.o)
 .data          0x000000000080011f        0x0 e:/avr-gcc-7.2.0-x64-mingw/bin/../lib/gcc/avr/7.2.0/../../../../avr/lib/avr51\libm.a(fp_rempio2.o)
 .data          0x000000000080011f        0x0 e:/avr-gcc-7.2.0-x64-mingw/bin/../lib/gcc/avr/7.2.0/../../../../avr/lib/avr51\libm.a(fp_round.o)
 .data          0x000000000080011f        0x0 e:/avr-gcc-7.2.0-x64-mingw/bin/../lib/gcc/avr/7.2.0/../../../../avr/lib/avr51\libm.a(fp_sinus.o)
 .data          0x000000000080011f        0x0 e:/avr-gcc-7.2.0-x64-mingw/bin/../lib/gcc/avr/7.2.0/../../../../avr/lib/avr51\libm.a(fp_split3.o)
 .data          0x000000000080011f        0x0 e:/avr-gcc-7.2.0-x64-mingw/bin/../lib/gcc/avr/7.2.0/../../../../avr/lib/avr51\libm.a(fp_zero.o)
 .data          0x000000000080011f        0x0 e:/avr-gcc-7.2.0-x64-mingw/bin/../lib/gcc/avr/7.2.0/../../../../avr/lib/avr51\libm.a(mulsf3.o)
 .data          0x000000000080011f        0x0 e:/avr-gcc-7.2.0-x64-mingw/bin/../lib/gcc/avr/7.2.0/../../../../avr/lib/avr51\libm.a(mulsf3x.o)
 .data          0x000000000080011f        0x0 e:/avr-gcc-7.2.0-x64-mingw/bin/../lib/gcc/avr/7.2.0/../../../../avr/lib/avr51\libm.a(sin.o)
 .data          0x000000000080011f        0x0 e:/avr-gcc-7.2.0-x64-mingw/bin/../lib/gcc/avr/7.2.0/../../../../avr/lib/avr51\libm.a(fp_mpack.o)
 .data          0x000000000080011f        0x0 e:/avr-gcc-7.2.0-x64-mingw/bin/../lib/gcc/avr/7.2.0/../../../../avr/lib/avr51\libm.a(fp_powsodd.o)
 .data          0x000000000080011f        0x0 e:/avr-gcc-7.2.0-x64-mingw/bin/../lib/gcc/avr/7.2.0/../../../../avr/lib/avr51\libm.a(fp_powser.o)
 .data          0x000000000080011f        0x0 e:/avr-gcc-7.2.0-x64-mingw/bin/../lib/gcc/avr/7.2.0/../../../../avr/lib/avr51\libprintf_flt.a(vfprintf_flt.o)
 .data          0x000000000080011f        0x0 e:/avr-gcc-7.2.0-x64-mingw/bin/../lib/gcc/avr/7.2.0/../../../../avr/lib/avr51\libscanf_flt.a(vfscanf_flt.o)
 .data          0x000000000080011f        0x0 e:/avr-gcc-7.2.0-x64-mingw/bin/../lib/gcc/avr/7.2.0/avr51\libgcc.a(_udivmodsi4.o)
 .data          0x000000000080011f        0x0 e:/avr-gcc-7.2.0-x64-mingw/bin/../lib/gcc/avr/7.2.0/avr51\libgcc.a(_exit.o)
 .data          0x000000000080011f        0x0 e:/avr-gcc-7.2.0-x64-mingw/bin/../lib/gcc/avr/7.2.0/avr51\libgcc.a(_copy_data.o)
 .data          0x000000000080011f        0x0 e:/avr-gcc-7.2.0-x64-mingw/bin/../lib/gcc/avr/7.2.0/avr51\libgcc.a(_clear_bss.o)
 .data          0x000000000080011f        0x0 e:/avr-gcc-7.2.0-x64-mingw/bin/../lib/gcc/avr/7.2.0/avr51\libgcc.a(_muluhisi3.o)
 .data          0x000000000080011f        0x0 e:/avr-gcc-7.2.0-x64-mingw/bin/../lib/gcc/avr/7.2.0/avr51\libgcc.a(_umulhisi3.o)
 .data          0x000000000080011f        0x0 e:/avr-gcc-7.2.0-x64-mingw/bin/../lib/gcc/avr/7.2.0/../../../../avr/lib/avr51\libc.a(ftoa_engine.o)
 .data          0x000000000080011f        0x0 e:/avr-gcc-7.2.0-x64-mingw/bin/../lib/gcc/avr/7.2.0/../../../../avr/lib/avr51\libc.a(isspace.o)
 .data          0x000000000080011f        0x0 e:/avr-gcc-7.2.0-x64-mingw/bin/../lib/gcc/avr/7.2.0/../../../../avr/lib/avr51\libc.a(tolower.o)
 .data          0x000000000080011f        0x0 e:/avr-gcc-7.2.0-x64-mingw/bin/../lib/gcc/avr/7.2.0/../../../../avr/lib/avr51\libc.a(strchr_P.o)
 .data          0x000000000080011f        0x0 e:/avr-gcc-7.2.0-x64-mingw/bin/../lib/gcc/avr/7.2.0/../../../../avr/lib/avr51\libc.a(strnlen_P.o)
 .data          0x000000000080011f        0x0 e:/avr-gcc-7.2.0-x64-mingw/bin/../lib/gcc/avr/7.2.0/../../../../avr/lib/avr51\libc.a(strnlen.o)
 .data          0x000000000080011f        0x0 e:/avr-gcc-7.2.0-x64-mingw/bin/../lib/gcc/avr/7.2.0/../../../../avr/lib/avr51\libc.a(fgetc.o)
 .data          0x000000000080011f        0x0 e:/avr-gcc-7.2.0-x64-mingw/bin/../lib/gcc/avr/7.2.0/../../../../avr/lib/avr51\libc.a(fputc.o)
 .data          0x000000000080011f        0x0 e:/avr-gcc-7.2.0-x64-mingw/bin/../lib/gcc/avr/7.2.0/../../../../avr/lib/avr51\libc.a(iob.o)
 .data          0x000000000080011f        0x0 e:/avr-gcc-7.2.0-x64-mingw/bin/../lib/gcc/avr/7.2.0/../../../../avr/lib/avr51\libc.a(puts.o)
 .data          0x000000000080011f        0x0 e:/avr-gcc-7.2.0-x64-mingw/bin/../lib/gcc/avr/7.2.0/../../../../avr/lib/avr51\libc.a(scanf.o)
 .data          0x000000000080011f        0x0 e:/avr-gcc-7.2.0-x64-mingw/bin/../lib/gcc/avr/7.2.0/../../../../avr/lib/avr51\libc.a(sprintf.o)
 .data          0x000000000080011f        0x0 e:/avr-gcc-7.2.0-x64-mingw/bin/../lib/gcc/avr/7.2.0/../../../../avr/lib/avr51\libc.a(ungetc.o)
 .data          0x000000000080011f        0x0 e:/avr-gcc-7.2.0-x64-mingw/bin/../lib/gcc/avr/7.2.0/../../../../avr/lib/avr51\libc.a(ultoa_invert.o)
 .data          0x000000000080011f        0x0 e:/avr-gcc-7.2.0-x64-mingw/bin/../lib/gcc/avr/7.2.0/../../../../avr/lib/avr51\libc.a(cty_isfalse.o)
 *(.data*)
 *(.gnu.linkonce.d*)
 *(.rodata)
 .rodata        0x000000000080011f       0x2c lib/SDC00/ff.o
 *(.rodata*)
 .rodata.str1.1
                0x000000000080014b       0x13 2-2.o
 .rodata.str1.1
                0x000000000080015e       0x4d lib/SDC00/ff.o
 .rodata.str1.1
                0x00000000008001ab       0x12 lib/SDC00/ASA_lib_SDC00.o
                                         0x13 (size before relaxing)
 *(.gnu.linkonce.r*)
                0x00000000008001be                . = ALIGN (0x2)
 *fill*         0x00000000008001bd        0x1 
                0x00000000008001be                _edata = .
                0x00000000008001be                PROVIDE (__data_end, .)

.bss            0x00000000008001be      0x6ad
                0x00000000008001be                PROVIDE (__bss_start, .)
 *(.bss)
 .bss           0x00000000008001be        0x0 e:/avr-gcc-7.2.0-x64-mingw/bin/../lib/gcc/avr/7.2.0/../../../../avr/lib/avr51/crtatmega128.o
 .bss           0x00000000008001be      0x192 2-2.o
                0x00000000008001be                y
                0x0000000000800286                u
                0x000000000080034e                j
 .bss           0x0000000000800350        0x0 lib/SDC00/diskio.o
 .bss           0x0000000000800350        0x0 lib/SDC00/ffunicode_avr.o
 .bss           0x0000000000800350        0x7 lib/SDC00/ff.o
 .bss           0x0000000000800357       0x2c lib/SDC00/ASA_lib_SDC00.o
                0x0000000000800357                LastFileIndex
                0x0000000000800359                EndPointOfFile
                0x000000000080035d                is_file_extcheck
                0x000000000080035e                SDC_State
                0x000000000080035f                FileID
 .bss           0x0000000000800383        0x9 lib/SDC00/mmc_avr_spi.o
 .bss           0x000000000080038c       0x18 lib/DAC00/ASA_Lib_DAC00.o
 .bss           0x00000000008003a4        0x0 lib/ASA_Lib_M128.o
 .bss           0x00000000008003a4        0x4 lib/ASA_Lib_HMI.o
                0x00000000008003a4                timeout_count
 .bss           0x00000000008003a8        0x0 e:/avr-gcc-7.2.0-x64-mingw/bin/../lib/gcc/avr/7.2.0/../../../../avr/lib/avr51\libm.a(addsf3.o)
 .bss           0x00000000008003a8        0x0 e:/avr-gcc-7.2.0-x64-mingw/bin/../lib/gcc/avr/7.2.0/../../../../avr/lib/avr51\libm.a(addsf3x.o)
 .bss           0x00000000008003a8        0x0 e:/avr-gcc-7.2.0-x64-mingw/bin/../lib/gcc/avr/7.2.0/../../../../avr/lib/avr51\libm.a(cos.o)
 .bss           0x00000000008003a8        0x0 e:/avr-gcc-7.2.0-x64-mingw/bin/../lib/gcc/avr/7.2.0/../../../../avr/lib/avr51\libm.a(fixunssfsi.o)
 .bss           0x00000000008003a8        0x0 e:/avr-gcc-7.2.0-x64-mingw/bin/../lib/gcc/avr/7.2.0/../../../../avr/lib/avr51\libm.a(floatsisf.o)
 .bss           0x00000000008003a8        0x0 e:/avr-gcc-7.2.0-x64-mingw/bin/../lib/gcc/avr/7.2.0/../../../../avr/lib/avr51\libm.a(fp_inf.o)
 .bss           0x00000000008003a8        0x0 e:/avr-gcc-7.2.0-x64-mingw/bin/../lib/gcc/avr/7.2.0/../../../../avr/lib/avr51\libm.a(fp_nan.o)
 .bss           0x00000000008003a8        0x0 e:/avr-gcc-7.2.0-x64-mingw/bin/../lib/gcc/avr/7.2.0/../../../../avr/lib/avr51\libm.a(fp_pscA.o)
 .bss           0x00000000008003a8        0x0 e:/avr-gcc-7.2.0-x64-mingw/bin/../lib/gcc/avr/7.2.0/../../../../avr/lib/avr51\libm.a(fp_pscB.o)
 .bss           0x00000000008003a8        0x0 e:/avr-gcc-7.2.0-x64-mingw/bin/../lib/gcc/avr/7.2.0/../../../../avr/lib/avr51\libm.a(fp_rempio2.o)
 .bss           0x00000000008003a8        0x0 e:/avr-gcc-7.2.0-x64-mingw/bin/../lib/gcc/avr/7.2.0/../../../../avr/lib/avr51\libm.a(fp_round.o)
 .bss           0x00000000008003a8        0x0 e:/avr-gcc-7.2.0-x64-mingw/bin/../lib/gcc/avr/7.2.0/../../../../avr/lib/avr51\libm.a(fp_sinus.o)
 .bss           0x00000000008003a8        0x0 e:/avr-gcc-7.2.0-x64-mingw/bin/../lib/gcc/avr/7.2.0/../../../../avr/lib/avr51\libm.a(fp_split3.o)
 .bss           0x00000000008003a8        0x0 e:/avr-gcc-7.2.0-x64-mingw/bin/../lib/gcc/avr/7.2.0/../../../../avr/lib/avr51\libm.a(fp_zero.o)
 .bss           0x00000000008003a8        0x0 e:/avr-gcc-7.2.0-x64-mingw/bin/../lib/gcc/avr/7.2.0/../../../../avr/lib/avr51\libm.a(mulsf3.o)
 .bss           0x00000000008003a8        0x0 e:/avr-gcc-7.2.0-x64-mingw/bin/../lib/gcc/avr/7.2.0/../../../../avr/lib/avr51\libm.a(mulsf3x.o)
 .bss           0x00000000008003a8        0x0 e:/avr-gcc-7.2.0-x64-mingw/bin/../lib/gcc/avr/7.2.0/../../../../avr/lib/avr51\libm.a(sin.o)
 .bss           0x00000000008003a8        0x0 e:/avr-gcc-7.2.0-x64-mingw/bin/../lib/gcc/avr/7.2.0/../../../../avr/lib/avr51\libm.a(fp_mpack.o)
 .bss           0x00000000008003a8        0x0 e:/avr-gcc-7.2.0-x64-mingw/bin/../lib/gcc/avr/7.2.0/../../../../avr/lib/avr51\libm.a(fp_powsodd.o)
 .bss           0x00000000008003a8        0x0 e:/avr-gcc-7.2.0-x64-mingw/bin/../lib/gcc/avr/7.2.0/../../../../avr/lib/avr51\libm.a(fp_powser.o)
 .bss           0x00000000008003a8        0x0 e:/avr-gcc-7.2.0-x64-mingw/bin/../lib/gcc/avr/7.2.0/../../../../avr/lib/avr51\libprintf_flt.a(vfprintf_flt.o)
 .bss           0x00000000008003a8        0x0 e:/avr-gcc-7.2.0-x64-mingw/bin/../lib/gcc/avr/7.2.0/../../../../avr/lib/avr51\libscanf_flt.a(vfscanf_flt.o)
 .bss           0x00000000008003a8        0x0 e:/avr-gcc-7.2.0-x64-mingw/bin/../lib/gcc/avr/7.2.0/avr51\libgcc.a(_udivmodsi4.o)
 .bss           0x00000000008003a8        0x0 e:/avr-gcc-7.2.0-x64-mingw/bin/../lib/gcc/avr/7.2.0/avr51\libgcc.a(_exit.o)
 .bss           0x00000000008003a8        0x0 e:/avr-gcc-7.2.0-x64-mingw/bin/../lib/gcc/avr/7.2.0/avr51\libgcc.a(_copy_data.o)
 .bss           0x00000000008003a8        0x0 e:/avr-gcc-7.2.0-x64-mingw/bin/../lib/gcc/avr/7.2.0/avr51\libgcc.a(_clear_bss.o)
 .bss           0x00000000008003a8        0x0 e:/avr-gcc-7.2.0-x64-mingw/bin/../lib/gcc/avr/7.2.0/avr51\libgcc.a(_muluhisi3.o)
 .bss           0x00000000008003a8        0x0 e:/avr-gcc-7.2.0-x64-mingw/bin/../lib/gcc/avr/7.2.0/avr51\libgcc.a(_umulhisi3.o)
 .bss           0x00000000008003a8        0x0 e:/avr-gcc-7.2.0-x64-mingw/bin/../lib/gcc/avr/7.2.0/../../../../avr/lib/avr51\libc.a(ftoa_engine.o)
 .bss           0x00000000008003a8        0x0 e:/avr-gcc-7.2.0-x64-mingw/bin/../lib/gcc/avr/7.2.0/../../../../avr/lib/avr51\libc.a(isspace.o)
 .bss           0x00000000008003a8        0x0 e:/avr-gcc-7.2.0-x64-mingw/bin/../lib/gcc/avr/7.2.0/../../../../avr/lib/avr51\libc.a(tolower.o)
 .bss           0x00000000008003a8        0x0 e:/avr-gcc-7.2.0-x64-mingw/bin/../lib/gcc/avr/7.2.0/../../../../avr/lib/avr51\libc.a(strchr_P.o)
 .bss           0x00000000008003a8        0x0 e:/avr-gcc-7.2.0-x64-mingw/bin/../lib/gcc/avr/7.2.0/../../../../avr/lib/avr51\libc.a(strnlen_P.o)
 .bss           0x00000000008003a8        0x0 e:/avr-gcc-7.2.0-x64-mingw/bin/../lib/gcc/avr/7.2.0/../../../../avr/lib/avr51\libc.a(strnlen.o)
 .bss           0x00000000008003a8        0x0 e:/avr-gcc-7.2.0-x64-mingw/bin/../lib/gcc/avr/7.2.0/../../../../avr/lib/avr51\libc.a(fgetc.o)
 .bss           0x00000000008003a8        0x0 e:/avr-gcc-7.2.0-x64-mingw/bin/../lib/gcc/avr/7.2.0/../../../../avr/lib/avr51\libc.a(fputc.o)
 .bss           0x00000000008003a8        0x0 e:/avr-gcc-7.2.0-x64-mingw/bin/../lib/gcc/avr/7.2.0/../../../../avr/lib/avr51\libc.a(iob.o)
 .bss           0x00000000008003a8        0x0 e:/avr-gcc-7.2.0-x64-mingw/bin/../lib/gcc/avr/7.2.0/../../../../avr/lib/avr51\libc.a(puts.o)
 .bss           0x00000000008003a8        0x0 e:/avr-gcc-7.2.0-x64-mingw/bin/../lib/gcc/avr/7.2.0/../../../../avr/lib/avr51\libc.a(scanf.o)
 .bss           0x00000000008003a8        0x0 e:/avr-gcc-7.2.0-x64-mingw/bin/../lib/gcc/avr/7.2.0/../../../../avr/lib/avr51\libc.a(sprintf.o)
 .bss           0x00000000008003a8        0x0 e:/avr-gcc-7.2.0-x64-mingw/bin/../lib/gcc/avr/7.2.0/../../../../avr/lib/avr51\libc.a(ungetc.o)
 .bss           0x00000000008003a8        0x0 e:/avr-gcc-7.2.0-x64-mingw/bin/../lib/gcc/avr/7.2.0/../../../../avr/lib/avr51\libc.a(ultoa_invert.o)
 .bss           0x00000000008003a8        0x0 e:/avr-gcc-7.2.0-x64-mingw/bin/../lib/gcc/avr/7.2.0/../../../../avr/lib/avr51\libc.a(cty_isfalse.o)
 *(.bss*)
 *(COMMON)
 COMMON         0x00000000008003a8      0x4bd lib/SDC00/ASA_lib_SDC00.o
                0x00000000008003a8                FatFs
                0x000000000080080e                FileObj
                0x0000000000800830                DirObj
                0x0000000000800858                FileName
 COMMON         0x0000000000800865        0x6 e:/avr-gcc-7.2.0-x64-mingw/bin/../lib/gcc/avr/7.2.0/../../../../avr/lib/avr51\libc.a(iob.o)
                0x0000000000800865                __iob
                0x000000000080086b                PROVIDE (__bss_end, .)
                0x0000000000007eb2                __data_load_start = LOADADDR (.data)
                0x0000000000007f70                __data_load_end = (__data_load_start + SIZEOF (.data))

.noinit         0x000000000080086b        0x0
                [!provide]                        PROVIDE (__noinit_start, .)
 *(.noinit*)
                [!provide]                        PROVIDE (__noinit_end, .)
                0x000000000080086b                _end = .
                [!provide]                        PROVIDE (__heap_start, .)

.eeprom         0x0000000000810000        0x0
 *(.eeprom*)
                0x0000000000810000                __eeprom_end = .

.fuse
 *(.fuse)
 *(.lfuse)
 *(.hfuse)
 *(.efuse)

.lock
 *(.lock*)

.signature
 *(.signature*)

.stab
 *(.stab)

.stabstr
 *(.stabstr)

.stab.excl
 *(.stab.excl)

.stab.exclstr
 *(.stab.exclstr)

.stab.index
 *(.stab.index)

.stab.indexstr
 *(.stab.indexstr)

.comment        0x0000000000000000       0x11
 *(.comment)
 .comment       0x0000000000000000       0x11 2-2.o
                                         0x12 (size before relaxing)
 .comment       0x0000000000000011       0x12 lib/SDC00/diskio.o
 .comment       0x0000000000000011       0x12 lib/SDC00/ffunicode_avr.o
 .comment       0x0000000000000011       0x12 lib/SDC00/ff.o
 .comment       0x0000000000000011       0x12 lib/SDC00/ASA_lib_SDC00.o
 .comment       0x0000000000000011       0x12 lib/SDC00/mmc_avr_spi.o
 .comment       0x0000000000000011       0x12 lib/DAC00/ASA_Lib_DAC00.o
 .comment       0x0000000000000011       0x12 lib/ASA_Lib_HMI.o
 .comment       0x0000000000000011       0x12 e:/avr-gcc-7.2.0-x64-mingw/bin/../lib/gcc/avr/7.2.0/../../../../avr/lib/avr51\libprintf_flt.a(vfprintf_flt.o)
 .comment       0x0000000000000011       0x12 e:/avr-gcc-7.2.0-x64-mingw/bin/../lib/gcc/avr/7.2.0/../../../../avr/lib/avr51\libscanf_flt.a(vfscanf_flt.o)
 .comment       0x0000000000000011       0x12 e:/avr-gcc-7.2.0-x64-mingw/bin/../lib/gcc/avr/7.2.0/../../../../avr/lib/avr51\libc.a(fgetc.o)
 .comment       0x0000000000000011       0x12 e:/avr-gcc-7.2.0-x64-mingw/bin/../lib/gcc/avr/7.2.0/../../../../avr/lib/avr51\libc.a(fputc.o)
 .comment       0x0000000000000011       0x12 e:/avr-gcc-7.2.0-x64-mingw/bin/../lib/gcc/avr/7.2.0/../../../../avr/lib/avr51\libc.a(iob.o)
 .comment       0x0000000000000011       0x12 e:/avr-gcc-7.2.0-x64-mingw/bin/../lib/gcc/avr/7.2.0/../../../../avr/lib/avr51\libc.a(puts.o)
 .comment       0x0000000000000011       0x12 e:/avr-gcc-7.2.0-x64-mingw/bin/../lib/gcc/avr/7.2.0/../../../../avr/lib/avr51\libc.a(scanf.o)
 .comment       0x0000000000000011       0x12 e:/avr-gcc-7.2.0-x64-mingw/bin/../lib/gcc/avr/7.2.0/../../../../avr/lib/avr51\libc.a(sprintf.o)
 .comment       0x0000000000000011       0x12 e:/avr-gcc-7.2.0-x64-mingw/bin/../lib/gcc/avr/7.2.0/../../../../avr/lib/avr51\libc.a(ungetc.o)

.note.gnu.avr.deviceinfo
                0x0000000000000000       0x3c
 .note.gnu.avr.deviceinfo
                0x0000000000000000       0x3c e:/avr-gcc-7.2.0-x64-mingw/bin/../lib/gcc/avr/7.2.0/../../../../avr/lib/avr51/crtatmega128.o

.note.gnu.build-id
 *(.note.gnu.build-id)

.debug
 *(.debug)

.line
 *(.line)

.debug_srcinfo
 *(.debug_srcinfo)

.debug_sfnames
 *(.debug_sfnames)

.debug_aranges  0x0000000000000000      0x1e0
 *(.debug_aranges)
 .debug_aranges
                0x0000000000000000       0x28 2-2.o
 .debug_aranges
                0x0000000000000028       0x20 lib/SDC00/diskio.o
 .debug_aranges
                0x0000000000000048       0x18 lib/SDC00/ffunicode_avr.o
 .debug_aranges
                0x0000000000000060       0x20 lib/SDC00/ff.o
 .debug_aranges
                0x0000000000000080       0x20 lib/SDC00/ASA_lib_SDC00.o
 .debug_aranges
                0x00000000000000a0       0x20 lib/SDC00/mmc_avr_spi.o
 .debug_aranges
                0x00000000000000c0       0x20 lib/DAC00/ASA_Lib_DAC00.o
 .debug_aranges
                0x00000000000000e0       0x20 lib/ASA_Lib_M128.o
 .debug_aranges
                0x0000000000000100       0x20 lib/ASA_Lib_HMI.o
 .debug_aranges
                0x0000000000000120       0x20 e:/avr-gcc-7.2.0-x64-mingw/bin/../lib/gcc/avr/7.2.0/avr51\libgcc.a(_udivmodsi4.o)
 .debug_aranges
                0x0000000000000140       0x20 e:/avr-gcc-7.2.0-x64-mingw/bin/../lib/gcc/avr/7.2.0/avr51\libgcc.a(_exit.o)
 .debug_aranges
                0x0000000000000160       0x20 e:/avr-gcc-7.2.0-x64-mingw/bin/../lib/gcc/avr/7.2.0/avr51\libgcc.a(_copy_data.o)
 .debug_aranges
                0x0000000000000180       0x20 e:/avr-gcc-7.2.0-x64-mingw/bin/../lib/gcc/avr/7.2.0/avr51\libgcc.a(_clear_bss.o)
 .debug_aranges
                0x00000000000001a0       0x20 e:/avr-gcc-7.2.0-x64-mingw/bin/../lib/gcc/avr/7.2.0/avr51\libgcc.a(_muluhisi3.o)
 .debug_aranges
                0x00000000000001c0       0x20 e:/avr-gcc-7.2.0-x64-mingw/bin/../lib/gcc/avr/7.2.0/avr51\libgcc.a(_umulhisi3.o)

.debug_pubnames
                0x0000000000000000       0x47
 *(.debug_pubnames)
 .debug_pubnames
                0x0000000000000000       0x47 lib/ASA_Lib_M128.o

.debug_info     0x0000000000000000     0x8a4d
 *(.debug_info .gnu.linkonce.wi.*)
 .debug_info    0x0000000000000000      0x780 e:/avr-gcc-7.2.0-x64-mingw/bin/../lib/gcc/avr/7.2.0/../../../../avr/lib/avr51/crtatmega128.o
 .debug_info    0x0000000000000780      0x3f6 2-2.o
 .debug_info    0x0000000000000b76      0x31d lib/SDC00/diskio.o
 .debug_info    0x0000000000000e93       0x6b lib/SDC00/ffunicode_avr.o
 .debug_info    0x0000000000000efe     0x5077 lib/SDC00/ff.o
 .debug_info    0x0000000000005f75      0xf1e lib/SDC00/ASA_lib_SDC00.o
 .debug_info    0x0000000000006e93      0xebe lib/SDC00/mmc_avr_spi.o
 .debug_info    0x0000000000007d51      0x39f lib/DAC00/ASA_Lib_DAC00.o
 .debug_info    0x00000000000080f0      0x1f3 lib/ASA_Lib_M128.o
 .debug_info    0x00000000000082e3      0x686 lib/ASA_Lib_HMI.o
 .debug_info    0x0000000000008969       0x26 e:/avr-gcc-7.2.0-x64-mingw/bin/../lib/gcc/avr/7.2.0/avr51\libgcc.a(_udivmodsi4.o)
 .debug_info    0x000000000000898f       0x26 e:/avr-gcc-7.2.0-x64-mingw/bin/../lib/gcc/avr/7.2.0/avr51\libgcc.a(_exit.o)
 .debug_info    0x00000000000089b5       0x26 e:/avr-gcc-7.2.0-x64-mingw/bin/../lib/gcc/avr/7.2.0/avr51\libgcc.a(_copy_data.o)
 .debug_info    0x00000000000089db       0x26 e:/avr-gcc-7.2.0-x64-mingw/bin/../lib/gcc/avr/7.2.0/avr51\libgcc.a(_clear_bss.o)
 .debug_info    0x0000000000008a01       0x26 e:/avr-gcc-7.2.0-x64-mingw/bin/../lib/gcc/avr/7.2.0/avr51\libgcc.a(_muluhisi3.o)
 .debug_info    0x0000000000008a27       0x26 e:/avr-gcc-7.2.0-x64-mingw/bin/../lib/gcc/avr/7.2.0/avr51\libgcc.a(_umulhisi3.o)

.debug_abbrev   0x0000000000000000     0x1933
 *(.debug_abbrev)
 .debug_abbrev  0x0000000000000000      0x718 e:/avr-gcc-7.2.0-x64-mingw/bin/../lib/gcc/avr/7.2.0/../../../../avr/lib/avr51/crtatmega128.o
 .debug_abbrev  0x0000000000000718      0x213 2-2.o
 .debug_abbrev  0x000000000000092b      0x112 lib/SDC00/diskio.o
 .debug_abbrev  0x0000000000000a3d       0x26 lib/SDC00/ffunicode_avr.o
 .debug_abbrev  0x0000000000000a63      0x3ba lib/SDC00/ff.o
 .debug_abbrev  0x0000000000000e1d      0x339 lib/SDC00/ASA_lib_SDC00.o
 .debug_abbrev  0x0000000000001156      0x32d lib/SDC00/mmc_avr_spi.o
 .debug_abbrev  0x0000000000001483      0x168 lib/DAC00/ASA_Lib_DAC00.o
 .debug_abbrev  0x00000000000015eb      0x116 lib/ASA_Lib_M128.o
 .debug_abbrev  0x0000000000001701      0x1ba lib/ASA_Lib_HMI.o
 .debug_abbrev  0x00000000000018bb       0x14 e:/avr-gcc-7.2.0-x64-mingw/bin/../lib/gcc/avr/7.2.0/avr51\libgcc.a(_udivmodsi4.o)
 .debug_abbrev  0x00000000000018cf       0x14 e:/avr-gcc-7.2.0-x64-mingw/bin/../lib/gcc/avr/7.2.0/avr51\libgcc.a(_exit.o)
 .debug_abbrev  0x00000000000018e3       0x14 e:/avr-gcc-7.2.0-x64-mingw/bin/../lib/gcc/avr/7.2.0/avr51\libgcc.a(_copy_data.o)
 .debug_abbrev  0x00000000000018f7       0x14 e:/avr-gcc-7.2.0-x64-mingw/bin/../lib/gcc/avr/7.2.0/avr51\libgcc.a(_clear_bss.o)
 .debug_abbrev  0x000000000000190b       0x14 e:/avr-gcc-7.2.0-x64-mingw/bin/../lib/gcc/avr/7.2.0/avr51\libgcc.a(_muluhisi3.o)
 .debug_abbrev  0x000000000000191f       0x14 e:/avr-gcc-7.2.0-x64-mingw/bin/../lib/gcc/avr/7.2.0/avr51\libgcc.a(_umulhisi3.o)

.debug_line     0x0000000000000000     0x42f7
 *(.debug_line .debug_line.* .debug_line_end)
 .debug_line    0x0000000000000000       0x1d e:/avr-gcc-7.2.0-x64-mingw/bin/../lib/gcc/avr/7.2.0/../../../../avr/lib/avr51/crtatmega128.o
 .debug_line    0x000000000000001d      0x1ac 2-2.o
 .debug_line    0x00000000000001c9       0xff lib/SDC00/diskio.o
 .debug_line    0x00000000000002c8       0x1d lib/SDC00/ffunicode_avr.o
 .debug_line    0x00000000000002e5     0x2860 lib/SDC00/ff.o
 .debug_line    0x0000000000002b45      0x51d lib/SDC00/ASA_lib_SDC00.o
 .debug_line    0x0000000000003062      0x7ee lib/SDC00/mmc_avr_spi.o
 .debug_line    0x0000000000003850      0x255 lib/DAC00/ASA_Lib_DAC00.o
 .debug_line    0x0000000000003aa5      0x130 lib/ASA_Lib_M128.o
 .debug_line    0x0000000000003bd5      0x338 lib/ASA_Lib_HMI.o
 .debug_line    0x0000000000003f0d      0x121 e:/avr-gcc-7.2.0-x64-mingw/bin/../lib/gcc/avr/7.2.0/avr51\libgcc.a(_udivmodsi4.o)
 .debug_line    0x000000000000402e       0x61 e:/avr-gcc-7.2.0-x64-mingw/bin/../lib/gcc/avr/7.2.0/avr51\libgcc.a(_exit.o)
 .debug_line    0x000000000000408f       0xa3 e:/avr-gcc-7.2.0-x64-mingw/bin/../lib/gcc/avr/7.2.0/avr51\libgcc.a(_copy_data.o)
 .debug_line    0x0000000000004132       0x85 e:/avr-gcc-7.2.0-x64-mingw/bin/../lib/gcc/avr/7.2.0/avr51\libgcc.a(_clear_bss.o)
 .debug_line    0x00000000000041b7       0x91 e:/avr-gcc-7.2.0-x64-mingw/bin/../lib/gcc/avr/7.2.0/avr51\libgcc.a(_muluhisi3.o)
 .debug_line    0x0000000000004248       0xaf e:/avr-gcc-7.2.0-x64-mingw/bin/../lib/gcc/avr/7.2.0/avr51\libgcc.a(_umulhisi3.o)

.debug_frame    0x0000000000000000     0x13f8
 *(.debug_frame)
 .debug_frame   0x0000000000000000       0xa0 2-2.o
 .debug_frame   0x00000000000000a0       0x8c lib/SDC00/diskio.o
 .debug_frame   0x000000000000012c      0xd58 lib/SDC00/ff.o
 .debug_frame   0x0000000000000e84      0x148 lib/SDC00/ASA_lib_SDC00.o
 .debug_frame   0x0000000000000fcc      0x1c8 lib/SDC00/mmc_avr_spi.o
 .debug_frame   0x0000000000001194       0xcc lib/DAC00/ASA_Lib_DAC00.o
 .debug_frame   0x0000000000001260       0x40 lib/ASA_Lib_M128.o
 .debug_frame   0x00000000000012a0      0x158 lib/ASA_Lib_HMI.o

.debug_str      0x0000000000000000     0x1005
 *(.debug_str)
 .debug_str     0x0000000000000000      0x27d e:/avr-gcc-7.2.0-x64-mingw/bin/../lib/gcc/avr/7.2.0/../../../../avr/lib/avr51/crtatmega128.o
 .debug_str     0x000000000000027d      0x178 2-2.o
                                        0x1c0 (size before relaxing)
 .debug_str     0x00000000000003f5       0xf0 lib/SDC00/diskio.o
                                        0x238 (size before relaxing)
 .debug_str     0x00000000000004e5       0x1a lib/SDC00/ffunicode_avr.o
                                        0x148 (size before relaxing)
 .debug_str     0x00000000000004ff      0x5d7 lib/SDC00/ff.o
                                        0x7be (size before relaxing)
 .debug_str     0x0000000000000ad6      0x1fe lib/SDC00/ASA_lib_SDC00.o
                                        0x5fc (size before relaxing)
 .debug_str     0x0000000000000cd4       0xce lib/SDC00/mmc_avr_spi.o
                                        0x2ee (size before relaxing)
 .debug_str     0x0000000000000da2       0x6e lib/DAC00/ASA_Lib_DAC00.o
                                        0x1f7 (size before relaxing)
 .debug_str     0x0000000000000e10       0x74 lib/ASA_Lib_M128.o
                                        0x119 (size before relaxing)
 .debug_str     0x0000000000000e84      0x122 lib/ASA_Lib_HMI.o
                                        0x2be (size before relaxing)
 .debug_str     0x0000000000000fa6       0x5f e:/avr-gcc-7.2.0-x64-mingw/bin/../lib/gcc/avr/7.2.0/avr51\libgcc.a(_udivmodsi4.o)
 .debug_str     0x0000000000001005       0x5f e:/avr-gcc-7.2.0-x64-mingw/bin/../lib/gcc/avr/7.2.0/avr51\libgcc.a(_exit.o)
 .debug_str     0x0000000000001005       0x5f e:/avr-gcc-7.2.0-x64-mingw/bin/../lib/gcc/avr/7.2.0/avr51\libgcc.a(_copy_data.o)
 .debug_str     0x0000000000001005       0x5f e:/avr-gcc-7.2.0-x64-mingw/bin/../lib/gcc/avr/7.2.0/avr51\libgcc.a(_clear_bss.o)
 .debug_str     0x0000000000001005       0x5f e:/avr-gcc-7.2.0-x64-mingw/bin/../lib/gcc/avr/7.2.0/avr51\libgcc.a(_muluhisi3.o)
 .debug_str     0x0000000000001005       0x5f e:/avr-gcc-7.2.0-x64-mingw/bin/../lib/gcc/avr/7.2.0/avr51\libgcc.a(_umulhisi3.o)

.debug_loc      0x0000000000000000     0xb5fa
 *(.debug_loc)
 .debug_loc     0x0000000000000000      0x182 2-2.o
 .debug_loc     0x0000000000000182      0x37d lib/SDC00/diskio.o
 .debug_loc     0x00000000000004ff     0x87fd lib/SDC00/ff.o
 .debug_loc     0x0000000000008cfc      0xa38 lib/SDC00/ASA_lib_SDC00.o
 .debug_loc     0x0000000000009734      0xfa6 lib/SDC00/mmc_avr_spi.o
 .debug_loc     0x000000000000a6da      0x544 lib/DAC00/ASA_Lib_DAC00.o
 .debug_loc     0x000000000000ac1e       0x6e lib/ASA_Lib_M128.o
 .debug_loc     0x000000000000ac8c      0x96e lib/ASA_Lib_HMI.o

.debug_macinfo
 *(.debug_macinfo)

.debug_weaknames
 *(.debug_weaknames)

.debug_funcnames
 *(.debug_funcnames)

.debug_typenames
 *(.debug_typenames)

.debug_varnames
 *(.debug_varnames)

.debug_pubtypes
 *(.debug_pubtypes)

.debug_ranges   0x0000000000000000      0x180
 *(.debug_ranges)
 .debug_ranges  0x0000000000000000       0x18 2-2.o
 .debug_ranges  0x0000000000000018       0xb8 lib/SDC00/ff.o
 .debug_ranges  0x00000000000000d0       0xb0 lib/SDC00/ASA_lib_SDC00.o

.debug_macro
 *(.debug_macro)

.debug_addr
 *(.debug_addr)
OUTPUT(2-2.elf elf32-avr)
LOAD linker stubs
