Archive member included to satisfy reference by file (symbol)

e:/avr-gcc-7.2.0-x64-mingw/bin/../lib/gcc/avr/7.2.0/../../../../avr/lib/avr51\libm.a(addsf3.o)
                              2-3.o (__addsf3)
e:/avr-gcc-7.2.0-x64-mingw/bin/../lib/gcc/avr/7.2.0/../../../../avr/lib/avr51\libm.a(addsf3x.o)
                              e:/avr-gcc-7.2.0-x64-mingw/bin/../lib/gcc/avr/7.2.0/../../../../avr/lib/avr51\libm.a(addsf3.o) (__addsf3x)
e:/avr-gcc-7.2.0-x64-mingw/bin/../lib/gcc/avr/7.2.0/../../../../avr/lib/avr51\libm.a(cos.o)
                              2-3.o (cos)
e:/avr-gcc-7.2.0-x64-mingw/bin/../lib/gcc/avr/7.2.0/../../../../avr/lib/avr51\libm.a(fixunssfsi.o)
                              2-3.o (__fixunssfsi)
e:/avr-gcc-7.2.0-x64-mingw/bin/../lib/gcc/avr/7.2.0/../../../../avr/lib/avr51\libm.a(floatsisf.o)
                              2-3.o (__floatsisf)
e:/avr-gcc-7.2.0-x64-mingw/bin/../lib/gcc/avr/7.2.0/../../../../avr/lib/avr51\libm.a(fp_inf.o)
                              e:/avr-gcc-7.2.0-x64-mingw/bin/../lib/gcc/avr/7.2.0/../../../../avr/lib/avr51\libm.a(addsf3x.o) (__fp_inf)
e:/avr-gcc-7.2.0-x64-mingw/bin/../lib/gcc/avr/7.2.0/../../../../avr/lib/avr51\libm.a(fp_nan.o)
                              e:/avr-gcc-7.2.0-x64-mingw/bin/../lib/gcc/avr/7.2.0/../../../../avr/lib/avr51\libm.a(addsf3x.o) (__fp_nan)
e:/avr-gcc-7.2.0-x64-mingw/bin/../lib/gcc/avr/7.2.0/../../../../avr/lib/avr51\libm.a(fp_pscA.o)
                              e:/avr-gcc-7.2.0-x64-mingw/bin/../lib/gcc/avr/7.2.0/../../../../avr/lib/avr51\libm.a(addsf3x.o) (__fp_pscA)
e:/avr-gcc-7.2.0-x64-mingw/bin/../lib/gcc/avr/7.2.0/../../../../avr/lib/avr51\libm.a(fp_pscB.o)
                              e:/avr-gcc-7.2.0-x64-mingw/bin/../lib/gcc/avr/7.2.0/../../../../avr/lib/avr51\libm.a(addsf3x.o) (__fp_pscB)
e:/avr-gcc-7.2.0-x64-mingw/bin/../lib/gcc/avr/7.2.0/../../../../avr/lib/avr51\libm.a(fp_rempio2.o)
                              e:/avr-gcc-7.2.0-x64-mingw/bin/../lib/gcc/avr/7.2.0/../../../../avr/lib/avr51\libm.a(cos.o) (__fp_rempio2)
e:/avr-gcc-7.2.0-x64-mingw/bin/../lib/gcc/avr/7.2.0/../../../../avr/lib/avr51\libm.a(fp_round.o)
                              e:/avr-gcc-7.2.0-x64-mingw/bin/../lib/gcc/avr/7.2.0/../../../../avr/lib/avr51\libm.a(addsf3.o) (__fp_round)
e:/avr-gcc-7.2.0-x64-mingw/bin/../lib/gcc/avr/7.2.0/../../../../avr/lib/avr51\libm.a(fp_sinus.o)
                              e:/avr-gcc-7.2.0-x64-mingw/bin/../lib/gcc/avr/7.2.0/../../../../avr/lib/avr51\libm.a(cos.o) (__fp_sinus)
e:/avr-gcc-7.2.0-x64-mingw/bin/../lib/gcc/avr/7.2.0/../../../../avr/lib/avr51\libm.a(fp_split3.o)
                              e:/avr-gcc-7.2.0-x64-mingw/bin/../lib/gcc/avr/7.2.0/../../../../avr/lib/avr51\libm.a(addsf3x.o) (__fp_split3)
e:/avr-gcc-7.2.0-x64-mingw/bin/../lib/gcc/avr/7.2.0/../../../../avr/lib/avr51\libm.a(fp_zero.o)
                              e:/avr-gcc-7.2.0-x64-mingw/bin/../lib/gcc/avr/7.2.0/../../../../avr/lib/avr51\libm.a(addsf3x.o) (__fp_zero)
e:/avr-gcc-7.2.0-x64-mingw/bin/../lib/gcc/avr/7.2.0/../../../../avr/lib/avr51\libm.a(mulsf3.o)
                              2-3.o (__mulsf3)
e:/avr-gcc-7.2.0-x64-mingw/bin/../lib/gcc/avr/7.2.0/../../../../avr/lib/avr51\libm.a(mulsf3x.o)
                              e:/avr-gcc-7.2.0-x64-mingw/bin/../lib/gcc/avr/7.2.0/../../../../avr/lib/avr51\libm.a(mulsf3.o) (__mulsf3x)
e:/avr-gcc-7.2.0-x64-mingw/bin/../lib/gcc/avr/7.2.0/../../../../avr/lib/avr51\libm.a(sin.o)
                              2-3.o (sin)
e:/avr-gcc-7.2.0-x64-mingw/bin/../lib/gcc/avr/7.2.0/../../../../avr/lib/avr51\libm.a(fp_mpack.o)
                              e:/avr-gcc-7.2.0-x64-mingw/bin/../lib/gcc/avr/7.2.0/../../../../avr/lib/avr51\libm.a(fp_rempio2.o) (__fp_mpack_finite)
e:/avr-gcc-7.2.0-x64-mingw/bin/../lib/gcc/avr/7.2.0/../../../../avr/lib/avr51\libm.a(fp_powsodd.o)
                              e:/avr-gcc-7.2.0-x64-mingw/bin/../lib/gcc/avr/7.2.0/../../../../avr/lib/avr51\libm.a(fp_sinus.o) (__fp_powsodd)
e:/avr-gcc-7.2.0-x64-mingw/bin/../lib/gcc/avr/7.2.0/../../../../avr/lib/avr51\libm.a(fp_powser.o)
                              e:/avr-gcc-7.2.0-x64-mingw/bin/../lib/gcc/avr/7.2.0/../../../../avr/lib/avr51\libm.a(fp_powsodd.o) (__fp_powser)
e:/avr-gcc-7.2.0-x64-mingw/bin/../lib/gcc/avr/7.2.0/../../../../avr/lib/avr51\libprintf_flt.a(vfprintf_flt.o)
                              (vfprintf)
e:/avr-gcc-7.2.0-x64-mingw/bin/../lib/gcc/avr/7.2.0/../../../../avr/lib/avr51\libscanf_flt.a(vfscanf_flt.o)
                              (vfscanf)
e:/avr-gcc-7.2.0-x64-mingw/bin/../lib/gcc/avr/7.2.0/avr51\libgcc.a(_divmodhi4.o)
                              2-3.o (__divmodhi4)
e:/avr-gcc-7.2.0-x64-mingw/bin/../lib/gcc/avr/7.2.0/avr51\libgcc.a(_udivmodsi4.o)
                              lib/SDC00/ff.o (__udivmodsi4)
e:/avr-gcc-7.2.0-x64-mingw/bin/../lib/gcc/avr/7.2.0/avr51\libgcc.a(_exit.o)
                              e:/avr-gcc-7.2.0-x64-mingw/bin/../lib/gcc/avr/7.2.0/../../../../avr/lib/avr51/crtatmega128.o (exit)
e:/avr-gcc-7.2.0-x64-mingw/bin/../lib/gcc/avr/7.2.0/avr51\libgcc.a(_copy_data.o)
                              2-3.o (__do_copy_data)
e:/avr-gcc-7.2.0-x64-mingw/bin/../lib/gcc/avr/7.2.0/avr51\libgcc.a(_clear_bss.o)
                              2-3.o (__do_clear_bss)
e:/avr-gcc-7.2.0-x64-mingw/bin/../lib/gcc/avr/7.2.0/avr51\libgcc.a(_muluhisi3.o)
                              lib/SDC00/ff.o (__muluhisi3)
e:/avr-gcc-7.2.0-x64-mingw/bin/../lib/gcc/avr/7.2.0/avr51\libgcc.a(_udivmodhi4.o)
                              e:/avr-gcc-7.2.0-x64-mingw/bin/../lib/gcc/avr/7.2.0/avr51\libgcc.a(_divmodhi4.o) (__udivmodhi4)
e:/avr-gcc-7.2.0-x64-mingw/bin/../lib/gcc/avr/7.2.0/avr51\libgcc.a(_umulhisi3.o)
                              e:/avr-gcc-7.2.0-x64-mingw/bin/../lib/gcc/avr/7.2.0/avr51\libgcc.a(_muluhisi3.o) (__umulhisi3)
e:/avr-gcc-7.2.0-x64-mingw/bin/../lib/gcc/avr/7.2.0/../../../../avr/lib/avr51\libc.a(ftoa_engine.o)
                              e:/avr-gcc-7.2.0-x64-mingw/bin/../lib/gcc/avr/7.2.0/../../../../avr/lib/avr51\libprintf_flt.a(vfprintf_flt.o) (__ftoa_engine)
e:/avr-gcc-7.2.0-x64-mingw/bin/../lib/gcc/avr/7.2.0/../../../../avr/lib/avr51\libc.a(isspace.o)
                              e:/avr-gcc-7.2.0-x64-mingw/bin/../lib/gcc/avr/7.2.0/../../../../avr/lib/avr51\libscanf_flt.a(vfscanf_flt.o) (isspace)
e:/avr-gcc-7.2.0-x64-mingw/bin/../lib/gcc/avr/7.2.0/../../../../avr/lib/avr51\libc.a(tolower.o)
                              e:/avr-gcc-7.2.0-x64-mingw/bin/../lib/gcc/avr/7.2.0/../../../../avr/lib/avr51\libscanf_flt.a(vfscanf_flt.o) (tolower)
e:/avr-gcc-7.2.0-x64-mingw/bin/../lib/gcc/avr/7.2.0/../../../../avr/lib/avr51\libc.a(strchr_P.o)
                              e:/avr-gcc-7.2.0-x64-mingw/bin/../lib/gcc/avr/7.2.0/../../../../avr/lib/avr51\libscanf_flt.a(vfscanf_flt.o) (strchr_P)
e:/avr-gcc-7.2.0-x64-mingw/bin/../lib/gcc/avr/7.2.0/../../../../avr/lib/avr51\libc.a(strnlen_P.o)
                              e:/avr-gcc-7.2.0-x64-mingw/bin/../lib/gcc/avr/7.2.0/../../../../avr/lib/avr51\libprintf_flt.a(vfprintf_flt.o) (strnlen_P)
e:/avr-gcc-7.2.0-x64-mingw/bin/../lib/gcc/avr/7.2.0/../../../../avr/lib/avr51\libc.a(strnlen.o)
                              e:/avr-gcc-7.2.0-x64-mingw/bin/../lib/gcc/avr/7.2.0/../../../../avr/lib/avr51\libprintf_flt.a(vfprintf_flt.o) (strnlen)
e:/avr-gcc-7.2.0-x64-mingw/bin/../lib/gcc/avr/7.2.0/../../../../avr/lib/avr51\libc.a(fgetc.o)
                              e:/avr-gcc-7.2.0-x64-mingw/bin/../lib/gcc/avr/7.2.0/../../../../avr/lib/avr51\libscanf_flt.a(vfscanf_flt.o) (fgetc)
e:/avr-gcc-7.2.0-x64-mingw/bin/../lib/gcc/avr/7.2.0/../../../../avr/lib/avr51\libc.a(fputc.o)
                              e:/avr-gcc-7.2.0-x64-mingw/bin/../lib/gcc/avr/7.2.0/../../../../avr/lib/avr51\libprintf_flt.a(vfprintf_flt.o) (fputc)
e:/avr-gcc-7.2.0-x64-mingw/bin/../lib/gcc/avr/7.2.0/../../../../avr/lib/avr51\libc.a(iob.o)
                              lib/ASA_Lib_M128.o (__iob)
e:/avr-gcc-7.2.0-x64-mingw/bin/../lib/gcc/avr/7.2.0/../../../../avr/lib/avr51\libc.a(printf.o)
                              2-3.o (printf)
e:/avr-gcc-7.2.0-x64-mingw/bin/../lib/gcc/avr/7.2.0/../../../../avr/lib/avr51\libc.a(puts.o)
                              2-3.o (puts)
e:/avr-gcc-7.2.0-x64-mingw/bin/../lib/gcc/avr/7.2.0/../../../../avr/lib/avr51\libc.a(scanf.o)
                              2-3.o (scanf)
e:/avr-gcc-7.2.0-x64-mingw/bin/../lib/gcc/avr/7.2.0/../../../../avr/lib/avr51\libc.a(sprintf.o)
                              lib/SDC00/ASA_lib_SDC00.o (sprintf)
e:/avr-gcc-7.2.0-x64-mingw/bin/../lib/gcc/avr/7.2.0/../../../../avr/lib/avr51\libc.a(ungetc.o)
                              e:/avr-gcc-7.2.0-x64-mingw/bin/../lib/gcc/avr/7.2.0/../../../../avr/lib/avr51\libscanf_flt.a(vfscanf_flt.o) (ungetc)
e:/avr-gcc-7.2.0-x64-mingw/bin/../lib/gcc/avr/7.2.0/../../../../avr/lib/avr51\libc.a(ultoa_invert.o)
                              e:/avr-gcc-7.2.0-x64-mingw/bin/../lib/gcc/avr/7.2.0/../../../../avr/lib/avr51\libprintf_flt.a(vfprintf_flt.o) (__ultoa_invert)
e:/avr-gcc-7.2.0-x64-mingw/bin/../lib/gcc/avr/7.2.0/../../../../avr/lib/avr51\libc.a(cty_isfalse.o)
                              e:/avr-gcc-7.2.0-x64-mingw/bin/../lib/gcc/avr/7.2.0/../../../../avr/lib/avr51\libc.a(isspace.o) (__ctype_isfalse)

Allocating common symbols
Common symbol       size              file

FatFs               0x466             lib/SDC00/ASA_lib_SDC00.o
FileObj             0x22              lib/SDC00/ASA_lib_SDC00.o
DirObj              0x28              lib/SDC00/ASA_lib_SDC00.o
FileName            0xd               lib/SDC00/ASA_lib_SDC00.o
__iob               0x6               e:/avr-gcc-7.2.0-x64-mingw/bin/../lib/gcc/avr/7.2.0/../../../../avr/lib/avr51\libc.a(iob.o)

Memory Configuration

Name             Origin             Length             Attributes
text             0x0000000000000000 0x0000000000020000 xr
data             0x0000000000800100 0x000000000000ff00 rw !x
eeprom           0x0000000000810000 0x0000000000010000 rw !x
fuse             0x0000000000820000 0x0000000000000400 rw !x
lock             0x0000000000830000 0x0000000000000400 rw !x
signature        0x0000000000840000 0x0000000000000400 rw !x
user_signatures  0x0000000000850000 0x0000000000000400 rw !x
*default*        0x0000000000000000 0xffffffffffffffff

Linker script and memory map

Address of section .data set to 0x800100
LOAD e:/avr-gcc-7.2.0-x64-mingw/bin/../lib/gcc/avr/7.2.0/../../../../avr/lib/avr51/crtatmega128.o
LOAD 2-3.o
LOAD lib/SDC00/diskio.o
LOAD lib/SDC00/ffunicode_avr.o
LOAD lib/SDC00/ff.o
LOAD lib/SDC00/ASA_lib_SDC00.o
LOAD lib/SDC00/mmc_avr_spi.o
LOAD lib/DAC00/ASA_Lib_DAC00.o
LOAD lib/ASA_Lib_M128.o
LOAD lib/ASA_Lib_HMI.o
LOAD e:/avr-gcc-7.2.0-x64-mingw/bin/../lib/gcc/avr/7.2.0/../../../../avr/lib/avr51\libm.a
LOAD e:/avr-gcc-7.2.0-x64-mingw/bin/../lib/gcc/avr/7.2.0/../../../../avr/lib/avr51\libprintf_flt.a
LOAD e:/avr-gcc-7.2.0-x64-mingw/bin/../lib/gcc/avr/7.2.0/../../../../avr/lib/avr51\libscanf_flt.a
START GROUP
LOAD e:/avr-gcc-7.2.0-x64-mingw/bin/../lib/gcc/avr/7.2.0/avr51\libgcc.a
LOAD e:/avr-gcc-7.2.0-x64-mingw/bin/../lib/gcc/avr/7.2.0/../../../../avr/lib/avr51\libm.a
LOAD e:/avr-gcc-7.2.0-x64-mingw/bin/../lib/gcc/avr/7.2.0/../../../../avr/lib/avr51\libc.a
LOAD e:/avr-gcc-7.2.0-x64-mingw/bin/../lib/gcc/avr/7.2.0/../../../../avr/lib/avr51\libatmega128.a
END GROUP
                0x0000000000020000                __TEXT_REGION_LENGTH__ = DEFINED (__TEXT_REGION_LENGTH__)?__TEXT_REGION_LENGTH__:0x20000
                0x000000000000ff00                __DATA_REGION_LENGTH__ = DEFINED (__DATA_REGION_LENGTH__)?__DATA_REGION_LENGTH__:0xff00
                0x0000000000010000                __EEPROM_REGION_LENGTH__ = DEFINED (__EEPROM_REGION_LENGTH__)?__EEPROM_REGION_LENGTH__:0x10000
                0x0000000000000400                __FUSE_REGION_LENGTH__ = DEFINED (__FUSE_REGION_LENGTH__)?__FUSE_REGION_LENGTH__:0x400
                0x0000000000000400                __LOCK_REGION_LENGTH__ = DEFINED (__LOCK_REGION_LENGTH__)?__LOCK_REGION_LENGTH__:0x400
                0x0000000000000400                __SIGNATURE_REGION_LENGTH__ = DEFINED (__SIGNATURE_REGION_LENGTH__)?__SIGNATURE_REGION_LENGTH__:0x400
                0x0000000000000400                __USER_SIGNATURE_REGION_LENGTH__ = DEFINED (__USER_SIGNATURE_REGION_LENGTH__)?__USER_SIGNATURE_REGION_LENGTH__:0x400

.hash
 *(.hash)

.dynsym
 *(.dynsym)

.dynstr
 *(.dynstr)

.gnu.version
 *(.gnu.version)

.gnu.version_d
 *(.gnu.version_d)

.gnu.version_r
 *(.gnu.version_r)

.rel.init
 *(.rel.init)

.rela.init
 *(.rela.init)

.rel.text
 *(.rel.text)
 *(.rel.text.*)
 *(.rel.gnu.linkonce.t*)

.rela.text
 *(.rela.text)
 *(.rela.text.*)
 *(.rela.gnu.linkonce.t*)

.rel.fini
 *(.rel.fini)

.rela.fini
 *(.rela.fini)

.rel.rodata
 *(.rel.rodata)
 *(.rel.rodata.*)
 *(.rel.gnu.linkonce.r*)

.rela.rodata
 *(.rela.rodata)
 *(.rela.rodata.*)
 *(.rela.gnu.linkonce.r*)

.rel.data
 *(.rel.data)
 *(.rel.data.*)
 *(.rel.gnu.linkonce.d*)

.rela.data
 *(.rela.data)
 *(.rela.data.*)
 *(.rela.gnu.linkonce.d*)

.rel.ctors
 *(.rel.ctors)

.rela.ctors
 *(.rela.ctors)

.rel.dtors
 *(.rel.dtors)

.rela.dtors
 *(.rela.dtors)

.rel.got
 *(.rel.got)

.rela.got
 *(.rela.got)

.rel.bss
 *(.rel.bss)

.rela.bss
 *(.rela.bss)

.rel.plt
 *(.rel.plt)

.rela.plt
 *(.rela.plt)

.text           0x0000000000000000     0x81d2
 *(.vectors)
 .vectors       0x0000000000000000       0x8c e:/avr-gcc-7.2.0-x64-mingw/bin/../lib/gcc/avr/7.2.0/../../../../avr/lib/avr51/crtatmega128.o
                0x0000000000000000                __vector_default
                0x0000000000000000                __vectors
 *(.vectors)
 *(.progmem.gcc*)
 .progmem.gcc_fplib
                0x000000000000008c       0x1e e:/avr-gcc-7.2.0-x64-mingw/bin/../lib/gcc/avr/7.2.0/../../../../avr/lib/avr51\libm.a(fp_sinus.o)
                0x00000000000000aa                . = ALIGN (0x2)
                0x00000000000000aa                __trampolines_start = .
 *(.trampolines)
 .trampolines   0x00000000000000aa        0x0 linker stubs
 *(.trampolines*)
                0x00000000000000aa                __trampolines_end = .
 *libprintf_flt.a:*(.progmem.data)
 .progmem.data  0x00000000000000aa        0x8 e:/avr-gcc-7.2.0-x64-mingw/bin/../lib/gcc/avr/7.2.0/../../../../avr/lib/avr51\libprintf_flt.a(vfprintf_flt.o)
 *libc.a:*(.progmem.data)
 .progmem.data  0x00000000000000b2       0xfa e:/avr-gcc-7.2.0-x64-mingw/bin/../lib/gcc/avr/7.2.0/../../../../avr/lib/avr51\libc.a(ftoa_engine.o)
 *(.progmem*)
 .progmem.data  0x00000000000001ac       0x4d e:/avr-gcc-7.2.0-x64-mingw/bin/../lib/gcc/avr/7.2.0/../../../../avr/lib/avr51\libscanf_flt.a(vfscanf_flt.o)
                0x00000000000001fa                . = ALIGN (0x2)
 *fill*         0x00000000000001f9        0x1 
 *(.lowtext)
 *(.lowtext*)
                0x00000000000001fa                __ctors_start = .
 *(.ctors)
                0x00000000000001fa                __ctors_end = .
                0x00000000000001fa                __dtors_start = .
 *(.dtors)
                0x00000000000001fa                __dtors_end = .
 SORT(*)(.ctors)
 SORT(*)(.dtors)
 *(.init0)
 .init0         0x00000000000001fa        0x0 e:/avr-gcc-7.2.0-x64-mingw/bin/../lib/gcc/avr/7.2.0/../../../../avr/lib/avr51/crtatmega128.o
                0x00000000000001fa                __init
 *(.init0)
 *(.init1)
 *(.init1)
 *(.init2)
 .init2         0x00000000000001fa        0xc e:/avr-gcc-7.2.0-x64-mingw/bin/../lib/gcc/avr/7.2.0/../../../../avr/lib/avr51/crtatmega128.o
 *(.init2)
 *(.init3)
 *(.init3)
 *(.init4)
 .init4         0x0000000000000206       0x1a e:/avr-gcc-7.2.0-x64-mingw/bin/../lib/gcc/avr/7.2.0/avr51\libgcc.a(_copy_data.o)
                0x0000000000000206                __do_copy_data
 .init4         0x0000000000000220       0x10 e:/avr-gcc-7.2.0-x64-mingw/bin/../lib/gcc/avr/7.2.0/avr51\libgcc.a(_clear_bss.o)
                0x0000000000000220                __do_clear_bss
 *(.init4)
 *(.init5)
 *(.init5)
 *(.init6)
 *(.init6)
 *(.init7)
 *(.init7)
 *(.init8)
 *(.init8)
 *(.init9)
 .init9         0x0000000000000230        0x8 e:/avr-gcc-7.2.0-x64-mingw/bin/../lib/gcc/avr/7.2.0/../../../../avr/lib/avr51/crtatmega128.o
 *(.init9)
 *(.text)
 .text          0x0000000000000238        0x4 e:/avr-gcc-7.2.0-x64-mingw/bin/../lib/gcc/avr/7.2.0/../../../../avr/lib/avr51/crtatmega128.o
                0x0000000000000238                __vector_22
                0x0000000000000238                __vector_28
                0x0000000000000238                __vector_1
                0x0000000000000238                __vector_32
                0x0000000000000238                __vector_34
                0x0000000000000238                __vector_24
                0x0000000000000238                __vector_12
                0x0000000000000238                __bad_interrupt
                0x0000000000000238                __vector_6
                0x0000000000000238                __vector_31
                0x0000000000000238                __vector_3
                0x0000000000000238                __vector_23
                0x0000000000000238                __vector_30
                0x0000000000000238                __vector_25
                0x0000000000000238                __vector_11
                0x0000000000000238                __vector_13
                0x0000000000000238                __vector_17
                0x0000000000000238                __vector_19
                0x0000000000000238                __vector_7
                0x0000000000000238                __vector_27
                0x0000000000000238                __vector_5
                0x0000000000000238                __vector_33
                0x0000000000000238                __vector_4
                0x0000000000000238                __vector_9
                0x0000000000000238                __vector_2
                0x0000000000000238                __vector_21
                0x0000000000000238                __vector_29
                0x0000000000000238                __vector_8
                0x0000000000000238                __vector_26
                0x0000000000000238                __vector_14
                0x0000000000000238                __vector_10
                0x0000000000000238                __vector_16
                0x0000000000000238                __vector_18
                0x0000000000000238                __vector_20
 .text          0x000000000000023c      0x2d0 2-3.o
                0x000000000000023c                FIFO_ini
                0x000000000000024a                fifo_pop
                0x00000000000002ae                fifo_push
                0x000000000000032a                __vector_15
                0x0000000000000430                SDCclose
                0x000000000000048e                SDCopen
 .text          0x000000000000050c       0x72 lib/SDC00/diskio.o
                0x000000000000050c                disk_status
                0x0000000000000518                disk_initialize
                0x0000000000000524                disk_read
                0x0000000000000546                disk_write
                0x0000000000000568                disk_ioctl
                0x000000000000057a                disk_timerproc
 .text          0x000000000000057e        0x0 lib/SDC00/ffunicode_avr.o
 .text          0x000000000000057e     0x4978 lib/SDC00/ff.o
                0x0000000000001eda                f_mount
                0x0000000000001f5c                f_open
                0x000000000000228a                f_read
                0x000000000000252a                f_write
                0x0000000000002966                f_sync
                0x0000000000002a12                f_close
                0x0000000000002a4e                f_chdrive
                0x0000000000002a7c                f_chdir
                0x0000000000002b28                f_getcwd
                0x0000000000002d3a                f_lseek
                0x0000000000003076                f_opendir
                0x000000000000312c                f_closedir
                0x000000000000315e                f_readdir
                0x00000000000031d0                f_stat
                0x000000000000324c                f_getfree
                0x0000000000003442                f_truncate
                0x0000000000003546                f_unlink
                0x00000000000036ae                f_mkdir
                0x00000000000038ac                f_rename
                0x0000000000003ac6                f_chmod
                0x0000000000003b50                f_utime
                0x0000000000003bf2                f_getlabel
                0x0000000000003d08                f_setlabel
                0x0000000000003f5c                f_mkfs
                0x0000000000004a3e                f_gets
                0x0000000000004ada                f_putc
                0x0000000000004b22                f_puts
                0x0000000000004b7a                f_printf
 .text          0x0000000000004ef6      0x546 lib/SDC00/ASA_lib_SDC00.o
                0x0000000000004ef6                ASA_ID_check
                0x0000000000004f02                ASA_ID_set
                0x0000000000004f26                ASA_SDC00_Select
                0x0000000000004f3e                ASA_SDC00_Deselect
                0x0000000000004f58                ASA_SDC00_Init
                0x0000000000004fda                ASA_SDC00_set
                0x00000000000050f8                ASA_SDC00_put
                0x000000000000528e                check_info
                0x00000000000052fa                ASA_SDC00_get
 .text          0x000000000000543c      0xd0e lib/SDC00/mmc_avr_spi.o
                0x00000000000056c8                mmc_disk_initialize
                0x0000000000005974                mmc_disk_status
                0x000000000000597a                mmc_disk_read
                0x0000000000005a02                mmc_disk_write
                0x0000000000005b02                mmc_disk_ioctl
                0x00000000000060e6                mmc_disk_timerproc
 .text          0x000000000000614a      0x1d2 lib/DAC00/ASA_Lib_DAC00.o
                0x000000000000618c                ASA_DAC00_set
                0x000000000000621e                ASA_DAC00_put
                0x00000000000062a2                ASA_DAC00_get
 .text          0x000000000000631c       0x64 lib/ASA_Lib_M128.o
                0x000000000000631c                stdio_putchar
                0x0000000000006338                stdio_getchar
                0x0000000000006350                ASA_M128_set
 .text          0x0000000000006380      0x302 lib/ASA_Lib_HMI.o
                0x0000000000006380                uart_put
                0x0000000000006388                uart_get
                0x0000000000006390                M128_HMI_set
                0x00000000000063bc                HMI_timeout_set
                0x00000000000063fa                M128_HMI_put
                0x0000000000006472                M128_HMI_get
                0x0000000000006500                M128_HMI_Form_put
                0x00000000000065ba                M128_HMI_Form_get
 .text          0x0000000000006682        0x0 e:/avr-gcc-7.2.0-x64-mingw/bin/../lib/gcc/avr/7.2.0/../../../../avr/lib/avr51\libm.a(addsf3.o)
 .text          0x0000000000006682        0x0 e:/avr-gcc-7.2.0-x64-mingw/bin/../lib/gcc/avr/7.2.0/../../../../avr/lib/avr51\libm.a(addsf3x.o)
 .text          0x0000000000006682        0x0 e:/avr-gcc-7.2.0-x64-mingw/bin/../lib/gcc/avr/7.2.0/../../../../avr/lib/avr51\libm.a(cos.o)
 .text          0x0000000000006682        0x0 e:/avr-gcc-7.2.0-x64-mingw/bin/../lib/gcc/avr/7.2.0/../../../../avr/lib/avr51\libm.a(fixunssfsi.o)
 .text          0x0000000000006682        0x0 e:/avr-gcc-7.2.0-x64-mingw/bin/../lib/gcc/avr/7.2.0/../../../../avr/lib/avr51\libm.a(floatsisf.o)
 .text          0x0000000000006682        0x0 e:/avr-gcc-7.2.0-x64-mingw/bin/../lib/gcc/avr/7.2.0/../../../../avr/lib/avr51\libm.a(fp_inf.o)
 .text          0x0000000000006682        0x0 e:/avr-gcc-7.2.0-x64-mingw/bin/../lib/gcc/avr/7.2.0/../../../../avr/lib/avr51\libm.a(fp_nan.o)
 .text          0x0000000000006682        0x0 e:/avr-gcc-7.2.0-x64-mingw/bin/../lib/gcc/avr/7.2.0/../../../../avr/lib/avr51\libm.a(fp_pscA.o)
 .text          0x0000000000006682        0x0 e:/avr-gcc-7.2.0-x64-mingw/bin/../lib/gcc/avr/7.2.0/../../../../avr/lib/avr51\libm.a(fp_pscB.o)
 .text          0x0000000000006682        0x0 e:/avr-gcc-7.2.0-x64-mingw/bin/../lib/gcc/avr/7.2.0/../../../../avr/lib/avr51\libm.a(fp_rempio2.o)
 .text          0x0000000000006682        0x0 e:/avr-gcc-7.2.0-x64-mingw/bin/../lib/gcc/avr/7.2.0/../../../../avr/lib/avr51\libm.a(fp_round.o)
 .text          0x0000000000006682        0x0 e:/avr-gcc-7.2.0-x64-mingw/bin/../lib/gcc/avr/7.2.0/../../../../avr/lib/avr51\libm.a(fp_sinus.o)
 .text          0x0000000000006682        0x0 e:/avr-gcc-7.2.0-x64-mingw/bin/../lib/gcc/avr/7.2.0/../../../../avr/lib/avr51\libm.a(fp_split3.o)
 .text          0x0000000000006682        0x0 e:/avr-gcc-7.2.0-x64-mingw/bin/../lib/gcc/avr/7.2.0/../../../../avr/lib/avr51\libm.a(fp_zero.o)
 .text          0x0000000000006682        0x0 e:/avr-gcc-7.2.0-x64-mingw/bin/../lib/gcc/avr/7.2.0/../../../../avr/lib/avr51\libm.a(mulsf3.o)
 .text          0x0000000000006682        0x0 e:/avr-gcc-7.2.0-x64-mingw/bin/../lib/gcc/avr/7.2.0/../../../../avr/lib/avr51\libm.a(mulsf3x.o)
 .text          0x0000000000006682        0x0 e:/avr-gcc-7.2.0-x64-mingw/bin/../lib/gcc/avr/7.2.0/../../../../avr/lib/avr51\libm.a(sin.o)
 .text          0x0000000000006682        0x0 e:/avr-gcc-7.2.0-x64-mingw/bin/../lib/gcc/avr/7.2.0/../../../../avr/lib/avr51\libm.a(fp_mpack.o)
 .text          0x0000000000006682        0x0 e:/avr-gcc-7.2.0-x64-mingw/bin/../lib/gcc/avr/7.2.0/../../../../avr/lib/avr51\libm.a(fp_powsodd.o)
 .text          0x0000000000006682        0x0 e:/avr-gcc-7.2.0-x64-mingw/bin/../lib/gcc/avr/7.2.0/../../../../avr/lib/avr51\libm.a(fp_powser.o)
 .text          0x0000000000006682        0x0 e:/avr-gcc-7.2.0-x64-mingw/bin/../lib/gcc/avr/7.2.0/../../../../avr/lib/avr51\libprintf_flt.a(vfprintf_flt.o)
 .text          0x0000000000006682        0x0 e:/avr-gcc-7.2.0-x64-mingw/bin/../lib/gcc/avr/7.2.0/../../../../avr/lib/avr51\libscanf_flt.a(vfscanf_flt.o)
 .text          0x0000000000006682        0x0 e:/avr-gcc-7.2.0-x64-mingw/bin/../lib/gcc/avr/7.2.0/avr51\libgcc.a(_divmodhi4.o)
 .text          0x0000000000006682        0x0 e:/avr-gcc-7.2.0-x64-mingw/bin/../lib/gcc/avr/7.2.0/avr51\libgcc.a(_udivmodsi4.o)
 .text          0x0000000000006682        0x0 e:/avr-gcc-7.2.0-x64-mingw/bin/../lib/gcc/avr/7.2.0/avr51\libgcc.a(_exit.o)
 .text          0x0000000000006682        0x0 e:/avr-gcc-7.2.0-x64-mingw/bin/../lib/gcc/avr/7.2.0/avr51\libgcc.a(_copy_data.o)
 .text          0x0000000000006682        0x0 e:/avr-gcc-7.2.0-x64-mingw/bin/../lib/gcc/avr/7.2.0/avr51\libgcc.a(_clear_bss.o)
 .text          0x0000000000006682        0x0 e:/avr-gcc-7.2.0-x64-mingw/bin/../lib/gcc/avr/7.2.0/avr51\libgcc.a(_muluhisi3.o)
 .text          0x0000000000006682        0x0 e:/avr-gcc-7.2.0-x64-mingw/bin/../lib/gcc/avr/7.2.0/avr51\libgcc.a(_udivmodhi4.o)
 .text          0x0000000000006682        0x0 e:/avr-gcc-7.2.0-x64-mingw/bin/../lib/gcc/avr/7.2.0/avr51\libgcc.a(_umulhisi3.o)
 .text          0x0000000000006682        0x0 e:/avr-gcc-7.2.0-x64-mingw/bin/../lib/gcc/avr/7.2.0/../../../../avr/lib/avr51\libc.a(ftoa_engine.o)
 .text          0x0000000000006682        0x0 e:/avr-gcc-7.2.0-x64-mingw/bin/../lib/gcc/avr/7.2.0/../../../../avr/lib/avr51\libc.a(isspace.o)
 .text          0x0000000000006682        0x0 e:/avr-gcc-7.2.0-x64-mingw/bin/../lib/gcc/avr/7.2.0/../../../../avr/lib/avr51\libc.a(tolower.o)
 .text          0x0000000000006682        0x0 e:/avr-gcc-7.2.0-x64-mingw/bin/../lib/gcc/avr/7.2.0/../../../../avr/lib/avr51\libc.a(strchr_P.o)
 .text          0x0000000000006682        0x0 e:/avr-gcc-7.2.0-x64-mingw/bin/../lib/gcc/avr/7.2.0/../../../../avr/lib/avr51\libc.a(strnlen_P.o)
 .text          0x0000000000006682        0x0 e:/avr-gcc-7.2.0-x64-mingw/bin/../lib/gcc/avr/7.2.0/../../../../avr/lib/avr51\libc.a(strnlen.o)
 .text          0x0000000000006682        0x0 e:/avr-gcc-7.2.0-x64-mingw/bin/../lib/gcc/avr/7.2.0/../../../../avr/lib/avr51\libc.a(fgetc.o)
 .text          0x0000000000006682        0x0 e:/avr-gcc-7.2.0-x64-mingw/bin/../lib/gcc/avr/7.2.0/../../../../avr/lib/avr51\libc.a(fputc.o)
 .text          0x0000000000006682        0x0 e:/avr-gcc-7.2.0-x64-mingw/bin/../lib/gcc/avr/7.2.0/../../../../avr/lib/avr51\libc.a(iob.o)
 .text          0x0000000000006682        0x0 e:/avr-gcc-7.2.0-x64-mingw/bin/../lib/gcc/avr/7.2.0/../../../../avr/lib/avr51\libc.a(printf.o)
 .text          0x0000000000006682        0x0 e:/avr-gcc-7.2.0-x64-mingw/bin/../lib/gcc/avr/7.2.0/../../../../avr/lib/avr51\libc.a(puts.o)
 .text          0x0000000000006682        0x0 e:/avr-gcc-7.2.0-x64-mingw/bin/../lib/gcc/avr/7.2.0/../../../../avr/lib/avr51\libc.a(scanf.o)
 .text          0x0000000000006682        0x0 e:/avr-gcc-7.2.0-x64-mingw/bin/../lib/gcc/avr/7.2.0/../../../../avr/lib/avr51\libc.a(sprintf.o)
 .text          0x0000000000006682        0x0 e:/avr-gcc-7.2.0-x64-mingw/bin/../lib/gcc/avr/7.2.0/../../../../avr/lib/avr51\libc.a(ungetc.o)
 .text          0x0000000000006682        0x0 e:/avr-gcc-7.2.0-x64-mingw/bin/../lib/gcc/avr/7.2.0/../../../../avr/lib/avr51\libc.a(ultoa_invert.o)
 .text          0x0000000000006682        0x0 e:/avr-gcc-7.2.0-x64-mingw/bin/../lib/gcc/avr/7.2.0/../../../../avr/lib/avr51\libc.a(cty_isfalse.o)
                0x0000000000006682                . = ALIGN (0x2)
 *(.text.*)
 .text.startup  0x0000000000006682      0x1e8 2-3.o
                0x0000000000006682                main
 .text.avr-libc.fplib
                0x000000000000686a        0xe e:/avr-gcc-7.2.0-x64-mingw/bin/../lib/gcc/avr/7.2.0/../../../../avr/lib/avr51\libm.a(addsf3.o)
                0x000000000000686a                __subsf3
                0x000000000000686c                __addsf3
 .text.avr-libc.fplib
                0x0000000000006878       0xcc e:/avr-gcc-7.2.0-x64-mingw/bin/../lib/gcc/avr/7.2.0/../../../../avr/lib/avr51\libm.a(addsf3x.o)
                0x000000000000689a                __addsf3x
 .text.avr-libc.fplib
                0x0000000000006944        0xa e:/avr-gcc-7.2.0-x64-mingw/bin/../lib/gcc/avr/7.2.0/../../../../avr/lib/avr51\libm.a(cos.o)
                0x0000000000006944                cos
 .text.avr-libc.fplib
                0x000000000000694e       0x5e e:/avr-gcc-7.2.0-x64-mingw/bin/../lib/gcc/avr/7.2.0/../../../../avr/lib/avr51\libm.a(fixunssfsi.o)
                0x000000000000694e                __fixunssfsi
 .text.avr-libc.fplib
                0x00000000000069ac       0x7a e:/avr-gcc-7.2.0-x64-mingw/bin/../lib/gcc/avr/7.2.0/../../../../avr/lib/avr51\libm.a(floatsisf.o)
                0x00000000000069ac                __floatunsisf
                0x00000000000069b0                __floatsisf
 .text.avr-libc.fplib
                0x0000000000006a26        0xc e:/avr-gcc-7.2.0-x64-mingw/bin/../lib/gcc/avr/7.2.0/../../../../avr/lib/avr51\libm.a(fp_inf.o)
                0x0000000000006a26                __fp_inf
 .text.avr-libc.fplib
                0x0000000000006a32        0x6 e:/avr-gcc-7.2.0-x64-mingw/bin/../lib/gcc/avr/7.2.0/../../../../avr/lib/avr51\libm.a(fp_nan.o)
                0x0000000000006a32                __fp_nan
 .text.avr-libc.fplib
                0x0000000000006a38        0xe e:/avr-gcc-7.2.0-x64-mingw/bin/../lib/gcc/avr/7.2.0/../../../../avr/lib/avr51\libm.a(fp_pscA.o)
                0x0000000000006a38                __fp_pscA
 .text.avr-libc.fplib
                0x0000000000006a46        0xe e:/avr-gcc-7.2.0-x64-mingw/bin/../lib/gcc/avr/7.2.0/../../../../avr/lib/avr51\libm.a(fp_pscB.o)
                0x0000000000006a46                __fp_pscB
 .text.avr-libc.fplib
                0x0000000000006a54       0x56 e:/avr-gcc-7.2.0-x64-mingw/bin/../lib/gcc/avr/7.2.0/../../../../avr/lib/avr51\libm.a(fp_rempio2.o)
                0x0000000000006a58                __fp_rempio2
 .text.avr-libc.fplib
                0x0000000000006aaa       0x22 e:/avr-gcc-7.2.0-x64-mingw/bin/../lib/gcc/avr/7.2.0/../../../../avr/lib/avr51\libm.a(fp_round.o)
                0x0000000000006aaa                __fp_round
 .text.avr-libc.fplib
                0x0000000000006acc       0x28 e:/avr-gcc-7.2.0-x64-mingw/bin/../lib/gcc/avr/7.2.0/../../../../avr/lib/avr51\libm.a(fp_sinus.o)
                0x0000000000006acc                __fp_sinus
 .text.avr-libc.fplib
                0x0000000000006af4       0x44 e:/avr-gcc-7.2.0-x64-mingw/bin/../lib/gcc/avr/7.2.0/../../../../avr/lib/avr51\libm.a(fp_split3.o)
                0x0000000000006af4                __fp_split3
                0x0000000000006b04                __fp_splitA
 .text.avr-libc.fplib
                0x0000000000006b38        0xe e:/avr-gcc-7.2.0-x64-mingw/bin/../lib/gcc/avr/7.2.0/../../../../avr/lib/avr51\libm.a(fp_zero.o)
                0x0000000000006b38                __fp_zero
                0x0000000000006b3a                __fp_szero
 .text.avr-libc.fplib
                0x0000000000006b46        0x8 e:/avr-gcc-7.2.0-x64-mingw/bin/../lib/gcc/avr/7.2.0/../../../../avr/lib/avr51\libm.a(mulsf3.o)
                0x0000000000006b46                __mulsf3
 .text.avr-libc.fplib
                0x0000000000006b4e       0xd2 e:/avr-gcc-7.2.0-x64-mingw/bin/../lib/gcc/avr/7.2.0/../../../../avr/lib/avr51\libm.a(mulsf3x.o)
                0x0000000000006b6c                __mulsf3x
                0x0000000000006b72                __mulsf3_pse
 .text.avr-libc.fplib
                0x0000000000006c20       0x10 e:/avr-gcc-7.2.0-x64-mingw/bin/../lib/gcc/avr/7.2.0/../../../../avr/lib/avr51\libm.a(sin.o)
                0x0000000000006c20                sin
 .text.avr-libc.fplib
                0x0000000000006c30       0x1c e:/avr-gcc-7.2.0-x64-mingw/bin/../lib/gcc/avr/7.2.0/../../../../avr/lib/avr51\libm.a(fp_mpack.o)
                0x0000000000006c30                __fp_mpack
                0x0000000000006c34                __fp_mpack_finite
 .text.avr-libc.fplib
                0x0000000000006c4c       0x28 e:/avr-gcc-7.2.0-x64-mingw/bin/../lib/gcc/avr/7.2.0/../../../../avr/lib/avr51\libm.a(fp_powsodd.o)
                0x0000000000006c4c                __fp_powsodd
 .text.avr-libc.fplib
                0x0000000000006c74       0x4e e:/avr-gcc-7.2.0-x64-mingw/bin/../lib/gcc/avr/7.2.0/../../../../avr/lib/avr51\libm.a(fp_powser.o)
                0x0000000000006c74                __fp_powser
 .text.avr-libc
                0x0000000000006cc2      0x714 e:/avr-gcc-7.2.0-x64-mingw/bin/../lib/gcc/avr/7.2.0/../../../../avr/lib/avr51\libprintf_flt.a(vfprintf_flt.o)
                0x0000000000006cc2                vfprintf
 .text.avr-libc
                0x00000000000073d6      0x84c e:/avr-gcc-7.2.0-x64-mingw/bin/../lib/gcc/avr/7.2.0/../../../../avr/lib/avr51\libscanf_flt.a(vfscanf_flt.o)
                0x00000000000079bc                vfscanf
 .text.libgcc.mul
                0x0000000000007c22        0x0 e:/avr-gcc-7.2.0-x64-mingw/bin/../lib/gcc/avr/7.2.0/avr51\libgcc.a(_divmodhi4.o)
 .text.libgcc.div
                0x0000000000007c22       0x28 e:/avr-gcc-7.2.0-x64-mingw/bin/../lib/gcc/avr/7.2.0/avr51\libgcc.a(_divmodhi4.o)
                0x0000000000007c22                _div
                0x0000000000007c22                __divmodhi4
 .text.libgcc   0x0000000000007c4a        0x0 e:/avr-gcc-7.2.0-x64-mingw/bin/../lib/gcc/avr/7.2.0/avr51\libgcc.a(_divmodhi4.o)
 .text.libgcc.prologue
                0x0000000000007c4a        0x0 e:/avr-gcc-7.2.0-x64-mingw/bin/../lib/gcc/avr/7.2.0/avr51\libgcc.a(_divmodhi4.o)
 .text.libgcc.builtins
                0x0000000000007c4a        0x0 e:/avr-gcc-7.2.0-x64-mingw/bin/../lib/gcc/avr/7.2.0/avr51\libgcc.a(_divmodhi4.o)
 .text.libgcc.fmul
                0x0000000000007c4a        0x0 e:/avr-gcc-7.2.0-x64-mingw/bin/../lib/gcc/avr/7.2.0/avr51\libgcc.a(_divmodhi4.o)
 .text.libgcc.fixed
                0x0000000000007c4a        0x0 e:/avr-gcc-7.2.0-x64-mingw/bin/../lib/gcc/avr/7.2.0/avr51\libgcc.a(_divmodhi4.o)
 .text.libgcc.mul
                0x0000000000007c4a        0x0 e:/avr-gcc-7.2.0-x64-mingw/bin/../lib/gcc/avr/7.2.0/avr51\libgcc.a(_udivmodsi4.o)
 .text.libgcc.div
                0x0000000000007c4a       0x44 e:/avr-gcc-7.2.0-x64-mingw/bin/../lib/gcc/avr/7.2.0/avr51\libgcc.a(_udivmodsi4.o)
                0x0000000000007c4a                __udivmodsi4
 .text.libgcc   0x0000000000007c8e        0x0 e:/avr-gcc-7.2.0-x64-mingw/bin/../lib/gcc/avr/7.2.0/avr51\libgcc.a(_udivmodsi4.o)
 .text.libgcc.prologue
                0x0000000000007c8e        0x0 e:/avr-gcc-7.2.0-x64-mingw/bin/../lib/gcc/avr/7.2.0/avr51\libgcc.a(_udivmodsi4.o)
 .text.libgcc.builtins
                0x0000000000007c8e        0x0 e:/avr-gcc-7.2.0-x64-mingw/bin/../lib/gcc/avr/7.2.0/avr51\libgcc.a(_udivmodsi4.o)
 .text.libgcc.fmul
                0x0000000000007c8e        0x0 e:/avr-gcc-7.2.0-x64-mingw/bin/../lib/gcc/avr/7.2.0/avr51\libgcc.a(_udivmodsi4.o)
 .text.libgcc.fixed
                0x0000000000007c8e        0x0 e:/avr-gcc-7.2.0-x64-mingw/bin/../lib/gcc/avr/7.2.0/avr51\libgcc.a(_udivmodsi4.o)
 .text.libgcc.mul
                0x0000000000007c8e        0x0 e:/avr-gcc-7.2.0-x64-mingw/bin/../lib/gcc/avr/7.2.0/avr51\libgcc.a(_exit.o)
 .text.libgcc.div
                0x0000000000007c8e        0x0 e:/avr-gcc-7.2.0-x64-mingw/bin/../lib/gcc/avr/7.2.0/avr51\libgcc.a(_exit.o)
 .text.libgcc   0x0000000000007c8e        0x0 e:/avr-gcc-7.2.0-x64-mingw/bin/../lib/gcc/avr/7.2.0/avr51\libgcc.a(_exit.o)
 .text.libgcc.prologue
                0x0000000000007c8e        0x0 e:/avr-gcc-7.2.0-x64-mingw/bin/../lib/gcc/avr/7.2.0/avr51\libgcc.a(_exit.o)
 .text.libgcc.builtins
                0x0000000000007c8e        0x0 e:/avr-gcc-7.2.0-x64-mingw/bin/../lib/gcc/avr/7.2.0/avr51\libgcc.a(_exit.o)
 .text.libgcc.fmul
                0x0000000000007c8e        0x0 e:/avr-gcc-7.2.0-x64-mingw/bin/../lib/gcc/avr/7.2.0/avr51\libgcc.a(_exit.o)
 .text.libgcc.fixed
                0x0000000000007c8e        0x0 e:/avr-gcc-7.2.0-x64-mingw/bin/../lib/gcc/avr/7.2.0/avr51\libgcc.a(_exit.o)
 .text.libgcc.mul
                0x0000000000007c8e        0x0 e:/avr-gcc-7.2.0-x64-mingw/bin/../lib/gcc/avr/7.2.0/avr51\libgcc.a(_copy_data.o)
 .text.libgcc.div
                0x0000000000007c8e        0x0 e:/avr-gcc-7.2.0-x64-mingw/bin/../lib/gcc/avr/7.2.0/avr51\libgcc.a(_copy_data.o)
 .text.libgcc   0x0000000000007c8e        0x0 e:/avr-gcc-7.2.0-x64-mingw/bin/../lib/gcc/avr/7.2.0/avr51\libgcc.a(_copy_data.o)
 .text.libgcc.prologue
                0x0000000000007c8e        0x0 e:/avr-gcc-7.2.0-x64-mingw/bin/../lib/gcc/avr/7.2.0/avr51\libgcc.a(_copy_data.o)
 .text.libgcc.builtins
                0x0000000000007c8e        0x0 e:/avr-gcc-7.2.0-x64-mingw/bin/../lib/gcc/avr/7.2.0/avr51\libgcc.a(_copy_data.o)
 .text.libgcc.fmul
                0x0000000000007c8e        0x0 e:/avr-gcc-7.2.0-x64-mingw/bin/../lib/gcc/avr/7.2.0/avr51\libgcc.a(_copy_data.o)
 .text.libgcc.fixed
                0x0000000000007c8e        0x0 e:/avr-gcc-7.2.0-x64-mingw/bin/../lib/gcc/avr/7.2.0/avr51\libgcc.a(_copy_data.o)
 .text.libgcc.mul
                0x0000000000007c8e        0x0 e:/avr-gcc-7.2.0-x64-mingw/bin/../lib/gcc/avr/7.2.0/avr51\libgcc.a(_clear_bss.o)
 .text.libgcc.div
                0x0000000000007c8e        0x0 e:/avr-gcc-7.2.0-x64-mingw/bin/../lib/gcc/avr/7.2.0/avr51\libgcc.a(_clear_bss.o)
 .text.libgcc   0x0000000000007c8e        0x0 e:/avr-gcc-7.2.0-x64-mingw/bin/../lib/gcc/avr/7.2.0/avr51\libgcc.a(_clear_bss.o)
 .text.libgcc.prologue
                0x0000000000007c8e        0x0 e:/avr-gcc-7.2.0-x64-mingw/bin/../lib/gcc/avr/7.2.0/avr51\libgcc.a(_clear_bss.o)
 .text.libgcc.builtins
                0x0000000000007c8e        0x0 e:/avr-gcc-7.2.0-x64-mingw/bin/../lib/gcc/avr/7.2.0/avr51\libgcc.a(_clear_bss.o)
 .text.libgcc.fmul
                0x0000000000007c8e        0x0 e:/avr-gcc-7.2.0-x64-mingw/bin/../lib/gcc/avr/7.2.0/avr51\libgcc.a(_clear_bss.o)
 .text.libgcc.fixed
                0x0000000000007c8e        0x0 e:/avr-gcc-7.2.0-x64-mingw/bin/../lib/gcc/avr/7.2.0/avr51\libgcc.a(_clear_bss.o)
 .text.libgcc.mul
                0x0000000000007c8e       0x16 e:/avr-gcc-7.2.0-x64-mingw/bin/../lib/gcc/avr/7.2.0/avr51\libgcc.a(_muluhisi3.o)
                0x0000000000007c8e                __muluhisi3
 .text.libgcc.div
                0x0000000000007ca4        0x0 e:/avr-gcc-7.2.0-x64-mingw/bin/../lib/gcc/avr/7.2.0/avr51\libgcc.a(_muluhisi3.o)
 .text.libgcc   0x0000000000007ca4        0x0 e:/avr-gcc-7.2.0-x64-mingw/bin/../lib/gcc/avr/7.2.0/avr51\libgcc.a(_muluhisi3.o)
 .text.libgcc.prologue
                0x0000000000007ca4        0x0 e:/avr-gcc-7.2.0-x64-mingw/bin/../lib/gcc/avr/7.2.0/avr51\libgcc.a(_muluhisi3.o)
 .text.libgcc.builtins
                0x0000000000007ca4        0x0 e:/avr-gcc-7.2.0-x64-mingw/bin/../lib/gcc/avr/7.2.0/avr51\libgcc.a(_muluhisi3.o)
 .text.libgcc.fmul
                0x0000000000007ca4        0x0 e:/avr-gcc-7.2.0-x64-mingw/bin/../lib/gcc/avr/7.2.0/avr51\libgcc.a(_muluhisi3.o)
 .text.libgcc.fixed
                0x0000000000007ca4        0x0 e:/avr-gcc-7.2.0-x64-mingw/bin/../lib/gcc/avr/7.2.0/avr51\libgcc.a(_muluhisi3.o)
 .text.libgcc.mul
                0x0000000000007ca4        0x0 e:/avr-gcc-7.2.0-x64-mingw/bin/../lib/gcc/avr/7.2.0/avr51\libgcc.a(_udivmodhi4.o)
 .text.libgcc.div
                0x0000000000007ca4       0x28 e:/avr-gcc-7.2.0-x64-mingw/bin/../lib/gcc/avr/7.2.0/avr51\libgcc.a(_udivmodhi4.o)
                0x0000000000007ca4                __udivmodhi4
 .text.libgcc   0x0000000000007ccc        0x0 e:/avr-gcc-7.2.0-x64-mingw/bin/../lib/gcc/avr/7.2.0/avr51\libgcc.a(_udivmodhi4.o)
 .text.libgcc.prologue
                0x0000000000007ccc        0x0 e:/avr-gcc-7.2.0-x64-mingw/bin/../lib/gcc/avr/7.2.0/avr51\libgcc.a(_udivmodhi4.o)
 .text.libgcc.builtins
                0x0000000000007ccc        0x0 e:/avr-gcc-7.2.0-x64-mingw/bin/../lib/gcc/avr/7.2.0/avr51\libgcc.a(_udivmodhi4.o)
 .text.libgcc.fmul
                0x0000000000007ccc        0x0 e:/avr-gcc-7.2.0-x64-mingw/bin/../lib/gcc/avr/7.2.0/avr51\libgcc.a(_udivmodhi4.o)
 .text.libgcc.fixed
                0x0000000000007ccc        0x0 e:/avr-gcc-7.2.0-x64-mingw/bin/../lib/gcc/avr/7.2.0/avr51\libgcc.a(_udivmodhi4.o)
 .text.libgcc.mul
                0x0000000000007ccc       0x1e e:/avr-gcc-7.2.0-x64-mingw/bin/../lib/gcc/avr/7.2.0/avr51\libgcc.a(_umulhisi3.o)
                0x0000000000007ccc                __umulhisi3
 .text.libgcc.div
                0x0000000000007cea        0x0 e:/avr-gcc-7.2.0-x64-mingw/bin/../lib/gcc/avr/7.2.0/avr51\libgcc.a(_umulhisi3.o)
 .text.libgcc   0x0000000000007cea        0x0 e:/avr-gcc-7.2.0-x64-mingw/bin/../lib/gcc/avr/7.2.0/avr51\libgcc.a(_umulhisi3.o)
 .text.libgcc.prologue
                0x0000000000007cea        0x0 e:/avr-gcc-7.2.0-x64-mingw/bin/../lib/gcc/avr/7.2.0/avr51\libgcc.a(_umulhisi3.o)
 .text.libgcc.builtins
                0x0000000000007cea        0x0 e:/avr-gcc-7.2.0-x64-mingw/bin/../lib/gcc/avr/7.2.0/avr51\libgcc.a(_umulhisi3.o)
 .text.libgcc.fmul
                0x0000000000007cea        0x0 e:/avr-gcc-7.2.0-x64-mingw/bin/../lib/gcc/avr/7.2.0/avr51\libgcc.a(_umulhisi3.o)
 .text.libgcc.fixed
                0x0000000000007cea        0x0 e:/avr-gcc-7.2.0-x64-mingw/bin/../lib/gcc/avr/7.2.0/avr51\libgcc.a(_umulhisi3.o)
 .text.avr-libc
                0x0000000000007cea      0x1b0 e:/avr-gcc-7.2.0-x64-mingw/bin/../lib/gcc/avr/7.2.0/../../../../avr/lib/avr51\libc.a(ftoa_engine.o)
                0x0000000000007cea                __ftoa_engine
 .text.avr-libc
                0x0000000000007e9a       0x12 e:/avr-gcc-7.2.0-x64-mingw/bin/../lib/gcc/avr/7.2.0/../../../../avr/lib/avr51\libc.a(isspace.o)
                0x0000000000007e9a                isspace
 .text.avr-libc
                0x0000000000007eac       0x10 e:/avr-gcc-7.2.0-x64-mingw/bin/../lib/gcc/avr/7.2.0/../../../../avr/lib/avr51\libc.a(tolower.o)
                0x0000000000007eac                tolower
 .text.avr-libc
                0x0000000000007ebc       0x16 e:/avr-gcc-7.2.0-x64-mingw/bin/../lib/gcc/avr/7.2.0/../../../../avr/lib/avr51\libc.a(strchr_P.o)
                0x0000000000007ebc                strchr_P
 .text.avr-libc
                0x0000000000007ed2       0x16 e:/avr-gcc-7.2.0-x64-mingw/bin/../lib/gcc/avr/7.2.0/../../../../avr/lib/avr51\libc.a(strnlen_P.o)
                0x0000000000007ed2                strnlen_P
 .text.avr-libc
                0x0000000000007ee8       0x16 e:/avr-gcc-7.2.0-x64-mingw/bin/../lib/gcc/avr/7.2.0/../../../../avr/lib/avr51\libc.a(strnlen.o)
                0x0000000000007ee8                strnlen
 .text.avr-libc
                0x0000000000007efe       0x78 e:/avr-gcc-7.2.0-x64-mingw/bin/../lib/gcc/avr/7.2.0/../../../../avr/lib/avr51\libc.a(fgetc.o)
                0x0000000000007efe                fgetc
 .text.avr-libc
                0x0000000000007f76       0x60 e:/avr-gcc-7.2.0-x64-mingw/bin/../lib/gcc/avr/7.2.0/../../../../avr/lib/avr51\libc.a(fputc.o)
                0x0000000000007f76                fputc
 .text.avr-libc
                0x0000000000007fd6       0x28 e:/avr-gcc-7.2.0-x64-mingw/bin/../lib/gcc/avr/7.2.0/../../../../avr/lib/avr51\libc.a(printf.o)
                0x0000000000007fd6                printf
 .text.avr-libc
                0x0000000000007ffe       0x56 e:/avr-gcc-7.2.0-x64-mingw/bin/../lib/gcc/avr/7.2.0/../../../../avr/lib/avr51\libc.a(puts.o)
                0x0000000000007ffe                puts
 .text.avr-libc
                0x0000000000008054       0x28 e:/avr-gcc-7.2.0-x64-mingw/bin/../lib/gcc/avr/7.2.0/../../../../avr/lib/avr51\libc.a(scanf.o)
                0x0000000000008054                scanf
 .text.avr-libc
                0x000000000000807c       0x60 e:/avr-gcc-7.2.0-x64-mingw/bin/../lib/gcc/avr/7.2.0/../../../../avr/lib/avr51\libc.a(sprintf.o)
                0x000000000000807c                sprintf
 .text.avr-libc
                0x00000000000080dc       0x30 e:/avr-gcc-7.2.0-x64-mingw/bin/../lib/gcc/avr/7.2.0/../../../../avr/lib/avr51\libc.a(ungetc.o)
                0x00000000000080dc                ungetc
 .text.avr-libc
                0x000000000000810c       0xbc e:/avr-gcc-7.2.0-x64-mingw/bin/../lib/gcc/avr/7.2.0/../../../../avr/lib/avr51\libc.a(ultoa_invert.o)
                0x000000000000810c                __ultoa_invert
 .text.avr-libc
                0x00000000000081c8        0x6 e:/avr-gcc-7.2.0-x64-mingw/bin/../lib/gcc/avr/7.2.0/../../../../avr/lib/avr51\libc.a(cty_isfalse.o)
                0x00000000000081c8                __ctype_isfalse
                0x00000000000081cc                __ctype_istrue
                0x00000000000081ce                . = ALIGN (0x2)
 *(.fini9)
 .fini9         0x00000000000081ce        0x0 e:/avr-gcc-7.2.0-x64-mingw/bin/../lib/gcc/avr/7.2.0/avr51\libgcc.a(_exit.o)
                0x00000000000081ce                _exit
                0x00000000000081ce                exit
 *(.fini9)
 *(.fini8)
 *(.fini8)
 *(.fini7)
 *(.fini7)
 *(.fini6)
 *(.fini6)
 *(.fini5)
 *(.fini5)
 *(.fini4)
 *(.fini4)
 *(.fini3)
 *(.fini3)
 *(.fini2)
 *(.fini2)
 *(.fini1)
 *(.fini1)
 *(.fini0)
 .fini0         0x00000000000081ce        0x4 e:/avr-gcc-7.2.0-x64-mingw/bin/../lib/gcc/avr/7.2.0/avr51\libgcc.a(_exit.o)
 *(.fini0)
 *(.hightext)
 *(.hightext*)
                0x00000000000081d2                . = ALIGN (0x2)
 *(.jumptables)
 *(.jumptables*)
                0x00000000000081d2                _etext = .

.data           0x0000000000800100      0x148 load address 0x00000000000081d2
                0x0000000000800100                PROVIDE (__data_start, .)
 *(.data)
 .data          0x0000000000800100        0x0 e:/avr-gcc-7.2.0-x64-mingw/bin/../lib/gcc/avr/7.2.0/../../../../avr/lib/avr51/crtatmega128.o
 .data          0x0000000000800100        0x4 2-3.o
                0x0000000000800100                ID_DAC
                0x0000000000800101                d_bytes
                0x0000000000800102                Mask
                0x0000000000800103                ASA_ID
 .data          0x0000000000800104        0x0 lib/SDC00/diskio.o
 .data          0x0000000000800104        0x0 lib/SDC00/ffunicode_avr.o
 .data          0x0000000000800104        0x0 lib/SDC00/ff.o
 .data          0x0000000000800104        0xa lib/SDC00/ASA_lib_SDC00.o
                0x0000000000800104                ASA_SDC00_ID
                0x0000000000800105                ASA_DATA_Dir
 .data          0x000000000080010e        0x1 lib/SDC00/mmc_avr_spi.o
 .data          0x000000000080010f        0x0 lib/DAC00/ASA_Lib_DAC00.o
 .data          0x000000000080010f        0xe lib/ASA_Lib_M128.o
 .data          0x000000000080011d        0x5 lib/ASA_Lib_HMI.o
                0x000000000080011d                TimeoutMode
                0x000000000080011e                Timeout
 .data          0x0000000000800122        0x0 e:/avr-gcc-7.2.0-x64-mingw/bin/../lib/gcc/avr/7.2.0/../../../../avr/lib/avr51\libm.a(addsf3.o)
 .data          0x0000000000800122        0x0 e:/avr-gcc-7.2.0-x64-mingw/bin/../lib/gcc/avr/7.2.0/../../../../avr/lib/avr51\libm.a(addsf3x.o)
 .data          0x0000000000800122        0x0 e:/avr-gcc-7.2.0-x64-mingw/bin/../lib/gcc/avr/7.2.0/../../../../avr/lib/avr51\libm.a(cos.o)
 .data          0x0000000000800122        0x0 e:/avr-gcc-7.2.0-x64-mingw/bin/../lib/gcc/avr/7.2.0/../../../../avr/lib/avr51\libm.a(fixunssfsi.o)
 .data          0x0000000000800122        0x0 e:/avr-gcc-7.2.0-x64-mingw/bin/../lib/gcc/avr/7.2.0/../../../../avr/lib/avr51\libm.a(floatsisf.o)
 .data          0x0000000000800122        0x0 e:/avr-gcc-7.2.0-x64-mingw/bin/../lib/gcc/avr/7.2.0/../../../../avr/lib/avr51\libm.a(fp_inf.o)
 .data          0x0000000000800122        0x0 e:/avr-gcc-7.2.0-x64-mingw/bin/../lib/gcc/avr/7.2.0/../../../../avr/lib/avr51\libm.a(fp_nan.o)
 .data          0x0000000000800122        0x0 e:/avr-gcc-7.2.0-x64-mingw/bin/../lib/gcc/avr/7.2.0/../../../../avr/lib/avr51\libm.a(fp_pscA.o)
 .data          0x0000000000800122        0x0 e:/avr-gcc-7.2.0-x64-mingw/bin/../lib/gcc/avr/7.2.0/../../../../avr/lib/avr51\libm.a(fp_pscB.o)
 .data          0x0000000000800122        0x0 e:/avr-gcc-7.2.0-x64-mingw/bin/../lib/gcc/avr/7.2.0/../../../../avr/lib/avr51\libm.a(fp_rempio2.o)
 .data          0x0000000000800122        0x0 e:/avr-gcc-7.2.0-x64-mingw/bin/../lib/gcc/avr/7.2.0/../../../../avr/lib/avr51\libm.a(fp_round.o)
 .data          0x0000000000800122        0x0 e:/avr-gcc-7.2.0-x64-mingw/bin/../lib/gcc/avr/7.2.0/../../../../avr/lib/avr51\libm.a(fp_sinus.o)
 .data          0x0000000000800122        0x0 e:/avr-gcc-7.2.0-x64-mingw/bin/../lib/gcc/avr/7.2.0/../../../../avr/lib/avr51\libm.a(fp_split3.o)
 .data          0x0000000000800122        0x0 e:/avr-gcc-7.2.0-x64-mingw/bin/../lib/gcc/avr/7.2.0/../../../../avr/lib/avr51\libm.a(fp_zero.o)
 .data          0x0000000000800122        0x0 e:/avr-gcc-7.2.0-x64-mingw/bin/../lib/gcc/avr/7.2.0/../../../../avr/lib/avr51\libm.a(mulsf3.o)
 .data          0x0000000000800122        0x0 e:/avr-gcc-7.2.0-x64-mingw/bin/../lib/gcc/avr/7.2.0/../../../../avr/lib/avr51\libm.a(mulsf3x.o)
 .data          0x0000000000800122        0x0 e:/avr-gcc-7.2.0-x64-mingw/bin/../lib/gcc/avr/7.2.0/../../../../avr/lib/avr51\libm.a(sin.o)
 .data          0x0000000000800122        0x0 e:/avr-gcc-7.2.0-x64-mingw/bin/../lib/gcc/avr/7.2.0/../../../../avr/lib/avr51\libm.a(fp_mpack.o)
 .data          0x0000000000800122        0x0 e:/avr-gcc-7.2.0-x64-mingw/bin/../lib/gcc/avr/7.2.0/../../../../avr/lib/avr51\libm.a(fp_powsodd.o)
 .data          0x0000000000800122        0x0 e:/avr-gcc-7.2.0-x64-mingw/bin/../lib/gcc/avr/7.2.0/../../../../avr/lib/avr51\libm.a(fp_powser.o)
 .data          0x0000000000800122        0x0 e:/avr-gcc-7.2.0-x64-mingw/bin/../lib/gcc/avr/7.2.0/../../../../avr/lib/avr51\libprintf_flt.a(vfprintf_flt.o)
 .data          0x0000000000800122        0x0 e:/avr-gcc-7.2.0-x64-mingw/bin/../lib/gcc/avr/7.2.0/../../../../avr/lib/avr51\libscanf_flt.a(vfscanf_flt.o)
 .data          0x0000000000800122        0x0 e:/avr-gcc-7.2.0-x64-mingw/bin/../lib/gcc/avr/7.2.0/avr51\libgcc.a(_divmodhi4.o)
 .data          0x0000000000800122        0x0 e:/avr-gcc-7.2.0-x64-mingw/bin/../lib/gcc/avr/7.2.0/avr51\libgcc.a(_udivmodsi4.o)
 .data          0x0000000000800122        0x0 e:/avr-gcc-7.2.0-x64-mingw/bin/../lib/gcc/avr/7.2.0/avr51\libgcc.a(_exit.o)
 .data          0x0000000000800122        0x0 e:/avr-gcc-7.2.0-x64-mingw/bin/../lib/gcc/avr/7.2.0/avr51\libgcc.a(_copy_data.o)
 .data          0x0000000000800122        0x0 e:/avr-gcc-7.2.0-x64-mingw/bin/../lib/gcc/avr/7.2.0/avr51\libgcc.a(_clear_bss.o)
 .data          0x0000000000800122        0x0 e:/avr-gcc-7.2.0-x64-mingw/bin/../lib/gcc/avr/7.2.0/avr51\libgcc.a(_muluhisi3.o)
 .data          0x0000000000800122        0x0 e:/avr-gcc-7.2.0-x64-mingw/bin/../lib/gcc/avr/7.2.0/avr51\libgcc.a(_udivmodhi4.o)
 .data          0x0000000000800122        0x0 e:/avr-gcc-7.2.0-x64-mingw/bin/../lib/gcc/avr/7.2.0/avr51\libgcc.a(_umulhisi3.o)
 .data          0x0000000000800122        0x0 e:/avr-gcc-7.2.0-x64-mingw/bin/../lib/gcc/avr/7.2.0/../../../../avr/lib/avr51\libc.a(ftoa_engine.o)
 .data          0x0000000000800122        0x0 e:/avr-gcc-7.2.0-x64-mingw/bin/../lib/gcc/avr/7.2.0/../../../../avr/lib/avr51\libc.a(isspace.o)
 .data          0x0000000000800122        0x0 e:/avr-gcc-7.2.0-x64-mingw/bin/../lib/gcc/avr/7.2.0/../../../../avr/lib/avr51\libc.a(tolower.o)
 .data          0x0000000000800122        0x0 e:/avr-gcc-7.2.0-x64-mingw/bin/../lib/gcc/avr/7.2.0/../../../../avr/lib/avr51\libc.a(strchr_P.o)
 .data          0x0000000000800122        0x0 e:/avr-gcc-7.2.0-x64-mingw/bin/../lib/gcc/avr/7.2.0/../../../../avr/lib/avr51\libc.a(strnlen_P.o)
 .data          0x0000000000800122        0x0 e:/avr-gcc-7.2.0-x64-mingw/bin/../lib/gcc/avr/7.2.0/../../../../avr/lib/avr51\libc.a(strnlen.o)
 .data          0x0000000000800122        0x0 e:/avr-gcc-7.2.0-x64-mingw/bin/../lib/gcc/avr/7.2.0/../../../../avr/lib/avr51\libc.a(fgetc.o)
 .data          0x0000000000800122        0x0 e:/avr-gcc-7.2.0-x64-mingw/bin/../lib/gcc/avr/7.2.0/../../../../avr/lib/avr51\libc.a(fputc.o)
 .data          0x0000000000800122        0x0 e:/avr-gcc-7.2.0-x64-mingw/bin/../lib/gcc/avr/7.2.0/../../../../avr/lib/avr51\libc.a(iob.o)
 .data          0x0000000000800122        0x0 e:/avr-gcc-7.2.0-x64-mingw/bin/../lib/gcc/avr/7.2.0/../../../../avr/lib/avr51\libc.a(printf.o)
 .data          0x0000000000800122        0x0 e:/avr-gcc-7.2.0-x64-mingw/bin/../lib/gcc/avr/7.2.0/../../../../avr/lib/avr51\libc.a(puts.o)
 .data          0x0000000000800122        0x0 e:/avr-gcc-7.2.0-x64-mingw/bin/../lib/gcc/avr/7.2.0/../../../../avr/lib/avr51\libc.a(scanf.o)
 .data          0x0000000000800122        0x0 e:/avr-gcc-7.2.0-x64-mingw/bin/../lib/gcc/avr/7.2.0/../../../../avr/lib/avr51\libc.a(sprintf.o)
 .data          0x0000000000800122        0x0 e:/avr-gcc-7.2.0-x64-mingw/bin/../lib/gcc/avr/7.2.0/../../../../avr/lib/avr51\libc.a(ungetc.o)
 .data          0x0000000000800122        0x0 e:/avr-gcc-7.2.0-x64-mingw/bin/../lib/gcc/avr/7.2.0/../../../../avr/lib/avr51\libc.a(ultoa_invert.o)
 .data          0x0000000000800122        0x0 e:/avr-gcc-7.2.0-x64-mingw/bin/../lib/gcc/avr/7.2.0/../../../../avr/lib/avr51\libc.a(cty_isfalse.o)
 *(.data*)
 *(.gnu.linkonce.d*)
 *(.rodata)
 .rodata        0x0000000000800122       0x2c lib/SDC00/ff.o
 *(.rodata*)
 .rodata.str1.1
                0x000000000080014e       0x9a 2-3.o
 .rodata.str1.1
                0x00000000008001e8       0x4d lib/SDC00/ff.o
 .rodata.str1.1
                0x0000000000800235       0x12 lib/SDC00/ASA_lib_SDC00.o
                                         0x13 (size before relaxing)
 *(.gnu.linkonce.r*)
                0x0000000000800248                . = ALIGN (0x2)
 *fill*         0x0000000000800247        0x1 
                0x0000000000800248                _edata = .
                0x0000000000800248                PROVIDE (__data_end, .)

.bss            0x0000000000800248      0xab2
                0x0000000000800248                PROVIDE (__bss_start, .)
 *(.bss)
 .bss           0x0000000000800248        0x0 e:/avr-gcc-7.2.0-x64-mingw/bin/../lib/gcc/avr/7.2.0/../../../../avr/lib/avr51/crtatmega128.o
 .bss           0x0000000000800248      0x597 2-3.o
                0x0000000000800248                y
                0x0000000000800310                u
                0x00000000008003d8                Shift
                0x00000000008003d9                j
 .bss           0x00000000008007df        0x0 lib/SDC00/diskio.o
 .bss           0x00000000008007df        0x0 lib/SDC00/ffunicode_avr.o
 .bss           0x00000000008007df        0x7 lib/SDC00/ff.o
 .bss           0x00000000008007e6       0x2c lib/SDC00/ASA_lib_SDC00.o
                0x00000000008007e6                LastFileIndex
                0x00000000008007e8                EndPointOfFile
                0x00000000008007ec                is_file_extcheck
                0x00000000008007ed                SDC_State
                0x00000000008007ee                FileID
 .bss           0x0000000000800812        0x9 lib/SDC00/mmc_avr_spi.o
 .bss           0x000000000080081b       0x18 lib/DAC00/ASA_Lib_DAC00.o
 .bss           0x0000000000800833        0x0 lib/ASA_Lib_M128.o
 .bss           0x0000000000800833        0x4 lib/ASA_Lib_HMI.o
                0x0000000000800833                timeout_count
 .bss           0x0000000000800837        0x0 e:/avr-gcc-7.2.0-x64-mingw/bin/../lib/gcc/avr/7.2.0/../../../../avr/lib/avr51\libm.a(addsf3.o)
 .bss           0x0000000000800837        0x0 e:/avr-gcc-7.2.0-x64-mingw/bin/../lib/gcc/avr/7.2.0/../../../../avr/lib/avr51\libm.a(addsf3x.o)
 .bss           0x0000000000800837        0x0 e:/avr-gcc-7.2.0-x64-mingw/bin/../lib/gcc/avr/7.2.0/../../../../avr/lib/avr51\libm.a(cos.o)
 .bss           0x0000000000800837        0x0 e:/avr-gcc-7.2.0-x64-mingw/bin/../lib/gcc/avr/7.2.0/../../../../avr/lib/avr51\libm.a(fixunssfsi.o)
 .bss           0x0000000000800837        0x0 e:/avr-gcc-7.2.0-x64-mingw/bin/../lib/gcc/avr/7.2.0/../../../../avr/lib/avr51\libm.a(floatsisf.o)
 .bss           0x0000000000800837        0x0 e:/avr-gcc-7.2.0-x64-mingw/bin/../lib/gcc/avr/7.2.0/../../../../avr/lib/avr51\libm.a(fp_inf.o)
 .bss           0x0000000000800837        0x0 e:/avr-gcc-7.2.0-x64-mingw/bin/../lib/gcc/avr/7.2.0/../../../../avr/lib/avr51\libm.a(fp_nan.o)
 .bss           0x0000000000800837        0x0 e:/avr-gcc-7.2.0-x64-mingw/bin/../lib/gcc/avr/7.2.0/../../../../avr/lib/avr51\libm.a(fp_pscA.o)
 .bss           0x0000000000800837        0x0 e:/avr-gcc-7.2.0-x64-mingw/bin/../lib/gcc/avr/7.2.0/../../../../avr/lib/avr51\libm.a(fp_pscB.o)
 .bss           0x0000000000800837        0x0 e:/avr-gcc-7.2.0-x64-mingw/bin/../lib/gcc/avr/7.2.0/../../../../avr/lib/avr51\libm.a(fp_rempio2.o)
 .bss           0x0000000000800837        0x0 e:/avr-gcc-7.2.0-x64-mingw/bin/../lib/gcc/avr/7.2.0/../../../../avr/lib/avr51\libm.a(fp_round.o)
 .bss           0x0000000000800837        0x0 e:/avr-gcc-7.2.0-x64-mingw/bin/../lib/gcc/avr/7.2.0/../../../../avr/lib/avr51\libm.a(fp_sinus.o)
 .bss           0x0000000000800837        0x0 e:/avr-gcc-7.2.0-x64-mingw/bin/../lib/gcc/avr/7.2.0/../../../../avr/lib/avr51\libm.a(fp_split3.o)
 .bss           0x0000000000800837        0x0 e:/avr-gcc-7.2.0-x64-mingw/bin/../lib/gcc/avr/7.2.0/../../../../avr/lib/avr51\libm.a(fp_zero.o)
 .bss           0x0000000000800837        0x0 e:/avr-gcc-7.2.0-x64-mingw/bin/../lib/gcc/avr/7.2.0/../../../../avr/lib/avr51\libm.a(mulsf3.o)
 .bss           0x0000000000800837        0x0 e:/avr-gcc-7.2.0-x64-mingw/bin/../lib/gcc/avr/7.2.0/../../../../avr/lib/avr51\libm.a(mulsf3x.o)
 .bss           0x0000000000800837        0x0 e:/avr-gcc-7.2.0-x64-mingw/bin/../lib/gcc/avr/7.2.0/../../../../avr/lib/avr51\libm.a(sin.o)
 .bss           0x0000000000800837        0x0 e:/avr-gcc-7.2.0-x64-mingw/bin/../lib/gcc/avr/7.2.0/../../../../avr/lib/avr51\libm.a(fp_mpack.o)
 .bss           0x0000000000800837        0x0 e:/avr-gcc-7.2.0-x64-mingw/bin/../lib/gcc/avr/7.2.0/../../../../avr/lib/avr51\libm.a(fp_powsodd.o)
 .bss           0x0000000000800837        0x0 e:/avr-gcc-7.2.0-x64-mingw/bin/../lib/gcc/avr/7.2.0/../../../../avr/lib/avr51\libm.a(fp_powser.o)
 .bss           0x0000000000800837        0x0 e:/avr-gcc-7.2.0-x64-mingw/bin/../lib/gcc/avr/7.2.0/../../../../avr/lib/avr51\libprintf_flt.a(vfprintf_flt.o)
 .bss           0x0000000000800837        0x0 e:/avr-gcc-7.2.0-x64-mingw/bin/../lib/gcc/avr/7.2.0/../../../../avr/lib/avr51\libscanf_flt.a(vfscanf_flt.o)
 .bss           0x0000000000800837        0x0 e:/avr-gcc-7.2.0-x64-mingw/bin/../lib/gcc/avr/7.2.0/avr51\libgcc.a(_divmodhi4.o)
 .bss           0x0000000000800837        0x0 e:/avr-gcc-7.2.0-x64-mingw/bin/../lib/gcc/avr/7.2.0/avr51\libgcc.a(_udivmodsi4.o)
 .bss           0x0000000000800837        0x0 e:/avr-gcc-7.2.0-x64-mingw/bin/../lib/gcc/avr/7.2.0/avr51\libgcc.a(_exit.o)
 .bss           0x0000000000800837        0x0 e:/avr-gcc-7.2.0-x64-mingw/bin/../lib/gcc/avr/7.2.0/avr51\libgcc.a(_copy_data.o)
 .bss           0x0000000000800837        0x0 e:/avr-gcc-7.2.0-x64-mingw/bin/../lib/gcc/avr/7.2.0/avr51\libgcc.a(_clear_bss.o)
 .bss           0x0000000000800837        0x0 e:/avr-gcc-7.2.0-x64-mingw/bin/../lib/gcc/avr/7.2.0/avr51\libgcc.a(_muluhisi3.o)
 .bss           0x0000000000800837        0x0 e:/avr-gcc-7.2.0-x64-mingw/bin/../lib/gcc/avr/7.2.0/avr51\libgcc.a(_udivmodhi4.o)
 .bss           0x0000000000800837        0x0 e:/avr-gcc-7.2.0-x64-mingw/bin/../lib/gcc/avr/7.2.0/avr51\libgcc.a(_umulhisi3.o)
 .bss           0x0000000000800837        0x0 e:/avr-gcc-7.2.0-x64-mingw/bin/../lib/gcc/avr/7.2.0/../../../../avr/lib/avr51\libc.a(ftoa_engine.o)
 .bss           0x0000000000800837        0x0 e:/avr-gcc-7.2.0-x64-mingw/bin/../lib/gcc/avr/7.2.0/../../../../avr/lib/avr51\libc.a(isspace.o)
 .bss           0x0000000000800837        0x0 e:/avr-gcc-7.2.0-x64-mingw/bin/../lib/gcc/avr/7.2.0/../../../../avr/lib/avr51\libc.a(tolower.o)
 .bss           0x0000000000800837        0x0 e:/avr-gcc-7.2.0-x64-mingw/bin/../lib/gcc/avr/7.2.0/../../../../avr/lib/avr51\libc.a(strchr_P.o)
 .bss           0x0000000000800837        0x0 e:/avr-gcc-7.2.0-x64-mingw/bin/../lib/gcc/avr/7.2.0/../../../../avr/lib/avr51\libc.a(strnlen_P.o)
 .bss           0x0000000000800837        0x0 e:/avr-gcc-7.2.0-x64-mingw/bin/../lib/gcc/avr/7.2.0/../../../../avr/lib/avr51\libc.a(strnlen.o)
 .bss           0x0000000000800837        0x0 e:/avr-gcc-7.2.0-x64-mingw/bin/../lib/gcc/avr/7.2.0/../../../../avr/lib/avr51\libc.a(fgetc.o)
 .bss           0x0000000000800837        0x0 e:/avr-gcc-7.2.0-x64-mingw/bin/../lib/gcc/avr/7.2.0/../../../../avr/lib/avr51\libc.a(fputc.o)
 .bss           0x0000000000800837        0x0 e:/avr-gcc-7.2.0-x64-mingw/bin/../lib/gcc/avr/7.2.0/../../../../avr/lib/avr51\libc.a(iob.o)
 .bss           0x0000000000800837        0x0 e:/avr-gcc-7.2.0-x64-mingw/bin/../lib/gcc/avr/7.2.0/../../../../avr/lib/avr51\libc.a(printf.o)
 .bss           0x0000000000800837        0x0 e:/avr-gcc-7.2.0-x64-mingw/bin/../lib/gcc/avr/7.2.0/../../../../avr/lib/avr51\libc.a(puts.o)
 .bss           0x0000000000800837        0x0 e:/avr-gcc-7.2.0-x64-mingw/bin/../lib/gcc/avr/7.2.0/../../../../avr/lib/avr51\libc.a(scanf.o)
 .bss           0x0000000000800837        0x0 e:/avr-gcc-7.2.0-x64-mingw/bin/../lib/gcc/avr/7.2.0/../../../../avr/lib/avr51\libc.a(sprintf.o)
 .bss           0x0000000000800837        0x0 e:/avr-gcc-7.2.0-x64-mingw/bin/../lib/gcc/avr/7.2.0/../../../../avr/lib/avr51\libc.a(ungetc.o)
 .bss           0x0000000000800837        0x0 e:/avr-gcc-7.2.0-x64-mingw/bin/../lib/gcc/avr/7.2.0/../../../../avr/lib/avr51\libc.a(ultoa_invert.o)
 .bss           0x0000000000800837        0x0 e:/avr-gcc-7.2.0-x64-mingw/bin/../lib/gcc/avr/7.2.0/../../../../avr/lib/avr51\libc.a(cty_isfalse.o)
 *(.bss*)
 *(COMMON)
 COMMON         0x0000000000800837      0x4bd lib/SDC00/ASA_lib_SDC00.o
                0x0000000000800837                FatFs
                0x0000000000800c9d                FileObj
                0x0000000000800cbf                DirObj
                0x0000000000800ce7                FileName
 COMMON         0x0000000000800cf4        0x6 e:/avr-gcc-7.2.0-x64-mingw/bin/../lib/gcc/avr/7.2.0/../../../../avr/lib/avr51\libc.a(iob.o)
                0x0000000000800cf4                __iob
                0x0000000000800cfa                PROVIDE (__bss_end, .)
                0x00000000000081d2                __data_load_start = LOADADDR (.data)
                0x000000000000831a                __data_load_end = (__data_load_start + SIZEOF (.data))

.noinit         0x0000000000800cfa        0x0
                [!provide]                        PROVIDE (__noinit_start, .)
 *(.noinit*)
                [!provide]                        PROVIDE (__noinit_end, .)
                0x0000000000800cfa                _end = .
                [!provide]                        PROVIDE (__heap_start, .)

.eeprom         0x0000000000810000        0x0
 *(.eeprom*)
                0x0000000000810000                __eeprom_end = .

.fuse
 *(.fuse)
 *(.lfuse)
 *(.hfuse)
 *(.efuse)

.lock
 *(.lock*)

.signature
 *(.signature*)

.stab
 *(.stab)

.stabstr
 *(.stabstr)

.stab.excl
 *(.stab.excl)

.stab.exclstr
 *(.stab.exclstr)

.stab.index
 *(.stab.index)

.stab.indexstr
 *(.stab.indexstr)

.comment        0x0000000000000000       0x11
 *(.comment)
 .comment       0x0000000000000000       0x11 2-3.o
                                         0x12 (size before relaxing)
 .comment       0x0000000000000011       0x12 lib/SDC00/diskio.o
 .comment       0x0000000000000011       0x12 lib/SDC00/ffunicode_avr.o
 .comment       0x0000000000000011       0x12 lib/SDC00/ff.o
 .comment       0x0000000000000011       0x12 lib/SDC00/ASA_lib_SDC00.o
 .comment       0x0000000000000011       0x12 lib/SDC00/mmc_avr_spi.o
 .comment       0x0000000000000011       0x12 lib/DAC00/ASA_Lib_DAC00.o
 .comment       0x0000000000000011       0x12 lib/ASA_Lib_HMI.o
 .comment       0x0000000000000011       0x12 e:/avr-gcc-7.2.0-x64-mingw/bin/../lib/gcc/avr/7.2.0/../../../../avr/lib/avr51\libprintf_flt.a(vfprintf_flt.o)
 .comment       0x0000000000000011       0x12 e:/avr-gcc-7.2.0-x64-mingw/bin/../lib/gcc/avr/7.2.0/../../../../avr/lib/avr51\libscanf_flt.a(vfscanf_flt.o)
 .comment       0x0000000000000011       0x12 e:/avr-gcc-7.2.0-x64-mingw/bin/../lib/gcc/avr/7.2.0/../../../../avr/lib/avr51\libc.a(fgetc.o)
 .comment       0x0000000000000011       0x12 e:/avr-gcc-7.2.0-x64-mingw/bin/../lib/gcc/avr/7.2.0/../../../../avr/lib/avr51\libc.a(fputc.o)
 .comment       0x0000000000000011       0x12 e:/avr-gcc-7.2.0-x64-mingw/bin/../lib/gcc/avr/7.2.0/../../../../avr/lib/avr51\libc.a(iob.o)
 .comment       0x0000000000000011       0x12 e:/avr-gcc-7.2.0-x64-mingw/bin/../lib/gcc/avr/7.2.0/../../../../avr/lib/avr51\libc.a(printf.o)
 .comment       0x0000000000000011       0x12 e:/avr-gcc-7.2.0-x64-mingw/bin/../lib/gcc/avr/7.2.0/../../../../avr/lib/avr51\libc.a(puts.o)
 .comment       0x0000000000000011       0x12 e:/avr-gcc-7.2.0-x64-mingw/bin/../lib/gcc/avr/7.2.0/../../../../avr/lib/avr51\libc.a(scanf.o)
 .comment       0x0000000000000011       0x12 e:/avr-gcc-7.2.0-x64-mingw/bin/../lib/gcc/avr/7.2.0/../../../../avr/lib/avr51\libc.a(sprintf.o)
 .comment       0x0000000000000011       0x12 e:/avr-gcc-7.2.0-x64-mingw/bin/../lib/gcc/avr/7.2.0/../../../../avr/lib/avr51\libc.a(ungetc.o)

.note.gnu.avr.deviceinfo
                0x0000000000000000       0x3c
 .note.gnu.avr.deviceinfo
                0x0000000000000000       0x3c e:/avr-gcc-7.2.0-x64-mingw/bin/../lib/gcc/avr/7.2.0/../../../../avr/lib/avr51/crtatmega128.o

.note.gnu.build-id
 *(.note.gnu.build-id)

.debug
 *(.debug)

.line
 *(.line)

.debug_srcinfo
 *(.debug_srcinfo)

.debug_sfnames
 *(.debug_sfnames)

.debug_aranges  0x0000000000000000      0x220
 *(.debug_aranges)
 .debug_aranges
                0x0000000000000000       0x28 2-3.o
 .debug_aranges
                0x0000000000000028       0x20 lib/SDC00/diskio.o
 .debug_aranges
                0x0000000000000048       0x18 lib/SDC00/ffunicode_avr.o
 .debug_aranges
                0x0000000000000060       0x20 lib/SDC00/ff.o
 .debug_aranges
                0x0000000000000080       0x20 lib/SDC00/ASA_lib_SDC00.o
 .debug_aranges
                0x00000000000000a0       0x20 lib/SDC00/mmc_avr_spi.o
 .debug_aranges
                0x00000000000000c0       0x20 lib/DAC00/ASA_Lib_DAC00.o
 .debug_aranges
                0x00000000000000e0       0x20 lib/ASA_Lib_M128.o
 .debug_aranges
                0x0000000000000100       0x20 lib/ASA_Lib_HMI.o
 .debug_aranges
                0x0000000000000120       0x20 e:/avr-gcc-7.2.0-x64-mingw/bin/../lib/gcc/avr/7.2.0/avr51\libgcc.a(_divmodhi4.o)
 .debug_aranges
                0x0000000000000140       0x20 e:/avr-gcc-7.2.0-x64-mingw/bin/../lib/gcc/avr/7.2.0/avr51\libgcc.a(_udivmodsi4.o)
 .debug_aranges
                0x0000000000000160       0x20 e:/avr-gcc-7.2.0-x64-mingw/bin/../lib/gcc/avr/7.2.0/avr51\libgcc.a(_exit.o)
 .debug_aranges
                0x0000000000000180       0x20 e:/avr-gcc-7.2.0-x64-mingw/bin/../lib/gcc/avr/7.2.0/avr51\libgcc.a(_copy_data.o)
 .debug_aranges
                0x00000000000001a0       0x20 e:/avr-gcc-7.2.0-x64-mingw/bin/../lib/gcc/avr/7.2.0/avr51\libgcc.a(_clear_bss.o)
 .debug_aranges
                0x00000000000001c0       0x20 e:/avr-gcc-7.2.0-x64-mingw/bin/../lib/gcc/avr/7.2.0/avr51\libgcc.a(_muluhisi3.o)
 .debug_aranges
                0x00000000000001e0       0x20 e:/avr-gcc-7.2.0-x64-mingw/bin/../lib/gcc/avr/7.2.0/avr51\libgcc.a(_udivmodhi4.o)
 .debug_aranges
                0x0000000000000200       0x20 e:/avr-gcc-7.2.0-x64-mingw/bin/../lib/gcc/avr/7.2.0/avr51\libgcc.a(_umulhisi3.o)

.debug_pubnames
                0x0000000000000000       0x47
 *(.debug_pubnames)
 .debug_pubnames
                0x0000000000000000       0x47 lib/ASA_Lib_M128.o

.debug_info     0x0000000000000000     0x8ec8
 *(.debug_info .gnu.linkonce.wi.*)
 .debug_info    0x0000000000000000      0x780 e:/avr-gcc-7.2.0-x64-mingw/bin/../lib/gcc/avr/7.2.0/../../../../avr/lib/avr51/crtatmega128.o
 .debug_info    0x0000000000000780      0x825 2-3.o
 .debug_info    0x0000000000000fa5      0x31d lib/SDC00/diskio.o
 .debug_info    0x00000000000012c2       0x6b lib/SDC00/ffunicode_avr.o
 .debug_info    0x000000000000132d     0x5077 lib/SDC00/ff.o
 .debug_info    0x00000000000063a4      0xf1e lib/SDC00/ASA_lib_SDC00.o
 .debug_info    0x00000000000072c2      0xebe lib/SDC00/mmc_avr_spi.o
 .debug_info    0x0000000000008180      0x39f lib/DAC00/ASA_Lib_DAC00.o
 .debug_info    0x000000000000851f      0x1f3 lib/ASA_Lib_M128.o
 .debug_info    0x0000000000008712      0x686 lib/ASA_Lib_HMI.o
 .debug_info    0x0000000000008d98       0x26 e:/avr-gcc-7.2.0-x64-mingw/bin/../lib/gcc/avr/7.2.0/avr51\libgcc.a(_divmodhi4.o)
 .debug_info    0x0000000000008dbe       0x26 e:/avr-gcc-7.2.0-x64-mingw/bin/../lib/gcc/avr/7.2.0/avr51\libgcc.a(_udivmodsi4.o)
 .debug_info    0x0000000000008de4       0x26 e:/avr-gcc-7.2.0-x64-mingw/bin/../lib/gcc/avr/7.2.0/avr51\libgcc.a(_exit.o)
 .debug_info    0x0000000000008e0a       0x26 e:/avr-gcc-7.2.0-x64-mingw/bin/../lib/gcc/avr/7.2.0/avr51\libgcc.a(_copy_data.o)
 .debug_info    0x0000000000008e30       0x26 e:/avr-gcc-7.2.0-x64-mingw/bin/../lib/gcc/avr/7.2.0/avr51\libgcc.a(_clear_bss.o)
 .debug_info    0x0000000000008e56       0x26 e:/avr-gcc-7.2.0-x64-mingw/bin/../lib/gcc/avr/7.2.0/avr51\libgcc.a(_muluhisi3.o)
 .debug_info    0x0000000000008e7c       0x26 e:/avr-gcc-7.2.0-x64-mingw/bin/../lib/gcc/avr/7.2.0/avr51\libgcc.a(_udivmodhi4.o)
 .debug_info    0x0000000000008ea2       0x26 e:/avr-gcc-7.2.0-x64-mingw/bin/../lib/gcc/avr/7.2.0/avr51\libgcc.a(_umulhisi3.o)

.debug_abbrev   0x0000000000000000     0x1a28
 *(.debug_abbrev)
 .debug_abbrev  0x0000000000000000      0x718 e:/avr-gcc-7.2.0-x64-mingw/bin/../lib/gcc/avr/7.2.0/../../../../avr/lib/avr51/crtatmega128.o
 .debug_abbrev  0x0000000000000718      0x2e0 2-3.o
 .debug_abbrev  0x00000000000009f8      0x112 lib/SDC00/diskio.o
 .debug_abbrev  0x0000000000000b0a       0x26 lib/SDC00/ffunicode_avr.o
 .debug_abbrev  0x0000000000000b30      0x3ba lib/SDC00/ff.o
 .debug_abbrev  0x0000000000000eea      0x339 lib/SDC00/ASA_lib_SDC00.o
 .debug_abbrev  0x0000000000001223      0x32d lib/SDC00/mmc_avr_spi.o
 .debug_abbrev  0x0000000000001550      0x168 lib/DAC00/ASA_Lib_DAC00.o
 .debug_abbrev  0x00000000000016b8      0x116 lib/ASA_Lib_M128.o
 .debug_abbrev  0x00000000000017ce      0x1ba lib/ASA_Lib_HMI.o
 .debug_abbrev  0x0000000000001988       0x14 e:/avr-gcc-7.2.0-x64-mingw/bin/../lib/gcc/avr/7.2.0/avr51\libgcc.a(_divmodhi4.o)
 .debug_abbrev  0x000000000000199c       0x14 e:/avr-gcc-7.2.0-x64-mingw/bin/../lib/gcc/avr/7.2.0/avr51\libgcc.a(_udivmodsi4.o)
 .debug_abbrev  0x00000000000019b0       0x14 e:/avr-gcc-7.2.0-x64-mingw/bin/../lib/gcc/avr/7.2.0/avr51\libgcc.a(_exit.o)
 .debug_abbrev  0x00000000000019c4       0x14 e:/avr-gcc-7.2.0-x64-mingw/bin/../lib/gcc/avr/7.2.0/avr51\libgcc.a(_copy_data.o)
 .debug_abbrev  0x00000000000019d8       0x14 e:/avr-gcc-7.2.0-x64-mingw/bin/../lib/gcc/avr/7.2.0/avr51\libgcc.a(_clear_bss.o)
 .debug_abbrev  0x00000000000019ec       0x14 e:/avr-gcc-7.2.0-x64-mingw/bin/../lib/gcc/avr/7.2.0/avr51\libgcc.a(_muluhisi3.o)
 .debug_abbrev  0x0000000000001a00       0x14 e:/avr-gcc-7.2.0-x64-mingw/bin/../lib/gcc/avr/7.2.0/avr51\libgcc.a(_udivmodhi4.o)
 .debug_abbrev  0x0000000000001a14       0x14 e:/avr-gcc-7.2.0-x64-mingw/bin/../lib/gcc/avr/7.2.0/avr51\libgcc.a(_umulhisi3.o)

.debug_line     0x0000000000000000     0x460c
 *(.debug_line .debug_line.* .debug_line_end)
 .debug_line    0x0000000000000000       0x1d e:/avr-gcc-7.2.0-x64-mingw/bin/../lib/gcc/avr/7.2.0/../../../../avr/lib/avr51/crtatmega128.o
 .debug_line    0x000000000000001d      0x32d 2-3.o
 .debug_line    0x000000000000034a       0xff lib/SDC00/diskio.o
 .debug_line    0x0000000000000449       0x1d lib/SDC00/ffunicode_avr.o
 .debug_line    0x0000000000000466     0x2860 lib/SDC00/ff.o
 .debug_line    0x0000000000002cc6      0x51d lib/SDC00/ASA_lib_SDC00.o
 .debug_line    0x00000000000031e3      0x7ee lib/SDC00/mmc_avr_spi.o
 .debug_line    0x00000000000039d1      0x255 lib/DAC00/ASA_Lib_DAC00.o
 .debug_line    0x0000000000003c26      0x130 lib/ASA_Lib_M128.o
 .debug_line    0x0000000000003d56      0x338 lib/ASA_Lib_HMI.o
 .debug_line    0x000000000000408e       0xc7 e:/avr-gcc-7.2.0-x64-mingw/bin/../lib/gcc/avr/7.2.0/avr51\libgcc.a(_divmodhi4.o)
 .debug_line    0x0000000000004155      0x121 e:/avr-gcc-7.2.0-x64-mingw/bin/../lib/gcc/avr/7.2.0/avr51\libgcc.a(_udivmodsi4.o)
 .debug_line    0x0000000000004276       0x61 e:/avr-gcc-7.2.0-x64-mingw/bin/../lib/gcc/avr/7.2.0/avr51\libgcc.a(_exit.o)
 .debug_line    0x00000000000042d7       0xa3 e:/avr-gcc-7.2.0-x64-mingw/bin/../lib/gcc/avr/7.2.0/avr51\libgcc.a(_copy_data.o)
 .debug_line    0x000000000000437a       0x85 e:/avr-gcc-7.2.0-x64-mingw/bin/../lib/gcc/avr/7.2.0/avr51\libgcc.a(_clear_bss.o)
 .debug_line    0x00000000000043ff       0x91 e:/avr-gcc-7.2.0-x64-mingw/bin/../lib/gcc/avr/7.2.0/avr51\libgcc.a(_muluhisi3.o)
 .debug_line    0x0000000000004490       0xcd e:/avr-gcc-7.2.0-x64-mingw/bin/../lib/gcc/avr/7.2.0/avr51\libgcc.a(_udivmodhi4.o)
 .debug_line    0x000000000000455d       0xaf e:/avr-gcc-7.2.0-x64-mingw/bin/../lib/gcc/avr/7.2.0/avr51\libgcc.a(_umulhisi3.o)

.debug_frame    0x0000000000000000     0x147c
 *(.debug_frame)
 .debug_frame   0x0000000000000000      0x124 2-3.o
 .debug_frame   0x0000000000000124       0x8c lib/SDC00/diskio.o
 .debug_frame   0x00000000000001b0      0xd58 lib/SDC00/ff.o
 .debug_frame   0x0000000000000f08      0x148 lib/SDC00/ASA_lib_SDC00.o
 .debug_frame   0x0000000000001050      0x1c8 lib/SDC00/mmc_avr_spi.o
 .debug_frame   0x0000000000001218       0xcc lib/DAC00/ASA_Lib_DAC00.o
 .debug_frame   0x00000000000012e4       0x40 lib/ASA_Lib_M128.o
 .debug_frame   0x0000000000001324      0x158 lib/ASA_Lib_HMI.o

.debug_str      0x0000000000000000     0x106f
 *(.debug_str)
 .debug_str     0x0000000000000000      0x27d e:/avr-gcc-7.2.0-x64-mingw/bin/../lib/gcc/avr/7.2.0/../../../../avr/lib/avr51/crtatmega128.o
 .debug_str     0x000000000000027d      0x225 2-3.o
                                        0x285 (size before relaxing)
 .debug_str     0x00000000000004a2       0xf0 lib/SDC00/diskio.o
                                        0x238 (size before relaxing)
 .debug_str     0x0000000000000592       0x1a lib/SDC00/ffunicode_avr.o
                                        0x148 (size before relaxing)
 .debug_str     0x00000000000005ac      0x5d7 lib/SDC00/ff.o
                                        0x7be (size before relaxing)
 .debug_str     0x0000000000000b83      0x1c8 lib/SDC00/ASA_lib_SDC00.o
                                        0x5fc (size before relaxing)
 .debug_str     0x0000000000000d4b       0xce lib/SDC00/mmc_avr_spi.o
                                        0x2ee (size before relaxing)
 .debug_str     0x0000000000000e19       0x6e lib/DAC00/ASA_Lib_DAC00.o
                                        0x1f7 (size before relaxing)
 .debug_str     0x0000000000000e87       0x74 lib/ASA_Lib_M128.o
                                        0x119 (size before relaxing)
 .debug_str     0x0000000000000efb      0x115 lib/ASA_Lib_HMI.o
                                        0x2be (size before relaxing)
 .debug_str     0x0000000000001010       0x5f e:/avr-gcc-7.2.0-x64-mingw/bin/../lib/gcc/avr/7.2.0/avr51\libgcc.a(_divmodhi4.o)
 .debug_str     0x000000000000106f       0x5f e:/avr-gcc-7.2.0-x64-mingw/bin/../lib/gcc/avr/7.2.0/avr51\libgcc.a(_udivmodsi4.o)
 .debug_str     0x000000000000106f       0x5f e:/avr-gcc-7.2.0-x64-mingw/bin/../lib/gcc/avr/7.2.0/avr51\libgcc.a(_exit.o)
 .debug_str     0x000000000000106f       0x5f e:/avr-gcc-7.2.0-x64-mingw/bin/../lib/gcc/avr/7.2.0/avr51\libgcc.a(_copy_data.o)
 .debug_str     0x000000000000106f       0x5f e:/avr-gcc-7.2.0-x64-mingw/bin/../lib/gcc/avr/7.2.0/avr51\libgcc.a(_clear_bss.o)
 .debug_str     0x000000000000106f       0x5f e:/avr-gcc-7.2.0-x64-mingw/bin/../lib/gcc/avr/7.2.0/avr51\libgcc.a(_muluhisi3.o)
 .debug_str     0x000000000000106f       0x5f e:/avr-gcc-7.2.0-x64-mingw/bin/../lib/gcc/avr/7.2.0/avr51\libgcc.a(_udivmodhi4.o)
 .debug_str     0x000000000000106f       0x5f e:/avr-gcc-7.2.0-x64-mingw/bin/../lib/gcc/avr/7.2.0/avr51\libgcc.a(_umulhisi3.o)

.debug_loc      0x0000000000000000     0xb894
 *(.debug_loc)
 .debug_loc     0x0000000000000000      0x41c 2-3.o
 .debug_loc     0x000000000000041c      0x37d lib/SDC00/diskio.o
 .debug_loc     0x0000000000000799     0x87fd lib/SDC00/ff.o
 .debug_loc     0x0000000000008f96      0xa38 lib/SDC00/ASA_lib_SDC00.o
 .debug_loc     0x00000000000099ce      0xfa6 lib/SDC00/mmc_avr_spi.o
 .debug_loc     0x000000000000a974      0x544 lib/DAC00/ASA_Lib_DAC00.o
 .debug_loc     0x000000000000aeb8       0x6e lib/ASA_Lib_M128.o
 .debug_loc     0x000000000000af26      0x96e lib/ASA_Lib_HMI.o

.debug_macinfo
 *(.debug_macinfo)

.debug_weaknames
 *(.debug_weaknames)

.debug_funcnames
 *(.debug_funcnames)

.debug_typenames
 *(.debug_typenames)

.debug_varnames
 *(.debug_varnames)

.debug_pubtypes
 *(.debug_pubtypes)

.debug_ranges   0x0000000000000000      0x1b8
 *(.debug_ranges)
 .debug_ranges  0x0000000000000000       0x50 2-3.o
 .debug_ranges  0x0000000000000050       0xb8 lib/SDC00/ff.o
 .debug_ranges  0x0000000000000108       0xb0 lib/SDC00/ASA_lib_SDC00.o

.debug_macro
 *(.debug_macro)

.debug_addr
 *(.debug_addr)
OUTPUT(2-3.elf elf32-avr)
LOAD linker stubs
