Archive member included to satisfy reference by file (symbol)

e:/avr-gcc-7.2.0-x64-mingw/bin/../lib/gcc/avr/7.2.0/../../../../avr/lib/avr51\libm.a(addsf3.o)
                              ex1-1.o (__addsf3)
e:/avr-gcc-7.2.0-x64-mingw/bin/../lib/gcc/avr/7.2.0/../../../../avr/lib/avr51\libm.a(addsf3x.o)
                              e:/avr-gcc-7.2.0-x64-mingw/bin/../lib/gcc/avr/7.2.0/../../../../avr/lib/avr51\libm.a(addsf3.o) (__addsf3x)
e:/avr-gcc-7.2.0-x64-mingw/bin/../lib/gcc/avr/7.2.0/../../../../avr/lib/avr51\libm.a(fp_inf.o)
                              e:/avr-gcc-7.2.0-x64-mingw/bin/../lib/gcc/avr/7.2.0/../../../../avr/lib/avr51\libm.a(addsf3x.o) (__fp_inf)
e:/avr-gcc-7.2.0-x64-mingw/bin/../lib/gcc/avr/7.2.0/../../../../avr/lib/avr51\libm.a(fp_nan.o)
                              e:/avr-gcc-7.2.0-x64-mingw/bin/../lib/gcc/avr/7.2.0/../../../../avr/lib/avr51\libm.a(addsf3x.o) (__fp_nan)
e:/avr-gcc-7.2.0-x64-mingw/bin/../lib/gcc/avr/7.2.0/../../../../avr/lib/avr51\libm.a(fp_pscA.o)
                              e:/avr-gcc-7.2.0-x64-mingw/bin/../lib/gcc/avr/7.2.0/../../../../avr/lib/avr51\libm.a(addsf3x.o) (__fp_pscA)
e:/avr-gcc-7.2.0-x64-mingw/bin/../lib/gcc/avr/7.2.0/../../../../avr/lib/avr51\libm.a(fp_pscB.o)
                              e:/avr-gcc-7.2.0-x64-mingw/bin/../lib/gcc/avr/7.2.0/../../../../avr/lib/avr51\libm.a(addsf3x.o) (__fp_pscB)
e:/avr-gcc-7.2.0-x64-mingw/bin/../lib/gcc/avr/7.2.0/../../../../avr/lib/avr51\libm.a(fp_round.o)
                              e:/avr-gcc-7.2.0-x64-mingw/bin/../lib/gcc/avr/7.2.0/../../../../avr/lib/avr51\libm.a(addsf3.o) (__fp_round)
e:/avr-gcc-7.2.0-x64-mingw/bin/../lib/gcc/avr/7.2.0/../../../../avr/lib/avr51\libm.a(fp_split3.o)
                              e:/avr-gcc-7.2.0-x64-mingw/bin/../lib/gcc/avr/7.2.0/../../../../avr/lib/avr51\libm.a(addsf3x.o) (__fp_split3)
e:/avr-gcc-7.2.0-x64-mingw/bin/../lib/gcc/avr/7.2.0/../../../../avr/lib/avr51\libm.a(fp_zero.o)
                              e:/avr-gcc-7.2.0-x64-mingw/bin/../lib/gcc/avr/7.2.0/../../../../avr/lib/avr51\libm.a(addsf3x.o) (__fp_zero)
e:/avr-gcc-7.2.0-x64-mingw/bin/../lib/gcc/avr/7.2.0/../../../../avr/lib/avr51\libm.a(mulsf3.o)
                              ex1-1.o (__mulsf3)
e:/avr-gcc-7.2.0-x64-mingw/bin/../lib/gcc/avr/7.2.0/../../../../avr/lib/avr51\libm.a(mulsf3x.o)
                              e:/avr-gcc-7.2.0-x64-mingw/bin/../lib/gcc/avr/7.2.0/../../../../avr/lib/avr51\libm.a(mulsf3.o) (__mulsf3x)
e:/avr-gcc-7.2.0-x64-mingw/bin/../lib/gcc/avr/7.2.0/../../../../avr/lib/avr51\libprintf_flt.a(vfprintf_flt.o)
                              (vfprintf)
e:/avr-gcc-7.2.0-x64-mingw/bin/../lib/gcc/avr/7.2.0/../../../../avr/lib/avr51\libscanf_flt.a(vfscanf_flt.o)
                              (vfscanf)
e:/avr-gcc-7.2.0-x64-mingw/bin/../lib/gcc/avr/7.2.0/avr51\libgcc.a(_udivmodsi4.o)
                              lib/SDC00/ff.o (__udivmodsi4)
e:/avr-gcc-7.2.0-x64-mingw/bin/../lib/gcc/avr/7.2.0/avr51\libgcc.a(_exit.o)
                              e:/avr-gcc-7.2.0-x64-mingw/bin/../lib/gcc/avr/7.2.0/../../../../avr/lib/avr51/crtatmega128.o (exit)
e:/avr-gcc-7.2.0-x64-mingw/bin/../lib/gcc/avr/7.2.0/avr51\libgcc.a(_copy_data.o)
                              ex1-1.o (__do_copy_data)
e:/avr-gcc-7.2.0-x64-mingw/bin/../lib/gcc/avr/7.2.0/avr51\libgcc.a(_clear_bss.o)
                              lib/SDC00/ff.o (__do_clear_bss)
e:/avr-gcc-7.2.0-x64-mingw/bin/../lib/gcc/avr/7.2.0/avr51\libgcc.a(_muluhisi3.o)
                              lib/SDC00/ff.o (__muluhisi3)
e:/avr-gcc-7.2.0-x64-mingw/bin/../lib/gcc/avr/7.2.0/avr51\libgcc.a(_umulhisi3.o)
                              e:/avr-gcc-7.2.0-x64-mingw/bin/../lib/gcc/avr/7.2.0/avr51\libgcc.a(_muluhisi3.o) (__umulhisi3)
e:/avr-gcc-7.2.0-x64-mingw/bin/../lib/gcc/avr/7.2.0/../../../../avr/lib/avr51\libm.a(floatsisf.o)
                              e:/avr-gcc-7.2.0-x64-mingw/bin/../lib/gcc/avr/7.2.0/../../../../avr/lib/avr51\libscanf_flt.a(vfscanf_flt.o) (__floatunsisf)
e:/avr-gcc-7.2.0-x64-mingw/bin/../lib/gcc/avr/7.2.0/../../../../avr/lib/avr51\libc.a(ftoa_engine.o)
                              e:/avr-gcc-7.2.0-x64-mingw/bin/../lib/gcc/avr/7.2.0/../../../../avr/lib/avr51\libprintf_flt.a(vfprintf_flt.o) (__ftoa_engine)
e:/avr-gcc-7.2.0-x64-mingw/bin/../lib/gcc/avr/7.2.0/../../../../avr/lib/avr51\libc.a(isspace.o)
                              e:/avr-gcc-7.2.0-x64-mingw/bin/../lib/gcc/avr/7.2.0/../../../../avr/lib/avr51\libscanf_flt.a(vfscanf_flt.o) (isspace)
e:/avr-gcc-7.2.0-x64-mingw/bin/../lib/gcc/avr/7.2.0/../../../../avr/lib/avr51\libc.a(tolower.o)
                              e:/avr-gcc-7.2.0-x64-mingw/bin/../lib/gcc/avr/7.2.0/../../../../avr/lib/avr51\libscanf_flt.a(vfscanf_flt.o) (tolower)
e:/avr-gcc-7.2.0-x64-mingw/bin/../lib/gcc/avr/7.2.0/../../../../avr/lib/avr51\libc.a(strchr_P.o)
                              e:/avr-gcc-7.2.0-x64-mingw/bin/../lib/gcc/avr/7.2.0/../../../../avr/lib/avr51\libscanf_flt.a(vfscanf_flt.o) (strchr_P)
e:/avr-gcc-7.2.0-x64-mingw/bin/../lib/gcc/avr/7.2.0/../../../../avr/lib/avr51\libc.a(strnlen_P.o)
                              e:/avr-gcc-7.2.0-x64-mingw/bin/../lib/gcc/avr/7.2.0/../../../../avr/lib/avr51\libprintf_flt.a(vfprintf_flt.o) (strnlen_P)
e:/avr-gcc-7.2.0-x64-mingw/bin/../lib/gcc/avr/7.2.0/../../../../avr/lib/avr51\libc.a(strnlen.o)
                              e:/avr-gcc-7.2.0-x64-mingw/bin/../lib/gcc/avr/7.2.0/../../../../avr/lib/avr51\libprintf_flt.a(vfprintf_flt.o) (strnlen)
e:/avr-gcc-7.2.0-x64-mingw/bin/../lib/gcc/avr/7.2.0/../../../../avr/lib/avr51\libc.a(fgetc.o)
                              e:/avr-gcc-7.2.0-x64-mingw/bin/../lib/gcc/avr/7.2.0/../../../../avr/lib/avr51\libscanf_flt.a(vfscanf_flt.o) (fgetc)
e:/avr-gcc-7.2.0-x64-mingw/bin/../lib/gcc/avr/7.2.0/../../../../avr/lib/avr51\libc.a(fputc.o)
                              e:/avr-gcc-7.2.0-x64-mingw/bin/../lib/gcc/avr/7.2.0/../../../../avr/lib/avr51\libprintf_flt.a(vfprintf_flt.o) (fputc)
e:/avr-gcc-7.2.0-x64-mingw/bin/../lib/gcc/avr/7.2.0/../../../../avr/lib/avr51\libc.a(iob.o)
                              lib/ASA_Lib_M128.o (__iob)
e:/avr-gcc-7.2.0-x64-mingw/bin/../lib/gcc/avr/7.2.0/../../../../avr/lib/avr51\libc.a(puts.o)
                              ex1-1.o (puts)
e:/avr-gcc-7.2.0-x64-mingw/bin/../lib/gcc/avr/7.2.0/../../../../avr/lib/avr51\libc.a(scanf.o)
                              ex1-1.o (scanf)
e:/avr-gcc-7.2.0-x64-mingw/bin/../lib/gcc/avr/7.2.0/../../../../avr/lib/avr51\libc.a(sprintf.o)
                              lib/SDC00/ASA_lib_SDC00.o (sprintf)
e:/avr-gcc-7.2.0-x64-mingw/bin/../lib/gcc/avr/7.2.0/../../../../avr/lib/avr51\libc.a(ungetc.o)
                              e:/avr-gcc-7.2.0-x64-mingw/bin/../lib/gcc/avr/7.2.0/../../../../avr/lib/avr51\libscanf_flt.a(vfscanf_flt.o) (ungetc)
e:/avr-gcc-7.2.0-x64-mingw/bin/../lib/gcc/avr/7.2.0/../../../../avr/lib/avr51\libc.a(ultoa_invert.o)
                              e:/avr-gcc-7.2.0-x64-mingw/bin/../lib/gcc/avr/7.2.0/../../../../avr/lib/avr51\libprintf_flt.a(vfprintf_flt.o) (__ultoa_invert)
e:/avr-gcc-7.2.0-x64-mingw/bin/../lib/gcc/avr/7.2.0/../../../../avr/lib/avr51\libc.a(cty_isfalse.o)
                              e:/avr-gcc-7.2.0-x64-mingw/bin/../lib/gcc/avr/7.2.0/../../../../avr/lib/avr51\libc.a(isspace.o) (__ctype_isfalse)

Allocating common symbols
Common symbol       size              file

FatFs               0x466             lib/SDC00/ASA_lib_SDC00.o
FileObj             0x22              lib/SDC00/ASA_lib_SDC00.o
DirObj              0x28              lib/SDC00/ASA_lib_SDC00.o
FileName            0xd               lib/SDC00/ASA_lib_SDC00.o
__iob               0x6               e:/avr-gcc-7.2.0-x64-mingw/bin/../lib/gcc/avr/7.2.0/../../../../avr/lib/avr51\libc.a(iob.o)

Memory Configuration

Name             Origin             Length             Attributes
text             0x0000000000000000 0x0000000000020000 xr
data             0x0000000000800100 0x000000000000ff00 rw !x
eeprom           0x0000000000810000 0x0000000000010000 rw !x
fuse             0x0000000000820000 0x0000000000000400 rw !x
lock             0x0000000000830000 0x0000000000000400 rw !x
signature        0x0000000000840000 0x0000000000000400 rw !x
user_signatures  0x0000000000850000 0x0000000000000400 rw !x
*default*        0x0000000000000000 0xffffffffffffffff

Linker script and memory map

Address of section .data set to 0x800100
LOAD e:/avr-gcc-7.2.0-x64-mingw/bin/../lib/gcc/avr/7.2.0/../../../../avr/lib/avr51/crtatmega128.o
LOAD ex1-1.o
LOAD lib/SDC00/diskio.o
LOAD lib/SDC00/ffunicode_avr.o
LOAD lib/SDC00/ff.o
LOAD lib/SDC00/ASA_lib_SDC00.o
LOAD lib/SDC00/mmc_avr_spi.o
LOAD lib/DAC00/ASA_Lib_DAC00.o
LOAD lib/ASA_Lib_M128.o
LOAD lib/ASA_Lib_HMI.o
LOAD e:/avr-gcc-7.2.0-x64-mingw/bin/../lib/gcc/avr/7.2.0/../../../../avr/lib/avr51\libm.a
LOAD e:/avr-gcc-7.2.0-x64-mingw/bin/../lib/gcc/avr/7.2.0/../../../../avr/lib/avr51\libprintf_flt.a
LOAD e:/avr-gcc-7.2.0-x64-mingw/bin/../lib/gcc/avr/7.2.0/../../../../avr/lib/avr51\libscanf_flt.a
START GROUP
LOAD e:/avr-gcc-7.2.0-x64-mingw/bin/../lib/gcc/avr/7.2.0/avr51\libgcc.a
LOAD e:/avr-gcc-7.2.0-x64-mingw/bin/../lib/gcc/avr/7.2.0/../../../../avr/lib/avr51\libm.a
LOAD e:/avr-gcc-7.2.0-x64-mingw/bin/../lib/gcc/avr/7.2.0/../../../../avr/lib/avr51\libc.a
LOAD e:/avr-gcc-7.2.0-x64-mingw/bin/../lib/gcc/avr/7.2.0/../../../../avr/lib/avr51\libatmega128.a
END GROUP
                0x0000000000020000                __TEXT_REGION_LENGTH__ = DEFINED (__TEXT_REGION_LENGTH__)?__TEXT_REGION_LENGTH__:0x20000
                0x000000000000ff00                __DATA_REGION_LENGTH__ = DEFINED (__DATA_REGION_LENGTH__)?__DATA_REGION_LENGTH__:0xff00
                0x0000000000010000                __EEPROM_REGION_LENGTH__ = DEFINED (__EEPROM_REGION_LENGTH__)?__EEPROM_REGION_LENGTH__:0x10000
                0x0000000000000400                __FUSE_REGION_LENGTH__ = DEFINED (__FUSE_REGION_LENGTH__)?__FUSE_REGION_LENGTH__:0x400
                0x0000000000000400                __LOCK_REGION_LENGTH__ = DEFINED (__LOCK_REGION_LENGTH__)?__LOCK_REGION_LENGTH__:0x400
                0x0000000000000400                __SIGNATURE_REGION_LENGTH__ = DEFINED (__SIGNATURE_REGION_LENGTH__)?__SIGNATURE_REGION_LENGTH__:0x400
                0x0000000000000400                __USER_SIGNATURE_REGION_LENGTH__ = DEFINED (__USER_SIGNATURE_REGION_LENGTH__)?__USER_SIGNATURE_REGION_LENGTH__:0x400

.hash
 *(.hash)

.dynsym
 *(.dynsym)

.dynstr
 *(.dynstr)

.gnu.version
 *(.gnu.version)

.gnu.version_d
 *(.gnu.version_d)

.gnu.version_r
 *(.gnu.version_r)

.rel.init
 *(.rel.init)

.rela.init
 *(.rela.init)

.rel.text
 *(.rel.text)
 *(.rel.text.*)
 *(.rel.gnu.linkonce.t*)

.rela.text
 *(.rela.text)
 *(.rela.text.*)
 *(.rela.gnu.linkonce.t*)

.rel.fini
 *(.rel.fini)

.rela.fini
 *(.rela.fini)

.rel.rodata
 *(.rel.rodata)
 *(.rel.rodata.*)
 *(.rel.gnu.linkonce.r*)

.rela.rodata
 *(.rela.rodata)
 *(.rela.rodata.*)
 *(.rela.gnu.linkonce.r*)

.rel.data
 *(.rel.data)
 *(.rel.data.*)
 *(.rel.gnu.linkonce.d*)

.rela.data
 *(.rela.data)
 *(.rela.data.*)
 *(.rela.gnu.linkonce.d*)

.rel.ctors
 *(.rel.ctors)

.rela.ctors
 *(.rela.ctors)

.rel.dtors
 *(.rel.dtors)

.rela.dtors
 *(.rela.dtors)

.rel.got
 *(.rel.got)

.rela.got
 *(.rela.got)

.rel.bss
 *(.rel.bss)

.rela.bss
 *(.rela.bss)

.rel.plt
 *(.rel.plt)

.rela.plt
 *(.rela.plt)

.text           0x0000000000000000     0x7f24
 *(.vectors)
 .vectors       0x0000000000000000       0x8c e:/avr-gcc-7.2.0-x64-mingw/bin/../lib/gcc/avr/7.2.0/../../../../avr/lib/avr51/crtatmega128.o
                0x0000000000000000                __vector_default
                0x0000000000000000                __vectors
 *(.vectors)
 *(.progmem.gcc*)
                0x000000000000008c                . = ALIGN (0x2)
                0x000000000000008c                __trampolines_start = .
 *(.trampolines)
 .trampolines   0x000000000000008c        0x0 linker stubs
 *(.trampolines*)
                0x000000000000008c                __trampolines_end = .
 *libprintf_flt.a:*(.progmem.data)
 .progmem.data  0x000000000000008c        0x8 e:/avr-gcc-7.2.0-x64-mingw/bin/../lib/gcc/avr/7.2.0/../../../../avr/lib/avr51\libprintf_flt.a(vfprintf_flt.o)
 *libc.a:*(.progmem.data)
 .progmem.data  0x0000000000000094       0xfa e:/avr-gcc-7.2.0-x64-mingw/bin/../lib/gcc/avr/7.2.0/../../../../avr/lib/avr51\libc.a(ftoa_engine.o)
 *(.progmem*)
 .progmem.data  0x000000000000018e       0x4d e:/avr-gcc-7.2.0-x64-mingw/bin/../lib/gcc/avr/7.2.0/../../../../avr/lib/avr51\libscanf_flt.a(vfscanf_flt.o)
                0x00000000000001dc                . = ALIGN (0x2)
 *fill*         0x00000000000001db        0x1 
 *(.lowtext)
 *(.lowtext*)
                0x00000000000001dc                __ctors_start = .
 *(.ctors)
                0x00000000000001dc                __ctors_end = .
                0x00000000000001dc                __dtors_start = .
 *(.dtors)
                0x00000000000001dc                __dtors_end = .
 SORT(*)(.ctors)
 SORT(*)(.dtors)
 *(.init0)
 .init0         0x00000000000001dc        0x0 e:/avr-gcc-7.2.0-x64-mingw/bin/../lib/gcc/avr/7.2.0/../../../../avr/lib/avr51/crtatmega128.o
                0x00000000000001dc                __init
 *(.init0)
 *(.init1)
 *(.init1)
 *(.init2)
 .init2         0x00000000000001dc        0xc e:/avr-gcc-7.2.0-x64-mingw/bin/../lib/gcc/avr/7.2.0/../../../../avr/lib/avr51/crtatmega128.o
 *(.init2)
 *(.init3)
 *(.init3)
 *(.init4)
 .init4         0x00000000000001e8       0x1a e:/avr-gcc-7.2.0-x64-mingw/bin/../lib/gcc/avr/7.2.0/avr51\libgcc.a(_copy_data.o)
                0x00000000000001e8                __do_copy_data
 .init4         0x0000000000000202       0x10 e:/avr-gcc-7.2.0-x64-mingw/bin/../lib/gcc/avr/7.2.0/avr51\libgcc.a(_clear_bss.o)
                0x0000000000000202                __do_clear_bss
 *(.init4)
 *(.init5)
 *(.init5)
 *(.init6)
 *(.init6)
 *(.init7)
 *(.init7)
 *(.init8)
 *(.init8)
 *(.init9)
 .init9         0x0000000000000212        0x8 e:/avr-gcc-7.2.0-x64-mingw/bin/../lib/gcc/avr/7.2.0/../../../../avr/lib/avr51/crtatmega128.o
 *(.init9)
 *(.text)
 .text          0x000000000000021a        0x4 e:/avr-gcc-7.2.0-x64-mingw/bin/../lib/gcc/avr/7.2.0/../../../../avr/lib/avr51/crtatmega128.o
                0x000000000000021a                __vector_22
                0x000000000000021a                __vector_28
                0x000000000000021a                __vector_1
                0x000000000000021a                __vector_32
                0x000000000000021a                __vector_34
                0x000000000000021a                __vector_24
                0x000000000000021a                __vector_12
                0x000000000000021a                __bad_interrupt
                0x000000000000021a                __vector_6
                0x000000000000021a                __vector_31
                0x000000000000021a                __vector_3
                0x000000000000021a                __vector_23
                0x000000000000021a                __vector_30
                0x000000000000021a                __vector_25
                0x000000000000021a                __vector_11
                0x000000000000021a                __vector_13
                0x000000000000021a                __vector_17
                0x000000000000021a                __vector_19
                0x000000000000021a                __vector_7
                0x000000000000021a                __vector_27
                0x000000000000021a                __vector_5
                0x000000000000021a                __vector_33
                0x000000000000021a                __vector_4
                0x000000000000021a                __vector_9
                0x000000000000021a                __vector_2
                0x000000000000021a                __vector_21
                0x000000000000021a                __vector_15
                0x000000000000021a                __vector_29
                0x000000000000021a                __vector_8
                0x000000000000021a                __vector_26
                0x000000000000021a                __vector_14
                0x000000000000021a                __vector_10
                0x000000000000021a                __vector_16
                0x000000000000021a                __vector_18
                0x000000000000021a                __vector_20
 .text          0x000000000000021e        0x0 ex1-1.o
 .text          0x000000000000021e       0x72 lib/SDC00/diskio.o
                0x000000000000021e                disk_status
                0x000000000000022a                disk_initialize
                0x0000000000000236                disk_read
                0x0000000000000258                disk_write
                0x000000000000027a                disk_ioctl
                0x000000000000028c                disk_timerproc
 .text          0x0000000000000290        0x0 lib/SDC00/ffunicode_avr.o
 .text          0x0000000000000290     0x4978 lib/SDC00/ff.o
                0x0000000000001bec                f_mount
                0x0000000000001c6e                f_open
                0x0000000000001f9c                f_read
                0x000000000000223c                f_write
                0x0000000000002678                f_sync
                0x0000000000002724                f_close
                0x0000000000002760                f_chdrive
                0x000000000000278e                f_chdir
                0x000000000000283a                f_getcwd
                0x0000000000002a4c                f_lseek
                0x0000000000002d88                f_opendir
                0x0000000000002e3e                f_closedir
                0x0000000000002e70                f_readdir
                0x0000000000002ee2                f_stat
                0x0000000000002f5e                f_getfree
                0x0000000000003154                f_truncate
                0x0000000000003258                f_unlink
                0x00000000000033c0                f_mkdir
                0x00000000000035be                f_rename
                0x00000000000037d8                f_chmod
                0x0000000000003862                f_utime
                0x0000000000003904                f_getlabel
                0x0000000000003a1a                f_setlabel
                0x0000000000003c6e                f_mkfs
                0x0000000000004750                f_gets
                0x00000000000047ec                f_putc
                0x0000000000004834                f_puts
                0x000000000000488c                f_printf
 .text          0x0000000000004c08      0x546 lib/SDC00/ASA_lib_SDC00.o
                0x0000000000004c08                ASA_ID_check
                0x0000000000004c14                ASA_ID_set
                0x0000000000004c38                ASA_SDC00_Select
                0x0000000000004c50                ASA_SDC00_Deselect
                0x0000000000004c6a                ASA_SDC00_Init
                0x0000000000004cec                ASA_SDC00_set
                0x0000000000004e0a                ASA_SDC00_put
                0x0000000000004fa0                check_info
                0x000000000000500c                ASA_SDC00_get
 .text          0x000000000000514e      0xd0e lib/SDC00/mmc_avr_spi.o
                0x00000000000053da                mmc_disk_initialize
                0x0000000000005686                mmc_disk_status
                0x000000000000568c                mmc_disk_read
                0x0000000000005714                mmc_disk_write
                0x0000000000005814                mmc_disk_ioctl
                0x0000000000005df8                mmc_disk_timerproc
 .text          0x0000000000005e5c      0x1d2 lib/DAC00/ASA_Lib_DAC00.o
                0x0000000000005e9e                ASA_DAC00_set
                0x0000000000005f30                ASA_DAC00_put
                0x0000000000005fb4                ASA_DAC00_get
 .text          0x000000000000602e       0x64 lib/ASA_Lib_M128.o
                0x000000000000602e                stdio_putchar
                0x000000000000604a                stdio_getchar
                0x0000000000006062                ASA_M128_set
 .text          0x0000000000006092      0x302 lib/ASA_Lib_HMI.o
                0x0000000000006092                uart_put
                0x000000000000609a                uart_get
                0x00000000000060a2                M128_HMI_set
                0x00000000000060ce                HMI_timeout_set
                0x000000000000610c                M128_HMI_put
                0x0000000000006184                M128_HMI_get
                0x0000000000006212                M128_HMI_Form_put
                0x00000000000062cc                M128_HMI_Form_get
 .text          0x0000000000006394        0x0 e:/avr-gcc-7.2.0-x64-mingw/bin/../lib/gcc/avr/7.2.0/../../../../avr/lib/avr51\libm.a(addsf3.o)
 .text          0x0000000000006394        0x0 e:/avr-gcc-7.2.0-x64-mingw/bin/../lib/gcc/avr/7.2.0/../../../../avr/lib/avr51\libm.a(addsf3x.o)
 .text          0x0000000000006394        0x0 e:/avr-gcc-7.2.0-x64-mingw/bin/../lib/gcc/avr/7.2.0/../../../../avr/lib/avr51\libm.a(fp_inf.o)
 .text          0x0000000000006394        0x0 e:/avr-gcc-7.2.0-x64-mingw/bin/../lib/gcc/avr/7.2.0/../../../../avr/lib/avr51\libm.a(fp_nan.o)
 .text          0x0000000000006394        0x0 e:/avr-gcc-7.2.0-x64-mingw/bin/../lib/gcc/avr/7.2.0/../../../../avr/lib/avr51\libm.a(fp_pscA.o)
 .text          0x0000000000006394        0x0 e:/avr-gcc-7.2.0-x64-mingw/bin/../lib/gcc/avr/7.2.0/../../../../avr/lib/avr51\libm.a(fp_pscB.o)
 .text          0x0000000000006394        0x0 e:/avr-gcc-7.2.0-x64-mingw/bin/../lib/gcc/avr/7.2.0/../../../../avr/lib/avr51\libm.a(fp_round.o)
 .text          0x0000000000006394        0x0 e:/avr-gcc-7.2.0-x64-mingw/bin/../lib/gcc/avr/7.2.0/../../../../avr/lib/avr51\libm.a(fp_split3.o)
 .text          0x0000000000006394        0x0 e:/avr-gcc-7.2.0-x64-mingw/bin/../lib/gcc/avr/7.2.0/../../../../avr/lib/avr51\libm.a(fp_zero.o)
 .text          0x0000000000006394        0x0 e:/avr-gcc-7.2.0-x64-mingw/bin/../lib/gcc/avr/7.2.0/../../../../avr/lib/avr51\libm.a(mulsf3.o)
 .text          0x0000000000006394        0x0 e:/avr-gcc-7.2.0-x64-mingw/bin/../lib/gcc/avr/7.2.0/../../../../avr/lib/avr51\libm.a(mulsf3x.o)
 .text          0x0000000000006394        0x0 e:/avr-gcc-7.2.0-x64-mingw/bin/../lib/gcc/avr/7.2.0/../../../../avr/lib/avr51\libprintf_flt.a(vfprintf_flt.o)
 .text          0x0000000000006394        0x0 e:/avr-gcc-7.2.0-x64-mingw/bin/../lib/gcc/avr/7.2.0/../../../../avr/lib/avr51\libscanf_flt.a(vfscanf_flt.o)
 .text          0x0000000000006394        0x0 e:/avr-gcc-7.2.0-x64-mingw/bin/../lib/gcc/avr/7.2.0/avr51\libgcc.a(_udivmodsi4.o)
 .text          0x0000000000006394        0x0 e:/avr-gcc-7.2.0-x64-mingw/bin/../lib/gcc/avr/7.2.0/avr51\libgcc.a(_exit.o)
 .text          0x0000000000006394        0x0 e:/avr-gcc-7.2.0-x64-mingw/bin/../lib/gcc/avr/7.2.0/avr51\libgcc.a(_copy_data.o)
 .text          0x0000000000006394        0x0 e:/avr-gcc-7.2.0-x64-mingw/bin/../lib/gcc/avr/7.2.0/avr51\libgcc.a(_clear_bss.o)
 .text          0x0000000000006394        0x0 e:/avr-gcc-7.2.0-x64-mingw/bin/../lib/gcc/avr/7.2.0/avr51\libgcc.a(_muluhisi3.o)
 .text          0x0000000000006394        0x0 e:/avr-gcc-7.2.0-x64-mingw/bin/../lib/gcc/avr/7.2.0/avr51\libgcc.a(_umulhisi3.o)
 .text          0x0000000000006394        0x0 e:/avr-gcc-7.2.0-x64-mingw/bin/../lib/gcc/avr/7.2.0/../../../../avr/lib/avr51\libm.a(floatsisf.o)
 .text          0x0000000000006394        0x0 e:/avr-gcc-7.2.0-x64-mingw/bin/../lib/gcc/avr/7.2.0/../../../../avr/lib/avr51\libc.a(ftoa_engine.o)
 .text          0x0000000000006394        0x0 e:/avr-gcc-7.2.0-x64-mingw/bin/../lib/gcc/avr/7.2.0/../../../../avr/lib/avr51\libc.a(isspace.o)
 .text          0x0000000000006394        0x0 e:/avr-gcc-7.2.0-x64-mingw/bin/../lib/gcc/avr/7.2.0/../../../../avr/lib/avr51\libc.a(tolower.o)
 .text          0x0000000000006394        0x0 e:/avr-gcc-7.2.0-x64-mingw/bin/../lib/gcc/avr/7.2.0/../../../../avr/lib/avr51\libc.a(strchr_P.o)
 .text          0x0000000000006394        0x0 e:/avr-gcc-7.2.0-x64-mingw/bin/../lib/gcc/avr/7.2.0/../../../../avr/lib/avr51\libc.a(strnlen_P.o)
 .text          0x0000000000006394        0x0 e:/avr-gcc-7.2.0-x64-mingw/bin/../lib/gcc/avr/7.2.0/../../../../avr/lib/avr51\libc.a(strnlen.o)
 .text          0x0000000000006394        0x0 e:/avr-gcc-7.2.0-x64-mingw/bin/../lib/gcc/avr/7.2.0/../../../../avr/lib/avr51\libc.a(fgetc.o)
 .text          0x0000000000006394        0x0 e:/avr-gcc-7.2.0-x64-mingw/bin/../lib/gcc/avr/7.2.0/../../../../avr/lib/avr51\libc.a(fputc.o)
 .text          0x0000000000006394        0x0 e:/avr-gcc-7.2.0-x64-mingw/bin/../lib/gcc/avr/7.2.0/../../../../avr/lib/avr51\libc.a(iob.o)
 .text          0x0000000000006394        0x0 e:/avr-gcc-7.2.0-x64-mingw/bin/../lib/gcc/avr/7.2.0/../../../../avr/lib/avr51\libc.a(puts.o)
 .text          0x0000000000006394        0x0 e:/avr-gcc-7.2.0-x64-mingw/bin/../lib/gcc/avr/7.2.0/../../../../avr/lib/avr51\libc.a(scanf.o)
 .text          0x0000000000006394        0x0 e:/avr-gcc-7.2.0-x64-mingw/bin/../lib/gcc/avr/7.2.0/../../../../avr/lib/avr51\libc.a(sprintf.o)
 .text          0x0000000000006394        0x0 e:/avr-gcc-7.2.0-x64-mingw/bin/../lib/gcc/avr/7.2.0/../../../../avr/lib/avr51\libc.a(ungetc.o)
 .text          0x0000000000006394        0x0 e:/avr-gcc-7.2.0-x64-mingw/bin/../lib/gcc/avr/7.2.0/../../../../avr/lib/avr51\libc.a(ultoa_invert.o)
 .text          0x0000000000006394        0x0 e:/avr-gcc-7.2.0-x64-mingw/bin/../lib/gcc/avr/7.2.0/../../../../avr/lib/avr51\libc.a(cty_isfalse.o)
                0x0000000000006394                . = ALIGN (0x2)
 *(.text.*)
 .text.startup  0x0000000000006394      0x428 ex1-1.o
                0x0000000000006394                main
 .text.avr-libc.fplib
                0x00000000000067bc        0xe e:/avr-gcc-7.2.0-x64-mingw/bin/../lib/gcc/avr/7.2.0/../../../../avr/lib/avr51\libm.a(addsf3.o)
                0x00000000000067bc                __subsf3
                0x00000000000067be                __addsf3
 .text.avr-libc.fplib
                0x00000000000067ca       0xcc e:/avr-gcc-7.2.0-x64-mingw/bin/../lib/gcc/avr/7.2.0/../../../../avr/lib/avr51\libm.a(addsf3x.o)
                0x00000000000067ec                __addsf3x
 .text.avr-libc.fplib
                0x0000000000006896        0xc e:/avr-gcc-7.2.0-x64-mingw/bin/../lib/gcc/avr/7.2.0/../../../../avr/lib/avr51\libm.a(fp_inf.o)
                0x0000000000006896                __fp_inf
 .text.avr-libc.fplib
                0x00000000000068a2        0x6 e:/avr-gcc-7.2.0-x64-mingw/bin/../lib/gcc/avr/7.2.0/../../../../avr/lib/avr51\libm.a(fp_nan.o)
                0x00000000000068a2                __fp_nan
 .text.avr-libc.fplib
                0x00000000000068a8        0xe e:/avr-gcc-7.2.0-x64-mingw/bin/../lib/gcc/avr/7.2.0/../../../../avr/lib/avr51\libm.a(fp_pscA.o)
                0x00000000000068a8                __fp_pscA
 .text.avr-libc.fplib
                0x00000000000068b6        0xe e:/avr-gcc-7.2.0-x64-mingw/bin/../lib/gcc/avr/7.2.0/../../../../avr/lib/avr51\libm.a(fp_pscB.o)
                0x00000000000068b6                __fp_pscB
 .text.avr-libc.fplib
                0x00000000000068c4       0x22 e:/avr-gcc-7.2.0-x64-mingw/bin/../lib/gcc/avr/7.2.0/../../../../avr/lib/avr51\libm.a(fp_round.o)
                0x00000000000068c4                __fp_round
 .text.avr-libc.fplib
                0x00000000000068e6       0x44 e:/avr-gcc-7.2.0-x64-mingw/bin/../lib/gcc/avr/7.2.0/../../../../avr/lib/avr51\libm.a(fp_split3.o)
                0x00000000000068e6                __fp_split3
                0x00000000000068f6                __fp_splitA
 .text.avr-libc.fplib
                0x000000000000692a        0xe e:/avr-gcc-7.2.0-x64-mingw/bin/../lib/gcc/avr/7.2.0/../../../../avr/lib/avr51\libm.a(fp_zero.o)
                0x000000000000692a                __fp_zero
                0x000000000000692c                __fp_szero
 .text.avr-libc.fplib
                0x0000000000006938        0x8 e:/avr-gcc-7.2.0-x64-mingw/bin/../lib/gcc/avr/7.2.0/../../../../avr/lib/avr51\libm.a(mulsf3.o)
                0x0000000000006938                __mulsf3
 .text.avr-libc.fplib
                0x0000000000006940       0xd2 e:/avr-gcc-7.2.0-x64-mingw/bin/../lib/gcc/avr/7.2.0/../../../../avr/lib/avr51\libm.a(mulsf3x.o)
                0x000000000000695e                __mulsf3x
                0x0000000000006964                __mulsf3_pse
 .text.avr-libc
                0x0000000000006a12      0x714 e:/avr-gcc-7.2.0-x64-mingw/bin/../lib/gcc/avr/7.2.0/../../../../avr/lib/avr51\libprintf_flt.a(vfprintf_flt.o)
                0x0000000000006a12                vfprintf
 .text.avr-libc
                0x0000000000007126      0x84c e:/avr-gcc-7.2.0-x64-mingw/bin/../lib/gcc/avr/7.2.0/../../../../avr/lib/avr51\libscanf_flt.a(vfscanf_flt.o)
                0x000000000000770c                vfscanf
 .text.libgcc.mul
                0x0000000000007972        0x0 e:/avr-gcc-7.2.0-x64-mingw/bin/../lib/gcc/avr/7.2.0/avr51\libgcc.a(_udivmodsi4.o)
 .text.libgcc.div
                0x0000000000007972       0x44 e:/avr-gcc-7.2.0-x64-mingw/bin/../lib/gcc/avr/7.2.0/avr51\libgcc.a(_udivmodsi4.o)
                0x0000000000007972                __udivmodsi4
 .text.libgcc   0x00000000000079b6        0x0 e:/avr-gcc-7.2.0-x64-mingw/bin/../lib/gcc/avr/7.2.0/avr51\libgcc.a(_udivmodsi4.o)
 .text.libgcc.prologue
                0x00000000000079b6        0x0 e:/avr-gcc-7.2.0-x64-mingw/bin/../lib/gcc/avr/7.2.0/avr51\libgcc.a(_udivmodsi4.o)
 .text.libgcc.builtins
                0x00000000000079b6        0x0 e:/avr-gcc-7.2.0-x64-mingw/bin/../lib/gcc/avr/7.2.0/avr51\libgcc.a(_udivmodsi4.o)
 .text.libgcc.fmul
                0x00000000000079b6        0x0 e:/avr-gcc-7.2.0-x64-mingw/bin/../lib/gcc/avr/7.2.0/avr51\libgcc.a(_udivmodsi4.o)
 .text.libgcc.fixed
                0x00000000000079b6        0x0 e:/avr-gcc-7.2.0-x64-mingw/bin/../lib/gcc/avr/7.2.0/avr51\libgcc.a(_udivmodsi4.o)
 .text.libgcc.mul
                0x00000000000079b6        0x0 e:/avr-gcc-7.2.0-x64-mingw/bin/../lib/gcc/avr/7.2.0/avr51\libgcc.a(_exit.o)
 .text.libgcc.div
                0x00000000000079b6        0x0 e:/avr-gcc-7.2.0-x64-mingw/bin/../lib/gcc/avr/7.2.0/avr51\libgcc.a(_exit.o)
 .text.libgcc   0x00000000000079b6        0x0 e:/avr-gcc-7.2.0-x64-mingw/bin/../lib/gcc/avr/7.2.0/avr51\libgcc.a(_exit.o)
 .text.libgcc.prologue
                0x00000000000079b6        0x0 e:/avr-gcc-7.2.0-x64-mingw/bin/../lib/gcc/avr/7.2.0/avr51\libgcc.a(_exit.o)
 .text.libgcc.builtins
                0x00000000000079b6        0x0 e:/avr-gcc-7.2.0-x64-mingw/bin/../lib/gcc/avr/7.2.0/avr51\libgcc.a(_exit.o)
 .text.libgcc.fmul
                0x00000000000079b6        0x0 e:/avr-gcc-7.2.0-x64-mingw/bin/../lib/gcc/avr/7.2.0/avr51\libgcc.a(_exit.o)
 .text.libgcc.fixed
                0x00000000000079b6        0x0 e:/avr-gcc-7.2.0-x64-mingw/bin/../lib/gcc/avr/7.2.0/avr51\libgcc.a(_exit.o)
 .text.libgcc.mul
                0x00000000000079b6        0x0 e:/avr-gcc-7.2.0-x64-mingw/bin/../lib/gcc/avr/7.2.0/avr51\libgcc.a(_copy_data.o)
 .text.libgcc.div
                0x00000000000079b6        0x0 e:/avr-gcc-7.2.0-x64-mingw/bin/../lib/gcc/avr/7.2.0/avr51\libgcc.a(_copy_data.o)
 .text.libgcc   0x00000000000079b6        0x0 e:/avr-gcc-7.2.0-x64-mingw/bin/../lib/gcc/avr/7.2.0/avr51\libgcc.a(_copy_data.o)
 .text.libgcc.prologue
                0x00000000000079b6        0x0 e:/avr-gcc-7.2.0-x64-mingw/bin/../lib/gcc/avr/7.2.0/avr51\libgcc.a(_copy_data.o)
 .text.libgcc.builtins
                0x00000000000079b6        0x0 e:/avr-gcc-7.2.0-x64-mingw/bin/../lib/gcc/avr/7.2.0/avr51\libgcc.a(_copy_data.o)
 .text.libgcc.fmul
                0x00000000000079b6        0x0 e:/avr-gcc-7.2.0-x64-mingw/bin/../lib/gcc/avr/7.2.0/avr51\libgcc.a(_copy_data.o)
 .text.libgcc.fixed
                0x00000000000079b6        0x0 e:/avr-gcc-7.2.0-x64-mingw/bin/../lib/gcc/avr/7.2.0/avr51\libgcc.a(_copy_data.o)
 .text.libgcc.mul
                0x00000000000079b6        0x0 e:/avr-gcc-7.2.0-x64-mingw/bin/../lib/gcc/avr/7.2.0/avr51\libgcc.a(_clear_bss.o)
 .text.libgcc.div
                0x00000000000079b6        0x0 e:/avr-gcc-7.2.0-x64-mingw/bin/../lib/gcc/avr/7.2.0/avr51\libgcc.a(_clear_bss.o)
 .text.libgcc   0x00000000000079b6        0x0 e:/avr-gcc-7.2.0-x64-mingw/bin/../lib/gcc/avr/7.2.0/avr51\libgcc.a(_clear_bss.o)
 .text.libgcc.prologue
                0x00000000000079b6        0x0 e:/avr-gcc-7.2.0-x64-mingw/bin/../lib/gcc/avr/7.2.0/avr51\libgcc.a(_clear_bss.o)
 .text.libgcc.builtins
                0x00000000000079b6        0x0 e:/avr-gcc-7.2.0-x64-mingw/bin/../lib/gcc/avr/7.2.0/avr51\libgcc.a(_clear_bss.o)
 .text.libgcc.fmul
                0x00000000000079b6        0x0 e:/avr-gcc-7.2.0-x64-mingw/bin/../lib/gcc/avr/7.2.0/avr51\libgcc.a(_clear_bss.o)
 .text.libgcc.fixed
                0x00000000000079b6        0x0 e:/avr-gcc-7.2.0-x64-mingw/bin/../lib/gcc/avr/7.2.0/avr51\libgcc.a(_clear_bss.o)
 .text.libgcc.mul
                0x00000000000079b6       0x16 e:/avr-gcc-7.2.0-x64-mingw/bin/../lib/gcc/avr/7.2.0/avr51\libgcc.a(_muluhisi3.o)
                0x00000000000079b6                __muluhisi3
 .text.libgcc.div
                0x00000000000079cc        0x0 e:/avr-gcc-7.2.0-x64-mingw/bin/../lib/gcc/avr/7.2.0/avr51\libgcc.a(_muluhisi3.o)
 .text.libgcc   0x00000000000079cc        0x0 e:/avr-gcc-7.2.0-x64-mingw/bin/../lib/gcc/avr/7.2.0/avr51\libgcc.a(_muluhisi3.o)
 .text.libgcc.prologue
                0x00000000000079cc        0x0 e:/avr-gcc-7.2.0-x64-mingw/bin/../lib/gcc/avr/7.2.0/avr51\libgcc.a(_muluhisi3.o)
 .text.libgcc.builtins
                0x00000000000079cc        0x0 e:/avr-gcc-7.2.0-x64-mingw/bin/../lib/gcc/avr/7.2.0/avr51\libgcc.a(_muluhisi3.o)
 .text.libgcc.fmul
                0x00000000000079cc        0x0 e:/avr-gcc-7.2.0-x64-mingw/bin/../lib/gcc/avr/7.2.0/avr51\libgcc.a(_muluhisi3.o)
 .text.libgcc.fixed
                0x00000000000079cc        0x0 e:/avr-gcc-7.2.0-x64-mingw/bin/../lib/gcc/avr/7.2.0/avr51\libgcc.a(_muluhisi3.o)
 .text.libgcc.mul
                0x00000000000079cc       0x1e e:/avr-gcc-7.2.0-x64-mingw/bin/../lib/gcc/avr/7.2.0/avr51\libgcc.a(_umulhisi3.o)
                0x00000000000079cc                __umulhisi3
 .text.libgcc.div
                0x00000000000079ea        0x0 e:/avr-gcc-7.2.0-x64-mingw/bin/../lib/gcc/avr/7.2.0/avr51\libgcc.a(_umulhisi3.o)
 .text.libgcc   0x00000000000079ea        0x0 e:/avr-gcc-7.2.0-x64-mingw/bin/../lib/gcc/avr/7.2.0/avr51\libgcc.a(_umulhisi3.o)
 .text.libgcc.prologue
                0x00000000000079ea        0x0 e:/avr-gcc-7.2.0-x64-mingw/bin/../lib/gcc/avr/7.2.0/avr51\libgcc.a(_umulhisi3.o)
 .text.libgcc.builtins
                0x00000000000079ea        0x0 e:/avr-gcc-7.2.0-x64-mingw/bin/../lib/gcc/avr/7.2.0/avr51\libgcc.a(_umulhisi3.o)
 .text.libgcc.fmul
                0x00000000000079ea        0x0 e:/avr-gcc-7.2.0-x64-mingw/bin/../lib/gcc/avr/7.2.0/avr51\libgcc.a(_umulhisi3.o)
 .text.libgcc.fixed
                0x00000000000079ea        0x0 e:/avr-gcc-7.2.0-x64-mingw/bin/../lib/gcc/avr/7.2.0/avr51\libgcc.a(_umulhisi3.o)
 .text.avr-libc.fplib
                0x00000000000079ea       0x7a e:/avr-gcc-7.2.0-x64-mingw/bin/../lib/gcc/avr/7.2.0/../../../../avr/lib/avr51\libm.a(floatsisf.o)
                0x00000000000079ea                __floatunsisf
                0x00000000000079ee                __floatsisf
 .text.avr-libc
                0x0000000000007a64      0x1b0 e:/avr-gcc-7.2.0-x64-mingw/bin/../lib/gcc/avr/7.2.0/../../../../avr/lib/avr51\libc.a(ftoa_engine.o)
                0x0000000000007a64                __ftoa_engine
 .text.avr-libc
                0x0000000000007c14       0x12 e:/avr-gcc-7.2.0-x64-mingw/bin/../lib/gcc/avr/7.2.0/../../../../avr/lib/avr51\libc.a(isspace.o)
                0x0000000000007c14                isspace
 .text.avr-libc
                0x0000000000007c26       0x10 e:/avr-gcc-7.2.0-x64-mingw/bin/../lib/gcc/avr/7.2.0/../../../../avr/lib/avr51\libc.a(tolower.o)
                0x0000000000007c26                tolower
 .text.avr-libc
                0x0000000000007c36       0x16 e:/avr-gcc-7.2.0-x64-mingw/bin/../lib/gcc/avr/7.2.0/../../../../avr/lib/avr51\libc.a(strchr_P.o)
                0x0000000000007c36                strchr_P
 .text.avr-libc
                0x0000000000007c4c       0x16 e:/avr-gcc-7.2.0-x64-mingw/bin/../lib/gcc/avr/7.2.0/../../../../avr/lib/avr51\libc.a(strnlen_P.o)
                0x0000000000007c4c                strnlen_P
 .text.avr-libc
                0x0000000000007c62       0x16 e:/avr-gcc-7.2.0-x64-mingw/bin/../lib/gcc/avr/7.2.0/../../../../avr/lib/avr51\libc.a(strnlen.o)
                0x0000000000007c62                strnlen
 .text.avr-libc
                0x0000000000007c78       0x78 e:/avr-gcc-7.2.0-x64-mingw/bin/../lib/gcc/avr/7.2.0/../../../../avr/lib/avr51\libc.a(fgetc.o)
                0x0000000000007c78                fgetc
 .text.avr-libc
                0x0000000000007cf0       0x60 e:/avr-gcc-7.2.0-x64-mingw/bin/../lib/gcc/avr/7.2.0/../../../../avr/lib/avr51\libc.a(fputc.o)
                0x0000000000007cf0                fputc
 .text.avr-libc
                0x0000000000007d50       0x56 e:/avr-gcc-7.2.0-x64-mingw/bin/../lib/gcc/avr/7.2.0/../../../../avr/lib/avr51\libc.a(puts.o)
                0x0000000000007d50                puts
 .text.avr-libc
                0x0000000000007da6       0x28 e:/avr-gcc-7.2.0-x64-mingw/bin/../lib/gcc/avr/7.2.0/../../../../avr/lib/avr51\libc.a(scanf.o)
                0x0000000000007da6                scanf
 .text.avr-libc
                0x0000000000007dce       0x60 e:/avr-gcc-7.2.0-x64-mingw/bin/../lib/gcc/avr/7.2.0/../../../../avr/lib/avr51\libc.a(sprintf.o)
                0x0000000000007dce                sprintf
 .text.avr-libc
                0x0000000000007e2e       0x30 e:/avr-gcc-7.2.0-x64-mingw/bin/../lib/gcc/avr/7.2.0/../../../../avr/lib/avr51\libc.a(ungetc.o)
                0x0000000000007e2e                ungetc
 .text.avr-libc
                0x0000000000007e5e       0xbc e:/avr-gcc-7.2.0-x64-mingw/bin/../lib/gcc/avr/7.2.0/../../../../avr/lib/avr51\libc.a(ultoa_invert.o)
                0x0000000000007e5e                __ultoa_invert
 .text.avr-libc
                0x0000000000007f1a        0x6 e:/avr-gcc-7.2.0-x64-mingw/bin/../lib/gcc/avr/7.2.0/../../../../avr/lib/avr51\libc.a(cty_isfalse.o)
                0x0000000000007f1a                __ctype_isfalse
                0x0000000000007f1e                __ctype_istrue
                0x0000000000007f20                . = ALIGN (0x2)
 *(.fini9)
 .fini9         0x0000000000007f20        0x0 e:/avr-gcc-7.2.0-x64-mingw/bin/../lib/gcc/avr/7.2.0/avr51\libgcc.a(_exit.o)
                0x0000000000007f20                _exit
                0x0000000000007f20                exit
 *(.fini9)
 *(.fini8)
 *(.fini8)
 *(.fini7)
 *(.fini7)
 *(.fini6)
 *(.fini6)
 *(.fini5)
 *(.fini5)
 *(.fini4)
 *(.fini4)
 *(.fini3)
 *(.fini3)
 *(.fini2)
 *(.fini2)
 *(.fini1)
 *(.fini1)
 *(.fini0)
 .fini0         0x0000000000007f20        0x4 e:/avr-gcc-7.2.0-x64-mingw/bin/../lib/gcc/avr/7.2.0/avr51\libgcc.a(_exit.o)
 *(.fini0)
 *(.hightext)
 *(.hightext*)
                0x0000000000007f24                . = ALIGN (0x2)
 *(.jumptables)
 *(.jumptables*)
                0x0000000000007f24                _etext = .

.data           0x0000000000800100      0x128 load address 0x0000000000007f24
                0x0000000000800100                PROVIDE (__data_start, .)
 *(.data)
 .data          0x0000000000800100        0x0 e:/avr-gcc-7.2.0-x64-mingw/bin/../lib/gcc/avr/7.2.0/../../../../avr/lib/avr51/crtatmega128.o
 .data          0x0000000000800100        0x0 ex1-1.o
 .data          0x0000000000800100        0x0 lib/SDC00/diskio.o
 .data          0x0000000000800100        0x0 lib/SDC00/ffunicode_avr.o
 .data          0x0000000000800100        0x0 lib/SDC00/ff.o
 .data          0x0000000000800100        0xa lib/SDC00/ASA_lib_SDC00.o
                0x0000000000800100                ASA_SDC00_ID
                0x0000000000800101                ASA_DATA_Dir
 .data          0x000000000080010a        0x1 lib/SDC00/mmc_avr_spi.o
 .data          0x000000000080010b        0x0 lib/DAC00/ASA_Lib_DAC00.o
 .data          0x000000000080010b        0xe lib/ASA_Lib_M128.o
 .data          0x0000000000800119        0x5 lib/ASA_Lib_HMI.o
                0x0000000000800119                TimeoutMode
                0x000000000080011a                Timeout
 .data          0x000000000080011e        0x0 e:/avr-gcc-7.2.0-x64-mingw/bin/../lib/gcc/avr/7.2.0/../../../../avr/lib/avr51\libm.a(addsf3.o)
 .data          0x000000000080011e        0x0 e:/avr-gcc-7.2.0-x64-mingw/bin/../lib/gcc/avr/7.2.0/../../../../avr/lib/avr51\libm.a(addsf3x.o)
 .data          0x000000000080011e        0x0 e:/avr-gcc-7.2.0-x64-mingw/bin/../lib/gcc/avr/7.2.0/../../../../avr/lib/avr51\libm.a(fp_inf.o)
 .data          0x000000000080011e        0x0 e:/avr-gcc-7.2.0-x64-mingw/bin/../lib/gcc/avr/7.2.0/../../../../avr/lib/avr51\libm.a(fp_nan.o)
 .data          0x000000000080011e        0x0 e:/avr-gcc-7.2.0-x64-mingw/bin/../lib/gcc/avr/7.2.0/../../../../avr/lib/avr51\libm.a(fp_pscA.o)
 .data          0x000000000080011e        0x0 e:/avr-gcc-7.2.0-x64-mingw/bin/../lib/gcc/avr/7.2.0/../../../../avr/lib/avr51\libm.a(fp_pscB.o)
 .data          0x000000000080011e        0x0 e:/avr-gcc-7.2.0-x64-mingw/bin/../lib/gcc/avr/7.2.0/../../../../avr/lib/avr51\libm.a(fp_round.o)
 .data          0x000000000080011e        0x0 e:/avr-gcc-7.2.0-x64-mingw/bin/../lib/gcc/avr/7.2.0/../../../../avr/lib/avr51\libm.a(fp_split3.o)
 .data          0x000000000080011e        0x0 e:/avr-gcc-7.2.0-x64-mingw/bin/../lib/gcc/avr/7.2.0/../../../../avr/lib/avr51\libm.a(fp_zero.o)
 .data          0x000000000080011e        0x0 e:/avr-gcc-7.2.0-x64-mingw/bin/../lib/gcc/avr/7.2.0/../../../../avr/lib/avr51\libm.a(mulsf3.o)
 .data          0x000000000080011e        0x0 e:/avr-gcc-7.2.0-x64-mingw/bin/../lib/gcc/avr/7.2.0/../../../../avr/lib/avr51\libm.a(mulsf3x.o)
 .data          0x000000000080011e        0x0 e:/avr-gcc-7.2.0-x64-mingw/bin/../lib/gcc/avr/7.2.0/../../../../avr/lib/avr51\libprintf_flt.a(vfprintf_flt.o)
 .data          0x000000000080011e        0x0 e:/avr-gcc-7.2.0-x64-mingw/bin/../lib/gcc/avr/7.2.0/../../../../avr/lib/avr51\libscanf_flt.a(vfscanf_flt.o)
 .data          0x000000000080011e        0x0 e:/avr-gcc-7.2.0-x64-mingw/bin/../lib/gcc/avr/7.2.0/avr51\libgcc.a(_udivmodsi4.o)
 .data          0x000000000080011e        0x0 e:/avr-gcc-7.2.0-x64-mingw/bin/../lib/gcc/avr/7.2.0/avr51\libgcc.a(_exit.o)
 .data          0x000000000080011e        0x0 e:/avr-gcc-7.2.0-x64-mingw/bin/../lib/gcc/avr/7.2.0/avr51\libgcc.a(_copy_data.o)
 .data          0x000000000080011e        0x0 e:/avr-gcc-7.2.0-x64-mingw/bin/../lib/gcc/avr/7.2.0/avr51\libgcc.a(_clear_bss.o)
 .data          0x000000000080011e        0x0 e:/avr-gcc-7.2.0-x64-mingw/bin/../lib/gcc/avr/7.2.0/avr51\libgcc.a(_muluhisi3.o)
 .data          0x000000000080011e        0x0 e:/avr-gcc-7.2.0-x64-mingw/bin/../lib/gcc/avr/7.2.0/avr51\libgcc.a(_umulhisi3.o)
 .data          0x000000000080011e        0x0 e:/avr-gcc-7.2.0-x64-mingw/bin/../lib/gcc/avr/7.2.0/../../../../avr/lib/avr51\libm.a(floatsisf.o)
 .data          0x000000000080011e        0x0 e:/avr-gcc-7.2.0-x64-mingw/bin/../lib/gcc/avr/7.2.0/../../../../avr/lib/avr51\libc.a(ftoa_engine.o)
 .data          0x000000000080011e        0x0 e:/avr-gcc-7.2.0-x64-mingw/bin/../lib/gcc/avr/7.2.0/../../../../avr/lib/avr51\libc.a(isspace.o)
 .data          0x000000000080011e        0x0 e:/avr-gcc-7.2.0-x64-mingw/bin/../lib/gcc/avr/7.2.0/../../../../avr/lib/avr51\libc.a(tolower.o)
 .data          0x000000000080011e        0x0 e:/avr-gcc-7.2.0-x64-mingw/bin/../lib/gcc/avr/7.2.0/../../../../avr/lib/avr51\libc.a(strchr_P.o)
 .data          0x000000000080011e        0x0 e:/avr-gcc-7.2.0-x64-mingw/bin/../lib/gcc/avr/7.2.0/../../../../avr/lib/avr51\libc.a(strnlen_P.o)
 .data          0x000000000080011e        0x0 e:/avr-gcc-7.2.0-x64-mingw/bin/../lib/gcc/avr/7.2.0/../../../../avr/lib/avr51\libc.a(strnlen.o)
 .data          0x000000000080011e        0x0 e:/avr-gcc-7.2.0-x64-mingw/bin/../lib/gcc/avr/7.2.0/../../../../avr/lib/avr51\libc.a(fgetc.o)
 .data          0x000000000080011e        0x0 e:/avr-gcc-7.2.0-x64-mingw/bin/../lib/gcc/avr/7.2.0/../../../../avr/lib/avr51\libc.a(fputc.o)
 .data          0x000000000080011e        0x0 e:/avr-gcc-7.2.0-x64-mingw/bin/../lib/gcc/avr/7.2.0/../../../../avr/lib/avr51\libc.a(iob.o)
 .data          0x000000000080011e        0x0 e:/avr-gcc-7.2.0-x64-mingw/bin/../lib/gcc/avr/7.2.0/../../../../avr/lib/avr51\libc.a(puts.o)
 .data          0x000000000080011e        0x0 e:/avr-gcc-7.2.0-x64-mingw/bin/../lib/gcc/avr/7.2.0/../../../../avr/lib/avr51\libc.a(scanf.o)
 .data          0x000000000080011e        0x0 e:/avr-gcc-7.2.0-x64-mingw/bin/../lib/gcc/avr/7.2.0/../../../../avr/lib/avr51\libc.a(sprintf.o)
 .data          0x000000000080011e        0x0 e:/avr-gcc-7.2.0-x64-mingw/bin/../lib/gcc/avr/7.2.0/../../../../avr/lib/avr51\libc.a(ungetc.o)
 .data          0x000000000080011e        0x0 e:/avr-gcc-7.2.0-x64-mingw/bin/../lib/gcc/avr/7.2.0/../../../../avr/lib/avr51\libc.a(ultoa_invert.o)
 .data          0x000000000080011e        0x0 e:/avr-gcc-7.2.0-x64-mingw/bin/../lib/gcc/avr/7.2.0/../../../../avr/lib/avr51\libc.a(cty_isfalse.o)
 *(.data*)
 *(.gnu.linkonce.d*)
 *(.rodata)
 .rodata        0x000000000080011e       0x2c lib/SDC00/ff.o
 *(.rodata*)
 .rodata.str1.1
                0x000000000080014a       0x7e ex1-1.o
                                         0x81 (size before relaxing)
 .rodata.str1.1
                0x00000000008001c8       0x4d lib/SDC00/ff.o
 .rodata.str1.1
                0x0000000000800215       0x12 lib/SDC00/ASA_lib_SDC00.o
                                         0x13 (size before relaxing)
 *(.gnu.linkonce.r*)
                0x0000000000800228                . = ALIGN (0x2)
 *fill*         0x0000000000800227        0x1 
                0x0000000000800228                _edata = .
                0x0000000000800228                PROVIDE (__data_end, .)

.bss            0x0000000000800228      0x51b
                0x0000000000800228                PROVIDE (__bss_start, .)
 *(.bss)
 .bss           0x0000000000800228        0x0 e:/avr-gcc-7.2.0-x64-mingw/bin/../lib/gcc/avr/7.2.0/../../../../avr/lib/avr51/crtatmega128.o
 .bss           0x0000000000800228        0x0 ex1-1.o
 .bss           0x0000000000800228        0x0 lib/SDC00/diskio.o
 .bss           0x0000000000800228        0x0 lib/SDC00/ffunicode_avr.o
 .bss           0x0000000000800228        0x7 lib/SDC00/ff.o
 .bss           0x000000000080022f       0x2c lib/SDC00/ASA_lib_SDC00.o
                0x000000000080022f                LastFileIndex
                0x0000000000800231                EndPointOfFile
                0x0000000000800235                is_file_extcheck
                0x0000000000800236                SDC_State
                0x0000000000800237                FileID
 .bss           0x000000000080025b        0x9 lib/SDC00/mmc_avr_spi.o
 .bss           0x0000000000800264       0x18 lib/DAC00/ASA_Lib_DAC00.o
 .bss           0x000000000080027c        0x0 lib/ASA_Lib_M128.o
 .bss           0x000000000080027c        0x4 lib/ASA_Lib_HMI.o
                0x000000000080027c                timeout_count
 .bss           0x0000000000800280        0x0 e:/avr-gcc-7.2.0-x64-mingw/bin/../lib/gcc/avr/7.2.0/../../../../avr/lib/avr51\libm.a(addsf3.o)
 .bss           0x0000000000800280        0x0 e:/avr-gcc-7.2.0-x64-mingw/bin/../lib/gcc/avr/7.2.0/../../../../avr/lib/avr51\libm.a(addsf3x.o)
 .bss           0x0000000000800280        0x0 e:/avr-gcc-7.2.0-x64-mingw/bin/../lib/gcc/avr/7.2.0/../../../../avr/lib/avr51\libm.a(fp_inf.o)
 .bss           0x0000000000800280        0x0 e:/avr-gcc-7.2.0-x64-mingw/bin/../lib/gcc/avr/7.2.0/../../../../avr/lib/avr51\libm.a(fp_nan.o)
 .bss           0x0000000000800280        0x0 e:/avr-gcc-7.2.0-x64-mingw/bin/../lib/gcc/avr/7.2.0/../../../../avr/lib/avr51\libm.a(fp_pscA.o)
 .bss           0x0000000000800280        0x0 e:/avr-gcc-7.2.0-x64-mingw/bin/../lib/gcc/avr/7.2.0/../../../../avr/lib/avr51\libm.a(fp_pscB.o)
 .bss           0x0000000000800280        0x0 e:/avr-gcc-7.2.0-x64-mingw/bin/../lib/gcc/avr/7.2.0/../../../../avr/lib/avr51\libm.a(fp_round.o)
 .bss           0x0000000000800280        0x0 e:/avr-gcc-7.2.0-x64-mingw/bin/../lib/gcc/avr/7.2.0/../../../../avr/lib/avr51\libm.a(fp_split3.o)
 .bss           0x0000000000800280        0x0 e:/avr-gcc-7.2.0-x64-mingw/bin/../lib/gcc/avr/7.2.0/../../../../avr/lib/avr51\libm.a(fp_zero.o)
 .bss           0x0000000000800280        0x0 e:/avr-gcc-7.2.0-x64-mingw/bin/../lib/gcc/avr/7.2.0/../../../../avr/lib/avr51\libm.a(mulsf3.o)
 .bss           0x0000000000800280        0x0 e:/avr-gcc-7.2.0-x64-mingw/bin/../lib/gcc/avr/7.2.0/../../../../avr/lib/avr51\libm.a(mulsf3x.o)
 .bss           0x0000000000800280        0x0 e:/avr-gcc-7.2.0-x64-mingw/bin/../lib/gcc/avr/7.2.0/../../../../avr/lib/avr51\libprintf_flt.a(vfprintf_flt.o)
 .bss           0x0000000000800280        0x0 e:/avr-gcc-7.2.0-x64-mingw/bin/../lib/gcc/avr/7.2.0/../../../../avr/lib/avr51\libscanf_flt.a(vfscanf_flt.o)
 .bss           0x0000000000800280        0x0 e:/avr-gcc-7.2.0-x64-mingw/bin/../lib/gcc/avr/7.2.0/avr51\libgcc.a(_udivmodsi4.o)
 .bss           0x0000000000800280        0x0 e:/avr-gcc-7.2.0-x64-mingw/bin/../lib/gcc/avr/7.2.0/avr51\libgcc.a(_exit.o)
 .bss           0x0000000000800280        0x0 e:/avr-gcc-7.2.0-x64-mingw/bin/../lib/gcc/avr/7.2.0/avr51\libgcc.a(_copy_data.o)
 .bss           0x0000000000800280        0x0 e:/avr-gcc-7.2.0-x64-mingw/bin/../lib/gcc/avr/7.2.0/avr51\libgcc.a(_clear_bss.o)
 .bss           0x0000000000800280        0x0 e:/avr-gcc-7.2.0-x64-mingw/bin/../lib/gcc/avr/7.2.0/avr51\libgcc.a(_muluhisi3.o)
 .bss           0x0000000000800280        0x0 e:/avr-gcc-7.2.0-x64-mingw/bin/../lib/gcc/avr/7.2.0/avr51\libgcc.a(_umulhisi3.o)
 .bss           0x0000000000800280        0x0 e:/avr-gcc-7.2.0-x64-mingw/bin/../lib/gcc/avr/7.2.0/../../../../avr/lib/avr51\libm.a(floatsisf.o)
 .bss           0x0000000000800280        0x0 e:/avr-gcc-7.2.0-x64-mingw/bin/../lib/gcc/avr/7.2.0/../../../../avr/lib/avr51\libc.a(ftoa_engine.o)
 .bss           0x0000000000800280        0x0 e:/avr-gcc-7.2.0-x64-mingw/bin/../lib/gcc/avr/7.2.0/../../../../avr/lib/avr51\libc.a(isspace.o)
 .bss           0x0000000000800280        0x0 e:/avr-gcc-7.2.0-x64-mingw/bin/../lib/gcc/avr/7.2.0/../../../../avr/lib/avr51\libc.a(tolower.o)
 .bss           0x0000000000800280        0x0 e:/avr-gcc-7.2.0-x64-mingw/bin/../lib/gcc/avr/7.2.0/../../../../avr/lib/avr51\libc.a(strchr_P.o)
 .bss           0x0000000000800280        0x0 e:/avr-gcc-7.2.0-x64-mingw/bin/../lib/gcc/avr/7.2.0/../../../../avr/lib/avr51\libc.a(strnlen_P.o)
 .bss           0x0000000000800280        0x0 e:/avr-gcc-7.2.0-x64-mingw/bin/../lib/gcc/avr/7.2.0/../../../../avr/lib/avr51\libc.a(strnlen.o)
 .bss           0x0000000000800280        0x0 e:/avr-gcc-7.2.0-x64-mingw/bin/../lib/gcc/avr/7.2.0/../../../../avr/lib/avr51\libc.a(fgetc.o)
 .bss           0x0000000000800280        0x0 e:/avr-gcc-7.2.0-x64-mingw/bin/../lib/gcc/avr/7.2.0/../../../../avr/lib/avr51\libc.a(fputc.o)
 .bss           0x0000000000800280        0x0 e:/avr-gcc-7.2.0-x64-mingw/bin/../lib/gcc/avr/7.2.0/../../../../avr/lib/avr51\libc.a(iob.o)
 .bss           0x0000000000800280        0x0 e:/avr-gcc-7.2.0-x64-mingw/bin/../lib/gcc/avr/7.2.0/../../../../avr/lib/avr51\libc.a(puts.o)
 .bss           0x0000000000800280        0x0 e:/avr-gcc-7.2.0-x64-mingw/bin/../lib/gcc/avr/7.2.0/../../../../avr/lib/avr51\libc.a(scanf.o)
 .bss           0x0000000000800280        0x0 e:/avr-gcc-7.2.0-x64-mingw/bin/../lib/gcc/avr/7.2.0/../../../../avr/lib/avr51\libc.a(sprintf.o)
 .bss           0x0000000000800280        0x0 e:/avr-gcc-7.2.0-x64-mingw/bin/../lib/gcc/avr/7.2.0/../../../../avr/lib/avr51\libc.a(ungetc.o)
 .bss           0x0000000000800280        0x0 e:/avr-gcc-7.2.0-x64-mingw/bin/../lib/gcc/avr/7.2.0/../../../../avr/lib/avr51\libc.a(ultoa_invert.o)
 .bss           0x0000000000800280        0x0 e:/avr-gcc-7.2.0-x64-mingw/bin/../lib/gcc/avr/7.2.0/../../../../avr/lib/avr51\libc.a(cty_isfalse.o)
 *(.bss*)
 *(COMMON)
 COMMON         0x0000000000800280      0x4bd lib/SDC00/ASA_lib_SDC00.o
                0x0000000000800280                FatFs
                0x00000000008006e6                FileObj
                0x0000000000800708                DirObj
                0x0000000000800730                FileName
 COMMON         0x000000000080073d        0x6 e:/avr-gcc-7.2.0-x64-mingw/bin/../lib/gcc/avr/7.2.0/../../../../avr/lib/avr51\libc.a(iob.o)
                0x000000000080073d                __iob
                0x0000000000800743                PROVIDE (__bss_end, .)
                0x0000000000007f24                __data_load_start = LOADADDR (.data)
                0x000000000000804c                __data_load_end = (__data_load_start + SIZEOF (.data))

.noinit         0x0000000000800743        0x0
                [!provide]                        PROVIDE (__noinit_start, .)
 *(.noinit*)
                [!provide]                        PROVIDE (__noinit_end, .)
                0x0000000000800743                _end = .
                [!provide]                        PROVIDE (__heap_start, .)

.eeprom         0x0000000000810000        0x0
 *(.eeprom*)
                0x0000000000810000                __eeprom_end = .

.fuse
 *(.fuse)
 *(.lfuse)
 *(.hfuse)
 *(.efuse)

.lock
 *(.lock*)

.signature
 *(.signature*)

.stab
 *(.stab)

.stabstr
 *(.stabstr)

.stab.excl
 *(.stab.excl)

.stab.exclstr
 *(.stab.exclstr)

.stab.index
 *(.stab.index)

.stab.indexstr
 *(.stab.indexstr)

.comment        0x0000000000000000       0x11
 *(.comment)
 .comment       0x0000000000000000       0x11 ex1-1.o
                                         0x12 (size before relaxing)
 .comment       0x0000000000000011       0x12 lib/SDC00/diskio.o
 .comment       0x0000000000000011       0x12 lib/SDC00/ffunicode_avr.o
 .comment       0x0000000000000011       0x12 lib/SDC00/ff.o
 .comment       0x0000000000000011       0x12 lib/SDC00/ASA_lib_SDC00.o
 .comment       0x0000000000000011       0x12 lib/SDC00/mmc_avr_spi.o
 .comment       0x0000000000000011       0x12 lib/DAC00/ASA_Lib_DAC00.o
 .comment       0x0000000000000011       0x12 lib/ASA_Lib_HMI.o
 .comment       0x0000000000000011       0x12 e:/avr-gcc-7.2.0-x64-mingw/bin/../lib/gcc/avr/7.2.0/../../../../avr/lib/avr51\libprintf_flt.a(vfprintf_flt.o)
 .comment       0x0000000000000011       0x12 e:/avr-gcc-7.2.0-x64-mingw/bin/../lib/gcc/avr/7.2.0/../../../../avr/lib/avr51\libscanf_flt.a(vfscanf_flt.o)
 .comment       0x0000000000000011       0x12 e:/avr-gcc-7.2.0-x64-mingw/bin/../lib/gcc/avr/7.2.0/../../../../avr/lib/avr51\libc.a(fgetc.o)
 .comment       0x0000000000000011       0x12 e:/avr-gcc-7.2.0-x64-mingw/bin/../lib/gcc/avr/7.2.0/../../../../avr/lib/avr51\libc.a(fputc.o)
 .comment       0x0000000000000011       0x12 e:/avr-gcc-7.2.0-x64-mingw/bin/../lib/gcc/avr/7.2.0/../../../../avr/lib/avr51\libc.a(iob.o)
 .comment       0x0000000000000011       0x12 e:/avr-gcc-7.2.0-x64-mingw/bin/../lib/gcc/avr/7.2.0/../../../../avr/lib/avr51\libc.a(puts.o)
 .comment       0x0000000000000011       0x12 e:/avr-gcc-7.2.0-x64-mingw/bin/../lib/gcc/avr/7.2.0/../../../../avr/lib/avr51\libc.a(scanf.o)
 .comment       0x0000000000000011       0x12 e:/avr-gcc-7.2.0-x64-mingw/bin/../lib/gcc/avr/7.2.0/../../../../avr/lib/avr51\libc.a(sprintf.o)
 .comment       0x0000000000000011       0x12 e:/avr-gcc-7.2.0-x64-mingw/bin/../lib/gcc/avr/7.2.0/../../../../avr/lib/avr51\libc.a(ungetc.o)

.note.gnu.avr.deviceinfo
                0x0000000000000000       0x3c
 .note.gnu.avr.deviceinfo
                0x0000000000000000       0x3c e:/avr-gcc-7.2.0-x64-mingw/bin/../lib/gcc/avr/7.2.0/../../../../avr/lib/avr51/crtatmega128.o

.note.gnu.build-id
 *(.note.gnu.build-id)

.debug
 *(.debug)

.line
 *(.line)

.debug_srcinfo
 *(.debug_srcinfo)

.debug_sfnames
 *(.debug_sfnames)

.debug_aranges  0x0000000000000000      0x1d8
 *(.debug_aranges)
 .debug_aranges
                0x0000000000000000       0x20 ex1-1.o
 .debug_aranges
                0x0000000000000020       0x20 lib/SDC00/diskio.o
 .debug_aranges
                0x0000000000000040       0x18 lib/SDC00/ffunicode_avr.o
 .debug_aranges
                0x0000000000000058       0x20 lib/SDC00/ff.o
 .debug_aranges
                0x0000000000000078       0x20 lib/SDC00/ASA_lib_SDC00.o
 .debug_aranges
                0x0000000000000098       0x20 lib/SDC00/mmc_avr_spi.o
 .debug_aranges
                0x00000000000000b8       0x20 lib/DAC00/ASA_Lib_DAC00.o
 .debug_aranges
                0x00000000000000d8       0x20 lib/ASA_Lib_M128.o
 .debug_aranges
                0x00000000000000f8       0x20 lib/ASA_Lib_HMI.o
 .debug_aranges
                0x0000000000000118       0x20 e:/avr-gcc-7.2.0-x64-mingw/bin/../lib/gcc/avr/7.2.0/avr51\libgcc.a(_udivmodsi4.o)
 .debug_aranges
                0x0000000000000138       0x20 e:/avr-gcc-7.2.0-x64-mingw/bin/../lib/gcc/avr/7.2.0/avr51\libgcc.a(_exit.o)
 .debug_aranges
                0x0000000000000158       0x20 e:/avr-gcc-7.2.0-x64-mingw/bin/../lib/gcc/avr/7.2.0/avr51\libgcc.a(_copy_data.o)
 .debug_aranges
                0x0000000000000178       0x20 e:/avr-gcc-7.2.0-x64-mingw/bin/../lib/gcc/avr/7.2.0/avr51\libgcc.a(_clear_bss.o)
 .debug_aranges
                0x0000000000000198       0x20 e:/avr-gcc-7.2.0-x64-mingw/bin/../lib/gcc/avr/7.2.0/avr51\libgcc.a(_muluhisi3.o)
 .debug_aranges
                0x00000000000001b8       0x20 e:/avr-gcc-7.2.0-x64-mingw/bin/../lib/gcc/avr/7.2.0/avr51\libgcc.a(_umulhisi3.o)

.debug_pubnames
                0x0000000000000000       0x47
 *(.debug_pubnames)
 .debug_pubnames
                0x0000000000000000       0x47 lib/ASA_Lib_M128.o

.debug_info     0x0000000000000000     0x8b87
 *(.debug_info .gnu.linkonce.wi.*)
 .debug_info    0x0000000000000000      0x780 e:/avr-gcc-7.2.0-x64-mingw/bin/../lib/gcc/avr/7.2.0/../../../../avr/lib/avr51/crtatmega128.o
 .debug_info    0x0000000000000780      0x530 ex1-1.o
 .debug_info    0x0000000000000cb0      0x31d lib/SDC00/diskio.o
 .debug_info    0x0000000000000fcd       0x6b lib/SDC00/ffunicode_avr.o
 .debug_info    0x0000000000001038     0x5077 lib/SDC00/ff.o
 .debug_info    0x00000000000060af      0xf1e lib/SDC00/ASA_lib_SDC00.o
 .debug_info    0x0000000000006fcd      0xebe lib/SDC00/mmc_avr_spi.o
 .debug_info    0x0000000000007e8b      0x39f lib/DAC00/ASA_Lib_DAC00.o
 .debug_info    0x000000000000822a      0x1f3 lib/ASA_Lib_M128.o
 .debug_info    0x000000000000841d      0x686 lib/ASA_Lib_HMI.o
 .debug_info    0x0000000000008aa3       0x26 e:/avr-gcc-7.2.0-x64-mingw/bin/../lib/gcc/avr/7.2.0/avr51\libgcc.a(_udivmodsi4.o)
 .debug_info    0x0000000000008ac9       0x26 e:/avr-gcc-7.2.0-x64-mingw/bin/../lib/gcc/avr/7.2.0/avr51\libgcc.a(_exit.o)
 .debug_info    0x0000000000008aef       0x26 e:/avr-gcc-7.2.0-x64-mingw/bin/../lib/gcc/avr/7.2.0/avr51\libgcc.a(_copy_data.o)
 .debug_info    0x0000000000008b15       0x26 e:/avr-gcc-7.2.0-x64-mingw/bin/../lib/gcc/avr/7.2.0/avr51\libgcc.a(_clear_bss.o)
 .debug_info    0x0000000000008b3b       0x26 e:/avr-gcc-7.2.0-x64-mingw/bin/../lib/gcc/avr/7.2.0/avr51\libgcc.a(_muluhisi3.o)
 .debug_info    0x0000000000008b61       0x26 e:/avr-gcc-7.2.0-x64-mingw/bin/../lib/gcc/avr/7.2.0/avr51\libgcc.a(_umulhisi3.o)

.debug_abbrev   0x0000000000000000     0x18f2
 *(.debug_abbrev)
 .debug_abbrev  0x0000000000000000      0x718 e:/avr-gcc-7.2.0-x64-mingw/bin/../lib/gcc/avr/7.2.0/../../../../avr/lib/avr51/crtatmega128.o
 .debug_abbrev  0x0000000000000718      0x1d2 ex1-1.o
 .debug_abbrev  0x00000000000008ea      0x112 lib/SDC00/diskio.o
 .debug_abbrev  0x00000000000009fc       0x26 lib/SDC00/ffunicode_avr.o
 .debug_abbrev  0x0000000000000a22      0x3ba lib/SDC00/ff.o
 .debug_abbrev  0x0000000000000ddc      0x339 lib/SDC00/ASA_lib_SDC00.o
 .debug_abbrev  0x0000000000001115      0x32d lib/SDC00/mmc_avr_spi.o
 .debug_abbrev  0x0000000000001442      0x168 lib/DAC00/ASA_Lib_DAC00.o
 .debug_abbrev  0x00000000000015aa      0x116 lib/ASA_Lib_M128.o
 .debug_abbrev  0x00000000000016c0      0x1ba lib/ASA_Lib_HMI.o
 .debug_abbrev  0x000000000000187a       0x14 e:/avr-gcc-7.2.0-x64-mingw/bin/../lib/gcc/avr/7.2.0/avr51\libgcc.a(_udivmodsi4.o)
 .debug_abbrev  0x000000000000188e       0x14 e:/avr-gcc-7.2.0-x64-mingw/bin/../lib/gcc/avr/7.2.0/avr51\libgcc.a(_exit.o)
 .debug_abbrev  0x00000000000018a2       0x14 e:/avr-gcc-7.2.0-x64-mingw/bin/../lib/gcc/avr/7.2.0/avr51\libgcc.a(_copy_data.o)
 .debug_abbrev  0x00000000000018b6       0x14 e:/avr-gcc-7.2.0-x64-mingw/bin/../lib/gcc/avr/7.2.0/avr51\libgcc.a(_clear_bss.o)
 .debug_abbrev  0x00000000000018ca       0x14 e:/avr-gcc-7.2.0-x64-mingw/bin/../lib/gcc/avr/7.2.0/avr51\libgcc.a(_muluhisi3.o)
 .debug_abbrev  0x00000000000018de       0x14 e:/avr-gcc-7.2.0-x64-mingw/bin/../lib/gcc/avr/7.2.0/avr51\libgcc.a(_umulhisi3.o)

.debug_line     0x0000000000000000     0x432b
 *(.debug_line .debug_line.* .debug_line_end)
 .debug_line    0x0000000000000000       0x1d e:/avr-gcc-7.2.0-x64-mingw/bin/../lib/gcc/avr/7.2.0/../../../../avr/lib/avr51/crtatmega128.o
 .debug_line    0x000000000000001d      0x1e0 ex1-1.o
 .debug_line    0x00000000000001fd       0xff lib/SDC00/diskio.o
 .debug_line    0x00000000000002fc       0x1d lib/SDC00/ffunicode_avr.o
 .debug_line    0x0000000000000319     0x2860 lib/SDC00/ff.o
 .debug_line    0x0000000000002b79      0x51d lib/SDC00/ASA_lib_SDC00.o
 .debug_line    0x0000000000003096      0x7ee lib/SDC00/mmc_avr_spi.o
 .debug_line    0x0000000000003884      0x255 lib/DAC00/ASA_Lib_DAC00.o
 .debug_line    0x0000000000003ad9      0x130 lib/ASA_Lib_M128.o
 .debug_line    0x0000000000003c09      0x338 lib/ASA_Lib_HMI.o
 .debug_line    0x0000000000003f41      0x121 e:/avr-gcc-7.2.0-x64-mingw/bin/../lib/gcc/avr/7.2.0/avr51\libgcc.a(_udivmodsi4.o)
 .debug_line    0x0000000000004062       0x61 e:/avr-gcc-7.2.0-x64-mingw/bin/../lib/gcc/avr/7.2.0/avr51\libgcc.a(_exit.o)
 .debug_line    0x00000000000040c3       0xa3 e:/avr-gcc-7.2.0-x64-mingw/bin/../lib/gcc/avr/7.2.0/avr51\libgcc.a(_copy_data.o)
 .debug_line    0x0000000000004166       0x85 e:/avr-gcc-7.2.0-x64-mingw/bin/../lib/gcc/avr/7.2.0/avr51\libgcc.a(_clear_bss.o)
 .debug_line    0x00000000000041eb       0x91 e:/avr-gcc-7.2.0-x64-mingw/bin/../lib/gcc/avr/7.2.0/avr51\libgcc.a(_muluhisi3.o)
 .debug_line    0x000000000000427c       0xaf e:/avr-gcc-7.2.0-x64-mingw/bin/../lib/gcc/avr/7.2.0/avr51\libgcc.a(_umulhisi3.o)

.debug_frame    0x0000000000000000     0x13e0
 *(.debug_frame)
 .debug_frame   0x0000000000000000       0x88 ex1-1.o
 .debug_frame   0x0000000000000088       0x8c lib/SDC00/diskio.o
 .debug_frame   0x0000000000000114      0xd58 lib/SDC00/ff.o
 .debug_frame   0x0000000000000e6c      0x148 lib/SDC00/ASA_lib_SDC00.o
 .debug_frame   0x0000000000000fb4      0x1c8 lib/SDC00/mmc_avr_spi.o
 .debug_frame   0x000000000000117c       0xcc lib/DAC00/ASA_Lib_DAC00.o
 .debug_frame   0x0000000000001248       0x40 lib/ASA_Lib_M128.o
 .debug_frame   0x0000000000001288      0x158 lib/ASA_Lib_HMI.o

.debug_str      0x0000000000000000     0x1069
 *(.debug_str)
 .debug_str     0x0000000000000000      0x27d e:/avr-gcc-7.2.0-x64-mingw/bin/../lib/gcc/avr/7.2.0/../../../../avr/lib/avr51/crtatmega128.o
 .debug_str     0x000000000000027d      0x1e8 ex1-1.o
                                        0x235 (size before relaxing)
 .debug_str     0x0000000000000465       0xf0 lib/SDC00/diskio.o
                                        0x240 (size before relaxing)
 .debug_str     0x0000000000000555       0x1a lib/SDC00/ffunicode_avr.o
                                        0x150 (size before relaxing)
 .debug_str     0x000000000000056f      0x5d7 lib/SDC00/ff.o
                                        0x7c6 (size before relaxing)
 .debug_str     0x0000000000000b46      0x1fe lib/SDC00/ASA_lib_SDC00.o
                                        0x604 (size before relaxing)
 .debug_str     0x0000000000000d44       0xd7 lib/SDC00/mmc_avr_spi.o
                                        0x2f6 (size before relaxing)
 .debug_str     0x0000000000000e1b       0x8a lib/DAC00/ASA_Lib_DAC00.o
                                        0x1ff (size before relaxing)
 .debug_str     0x0000000000000ea5       0x74 lib/ASA_Lib_M128.o
                                        0x119 (size before relaxing)
 .debug_str     0x0000000000000f19       0xf1 lib/ASA_Lib_HMI.o
                                        0x2c6 (size before relaxing)
 .debug_str     0x000000000000100a       0x5f e:/avr-gcc-7.2.0-x64-mingw/bin/../lib/gcc/avr/7.2.0/avr51\libgcc.a(_udivmodsi4.o)
 .debug_str     0x0000000000001069       0x5f e:/avr-gcc-7.2.0-x64-mingw/bin/../lib/gcc/avr/7.2.0/avr51\libgcc.a(_exit.o)
 .debug_str     0x0000000000001069       0x5f e:/avr-gcc-7.2.0-x64-mingw/bin/../lib/gcc/avr/7.2.0/avr51\libgcc.a(_copy_data.o)
 .debug_str     0x0000000000001069       0x5f e:/avr-gcc-7.2.0-x64-mingw/bin/../lib/gcc/avr/7.2.0/avr51\libgcc.a(_clear_bss.o)
 .debug_str     0x0000000000001069       0x5f e:/avr-gcc-7.2.0-x64-mingw/bin/../lib/gcc/avr/7.2.0/avr51\libgcc.a(_muluhisi3.o)
 .debug_str     0x0000000000001069       0x5f e:/avr-gcc-7.2.0-x64-mingw/bin/../lib/gcc/avr/7.2.0/avr51\libgcc.a(_umulhisi3.o)

.debug_loc      0x0000000000000000     0xb5b8
 *(.debug_loc)
 .debug_loc     0x0000000000000000      0x140 ex1-1.o
 .debug_loc     0x0000000000000140      0x37d lib/SDC00/diskio.o
 .debug_loc     0x00000000000004bd     0x87fd lib/SDC00/ff.o
 .debug_loc     0x0000000000008cba      0xa38 lib/SDC00/ASA_lib_SDC00.o
 .debug_loc     0x00000000000096f2      0xfa6 lib/SDC00/mmc_avr_spi.o
 .debug_loc     0x000000000000a698      0x544 lib/DAC00/ASA_Lib_DAC00.o
 .debug_loc     0x000000000000abdc       0x6e lib/ASA_Lib_M128.o
 .debug_loc     0x000000000000ac4a      0x96e lib/ASA_Lib_HMI.o

.debug_macinfo
 *(.debug_macinfo)

.debug_weaknames
 *(.debug_weaknames)

.debug_funcnames
 *(.debug_funcnames)

.debug_typenames
 *(.debug_typenames)

.debug_varnames
 *(.debug_varnames)

.debug_pubtypes
 *(.debug_pubtypes)

.debug_ranges   0x0000000000000000      0x178
 *(.debug_ranges)
 .debug_ranges  0x0000000000000000       0x10 ex1-1.o
 .debug_ranges  0x0000000000000010       0xb8 lib/SDC00/ff.o
 .debug_ranges  0x00000000000000c8       0xb0 lib/SDC00/ASA_lib_SDC00.o

.debug_macro
 *(.debug_macro)

.debug_addr
 *(.debug_addr)
OUTPUT(ex1-1.elf elf32-avr)
LOAD linker stubs
