Archive member included to satisfy reference by file (symbol)

e:/avr-gcc-7.2.0-x64-mingw/bin/../lib/gcc/avr/7.2.0/../../../../avr/lib/avr51\libm.a(addsf3.o)
                              ex2-4.o (__addsf3)
e:/avr-gcc-7.2.0-x64-mingw/bin/../lib/gcc/avr/7.2.0/../../../../avr/lib/avr51\libm.a(addsf3x.o)
                              e:/avr-gcc-7.2.0-x64-mingw/bin/../lib/gcc/avr/7.2.0/../../../../avr/lib/avr51\libm.a(addsf3.o) (__addsf3x)
e:/avr-gcc-7.2.0-x64-mingw/bin/../lib/gcc/avr/7.2.0/../../../../avr/lib/avr51\libm.a(fixunssfsi.o)
                              ex2-4.o (__fixunssfsi)
e:/avr-gcc-7.2.0-x64-mingw/bin/../lib/gcc/avr/7.2.0/../../../../avr/lib/avr51\libm.a(fp_inf.o)
                              e:/avr-gcc-7.2.0-x64-mingw/bin/../lib/gcc/avr/7.2.0/../../../../avr/lib/avr51\libm.a(addsf3x.o) (__fp_inf)
e:/avr-gcc-7.2.0-x64-mingw/bin/../lib/gcc/avr/7.2.0/../../../../avr/lib/avr51\libm.a(fp_nan.o)
                              e:/avr-gcc-7.2.0-x64-mingw/bin/../lib/gcc/avr/7.2.0/../../../../avr/lib/avr51\libm.a(addsf3x.o) (__fp_nan)
e:/avr-gcc-7.2.0-x64-mingw/bin/../lib/gcc/avr/7.2.0/../../../../avr/lib/avr51\libm.a(fp_pscA.o)
                              e:/avr-gcc-7.2.0-x64-mingw/bin/../lib/gcc/avr/7.2.0/../../../../avr/lib/avr51\libm.a(addsf3x.o) (__fp_pscA)
e:/avr-gcc-7.2.0-x64-mingw/bin/../lib/gcc/avr/7.2.0/../../../../avr/lib/avr51\libm.a(fp_pscB.o)
                              e:/avr-gcc-7.2.0-x64-mingw/bin/../lib/gcc/avr/7.2.0/../../../../avr/lib/avr51\libm.a(addsf3x.o) (__fp_pscB)
e:/avr-gcc-7.2.0-x64-mingw/bin/../lib/gcc/avr/7.2.0/../../../../avr/lib/avr51\libm.a(fp_round.o)
                              e:/avr-gcc-7.2.0-x64-mingw/bin/../lib/gcc/avr/7.2.0/../../../../avr/lib/avr51\libm.a(addsf3.o) (__fp_round)
e:/avr-gcc-7.2.0-x64-mingw/bin/../lib/gcc/avr/7.2.0/../../../../avr/lib/avr51\libm.a(fp_split3.o)
                              e:/avr-gcc-7.2.0-x64-mingw/bin/../lib/gcc/avr/7.2.0/../../../../avr/lib/avr51\libm.a(addsf3x.o) (__fp_split3)
e:/avr-gcc-7.2.0-x64-mingw/bin/../lib/gcc/avr/7.2.0/../../../../avr/lib/avr51\libm.a(fp_zero.o)
                              e:/avr-gcc-7.2.0-x64-mingw/bin/../lib/gcc/avr/7.2.0/../../../../avr/lib/avr51\libm.a(addsf3x.o) (__fp_zero)
e:/avr-gcc-7.2.0-x64-mingw/bin/../lib/gcc/avr/7.2.0/../../../../avr/lib/avr51\libm.a(mulsf3.o)
                              ex2-4.o (__mulsf3)
e:/avr-gcc-7.2.0-x64-mingw/bin/../lib/gcc/avr/7.2.0/../../../../avr/lib/avr51\libm.a(mulsf3x.o)
                              e:/avr-gcc-7.2.0-x64-mingw/bin/../lib/gcc/avr/7.2.0/../../../../avr/lib/avr51\libm.a(mulsf3.o) (__mulsf3x)
e:/avr-gcc-7.2.0-x64-mingw/bin/../lib/gcc/avr/7.2.0/../../../../avr/lib/avr51\libprintf_flt.a(vfprintf_flt.o)
                              (vfprintf)
e:/avr-gcc-7.2.0-x64-mingw/bin/../lib/gcc/avr/7.2.0/../../../../avr/lib/avr51\libscanf_flt.a(vfscanf_flt.o)
                              (vfscanf)
e:/avr-gcc-7.2.0-x64-mingw/bin/../lib/gcc/avr/7.2.0/avr51\libgcc.a(_divmodhi4.o)
                              ex2-4.o (__divmodhi4)
e:/avr-gcc-7.2.0-x64-mingw/bin/../lib/gcc/avr/7.2.0/avr51\libgcc.a(_udivmodsi4.o)
                              lib/SDC00/ff.o (__udivmodsi4)
e:/avr-gcc-7.2.0-x64-mingw/bin/../lib/gcc/avr/7.2.0/avr51\libgcc.a(_exit.o)
                              e:/avr-gcc-7.2.0-x64-mingw/bin/../lib/gcc/avr/7.2.0/../../../../avr/lib/avr51/crtatmega128.o (exit)
e:/avr-gcc-7.2.0-x64-mingw/bin/../lib/gcc/avr/7.2.0/avr51\libgcc.a(_copy_data.o)
                              ex2-4.o (__do_copy_data)
e:/avr-gcc-7.2.0-x64-mingw/bin/../lib/gcc/avr/7.2.0/avr51\libgcc.a(_clear_bss.o)
                              ex2-4.o (__do_clear_bss)
e:/avr-gcc-7.2.0-x64-mingw/bin/../lib/gcc/avr/7.2.0/avr51\libgcc.a(_muluhisi3.o)
                              lib/SDC00/ff.o (__muluhisi3)
e:/avr-gcc-7.2.0-x64-mingw/bin/../lib/gcc/avr/7.2.0/avr51\libgcc.a(_udivmodhi4.o)
                              e:/avr-gcc-7.2.0-x64-mingw/bin/../lib/gcc/avr/7.2.0/avr51\libgcc.a(_divmodhi4.o) (__udivmodhi4)
e:/avr-gcc-7.2.0-x64-mingw/bin/../lib/gcc/avr/7.2.0/avr51\libgcc.a(_umulhisi3.o)
                              e:/avr-gcc-7.2.0-x64-mingw/bin/../lib/gcc/avr/7.2.0/avr51\libgcc.a(_muluhisi3.o) (__umulhisi3)
e:/avr-gcc-7.2.0-x64-mingw/bin/../lib/gcc/avr/7.2.0/../../../../avr/lib/avr51\libm.a(floatsisf.o)
                              e:/avr-gcc-7.2.0-x64-mingw/bin/../lib/gcc/avr/7.2.0/../../../../avr/lib/avr51\libscanf_flt.a(vfscanf_flt.o) (__floatunsisf)
e:/avr-gcc-7.2.0-x64-mingw/bin/../lib/gcc/avr/7.2.0/../../../../avr/lib/avr51\libc.a(ftoa_engine.o)
                              e:/avr-gcc-7.2.0-x64-mingw/bin/../lib/gcc/avr/7.2.0/../../../../avr/lib/avr51\libprintf_flt.a(vfprintf_flt.o) (__ftoa_engine)
e:/avr-gcc-7.2.0-x64-mingw/bin/../lib/gcc/avr/7.2.0/../../../../avr/lib/avr51\libc.a(isspace.o)
                              e:/avr-gcc-7.2.0-x64-mingw/bin/../lib/gcc/avr/7.2.0/../../../../avr/lib/avr51\libscanf_flt.a(vfscanf_flt.o) (isspace)
e:/avr-gcc-7.2.0-x64-mingw/bin/../lib/gcc/avr/7.2.0/../../../../avr/lib/avr51\libc.a(tolower.o)
                              e:/avr-gcc-7.2.0-x64-mingw/bin/../lib/gcc/avr/7.2.0/../../../../avr/lib/avr51\libscanf_flt.a(vfscanf_flt.o) (tolower)
e:/avr-gcc-7.2.0-x64-mingw/bin/../lib/gcc/avr/7.2.0/../../../../avr/lib/avr51\libc.a(strchr_P.o)
                              e:/avr-gcc-7.2.0-x64-mingw/bin/../lib/gcc/avr/7.2.0/../../../../avr/lib/avr51\libscanf_flt.a(vfscanf_flt.o) (strchr_P)
e:/avr-gcc-7.2.0-x64-mingw/bin/../lib/gcc/avr/7.2.0/../../../../avr/lib/avr51\libc.a(strnlen_P.o)
                              e:/avr-gcc-7.2.0-x64-mingw/bin/../lib/gcc/avr/7.2.0/../../../../avr/lib/avr51\libprintf_flt.a(vfprintf_flt.o) (strnlen_P)
e:/avr-gcc-7.2.0-x64-mingw/bin/../lib/gcc/avr/7.2.0/../../../../avr/lib/avr51\libc.a(strnlen.o)
                              e:/avr-gcc-7.2.0-x64-mingw/bin/../lib/gcc/avr/7.2.0/../../../../avr/lib/avr51\libprintf_flt.a(vfprintf_flt.o) (strnlen)
e:/avr-gcc-7.2.0-x64-mingw/bin/../lib/gcc/avr/7.2.0/../../../../avr/lib/avr51\libc.a(fgetc.o)
                              e:/avr-gcc-7.2.0-x64-mingw/bin/../lib/gcc/avr/7.2.0/../../../../avr/lib/avr51\libscanf_flt.a(vfscanf_flt.o) (fgetc)
e:/avr-gcc-7.2.0-x64-mingw/bin/../lib/gcc/avr/7.2.0/../../../../avr/lib/avr51\libc.a(fputc.o)
                              e:/avr-gcc-7.2.0-x64-mingw/bin/../lib/gcc/avr/7.2.0/../../../../avr/lib/avr51\libprintf_flt.a(vfprintf_flt.o) (fputc)
e:/avr-gcc-7.2.0-x64-mingw/bin/../lib/gcc/avr/7.2.0/../../../../avr/lib/avr51\libc.a(iob.o)
                              lib/ASA_Lib_M128.o (__iob)
e:/avr-gcc-7.2.0-x64-mingw/bin/../lib/gcc/avr/7.2.0/../../../../avr/lib/avr51\libc.a(printf.o)
                              ex2-4.o (printf)
e:/avr-gcc-7.2.0-x64-mingw/bin/../lib/gcc/avr/7.2.0/../../../../avr/lib/avr51\libc.a(puts.o)
                              ex2-4.o (puts)
e:/avr-gcc-7.2.0-x64-mingw/bin/../lib/gcc/avr/7.2.0/../../../../avr/lib/avr51\libc.a(scanf.o)
                              ex2-4.o (scanf)
e:/avr-gcc-7.2.0-x64-mingw/bin/../lib/gcc/avr/7.2.0/../../../../avr/lib/avr51\libc.a(sprintf.o)
                              lib/SDC00/ASA_lib_SDC00.o (sprintf)
e:/avr-gcc-7.2.0-x64-mingw/bin/../lib/gcc/avr/7.2.0/../../../../avr/lib/avr51\libc.a(ungetc.o)
                              e:/avr-gcc-7.2.0-x64-mingw/bin/../lib/gcc/avr/7.2.0/../../../../avr/lib/avr51\libscanf_flt.a(vfscanf_flt.o) (ungetc)
e:/avr-gcc-7.2.0-x64-mingw/bin/../lib/gcc/avr/7.2.0/../../../../avr/lib/avr51\libc.a(ultoa_invert.o)
                              e:/avr-gcc-7.2.0-x64-mingw/bin/../lib/gcc/avr/7.2.0/../../../../avr/lib/avr51\libprintf_flt.a(vfprintf_flt.o) (__ultoa_invert)
e:/avr-gcc-7.2.0-x64-mingw/bin/../lib/gcc/avr/7.2.0/../../../../avr/lib/avr51\libc.a(cty_isfalse.o)
                              e:/avr-gcc-7.2.0-x64-mingw/bin/../lib/gcc/avr/7.2.0/../../../../avr/lib/avr51\libc.a(isspace.o) (__ctype_isfalse)

Allocating common symbols
Common symbol       size              file

FatFs               0x466             lib/SDC00/ASA_lib_SDC00.o
FileObj             0x22              lib/SDC00/ASA_lib_SDC00.o
DirObj              0x28              lib/SDC00/ASA_lib_SDC00.o
datasin             0x2               ex2-4.o
FileName            0xd               lib/SDC00/ASA_lib_SDC00.o
__iob               0x6               e:/avr-gcc-7.2.0-x64-mingw/bin/../lib/gcc/avr/7.2.0/../../../../avr/lib/avr51\libc.a(iob.o)

Memory Configuration

Name             Origin             Length             Attributes
text             0x0000000000000000 0x0000000000020000 xr
data             0x0000000000800100 0x000000000000ff00 rw !x
eeprom           0x0000000000810000 0x0000000000010000 rw !x
fuse             0x0000000000820000 0x0000000000000400 rw !x
lock             0x0000000000830000 0x0000000000000400 rw !x
signature        0x0000000000840000 0x0000000000000400 rw !x
user_signatures  0x0000000000850000 0x0000000000000400 rw !x
*default*        0x0000000000000000 0xffffffffffffffff

Linker script and memory map

Address of section .data set to 0x800100
LOAD e:/avr-gcc-7.2.0-x64-mingw/bin/../lib/gcc/avr/7.2.0/../../../../avr/lib/avr51/crtatmega128.o
LOAD ex2-4.o
LOAD lib/SDC00/diskio.o
LOAD lib/SDC00/ffunicode_avr.o
LOAD lib/SDC00/ff.o
LOAD lib/SDC00/ASA_lib_SDC00.o
LOAD lib/SDC00/mmc_avr_spi.o
LOAD lib/DAC00/ASA_Lib_DAC00.o
LOAD lib/ASA_Lib_M128.o
LOAD lib/ASA_Lib_HMI.o
LOAD e:/avr-gcc-7.2.0-x64-mingw/bin/../lib/gcc/avr/7.2.0/../../../../avr/lib/avr51\libm.a
LOAD e:/avr-gcc-7.2.0-x64-mingw/bin/../lib/gcc/avr/7.2.0/../../../../avr/lib/avr51\libprintf_flt.a
LOAD e:/avr-gcc-7.2.0-x64-mingw/bin/../lib/gcc/avr/7.2.0/../../../../avr/lib/avr51\libscanf_flt.a
START GROUP
LOAD e:/avr-gcc-7.2.0-x64-mingw/bin/../lib/gcc/avr/7.2.0/avr51\libgcc.a
LOAD e:/avr-gcc-7.2.0-x64-mingw/bin/../lib/gcc/avr/7.2.0/../../../../avr/lib/avr51\libm.a
LOAD e:/avr-gcc-7.2.0-x64-mingw/bin/../lib/gcc/avr/7.2.0/../../../../avr/lib/avr51\libc.a
LOAD e:/avr-gcc-7.2.0-x64-mingw/bin/../lib/gcc/avr/7.2.0/../../../../avr/lib/avr51\libatmega128.a
END GROUP
                0x0000000000020000                __TEXT_REGION_LENGTH__ = DEFINED (__TEXT_REGION_LENGTH__)?__TEXT_REGION_LENGTH__:0x20000
                0x000000000000ff00                __DATA_REGION_LENGTH__ = DEFINED (__DATA_REGION_LENGTH__)?__DATA_REGION_LENGTH__:0xff00
                0x0000000000010000                __EEPROM_REGION_LENGTH__ = DEFINED (__EEPROM_REGION_LENGTH__)?__EEPROM_REGION_LENGTH__:0x10000
                0x0000000000000400                __FUSE_REGION_LENGTH__ = DEFINED (__FUSE_REGION_LENGTH__)?__FUSE_REGION_LENGTH__:0x400
                0x0000000000000400                __LOCK_REGION_LENGTH__ = DEFINED (__LOCK_REGION_LENGTH__)?__LOCK_REGION_LENGTH__:0x400
                0x0000000000000400                __SIGNATURE_REGION_LENGTH__ = DEFINED (__SIGNATURE_REGION_LENGTH__)?__SIGNATURE_REGION_LENGTH__:0x400
                0x0000000000000400                __USER_SIGNATURE_REGION_LENGTH__ = DEFINED (__USER_SIGNATURE_REGION_LENGTH__)?__USER_SIGNATURE_REGION_LENGTH__:0x400

.hash
 *(.hash)

.dynsym
 *(.dynsym)

.dynstr
 *(.dynstr)

.gnu.version
 *(.gnu.version)

.gnu.version_d
 *(.gnu.version_d)

.gnu.version_r
 *(.gnu.version_r)

.rel.init
 *(.rel.init)

.rela.init
 *(.rela.init)

.rel.text
 *(.rel.text)
 *(.rel.text.*)
 *(.rel.gnu.linkonce.t*)

.rela.text
 *(.rela.text)
 *(.rela.text.*)
 *(.rela.gnu.linkonce.t*)

.rel.fini
 *(.rel.fini)

.rela.fini
 *(.rela.fini)

.rel.rodata
 *(.rel.rodata)
 *(.rel.rodata.*)
 *(.rel.gnu.linkonce.r*)

.rela.rodata
 *(.rela.rodata)
 *(.rela.rodata.*)
 *(.rela.gnu.linkonce.r*)

.rel.data
 *(.rel.data)
 *(.rel.data.*)
 *(.rel.gnu.linkonce.d*)

.rela.data
 *(.rela.data)
 *(.rela.data.*)
 *(.rela.gnu.linkonce.d*)

.rel.ctors
 *(.rel.ctors)

.rela.ctors
 *(.rela.ctors)

.rel.dtors
 *(.rel.dtors)

.rela.dtors
 *(.rela.dtors)

.rel.got
 *(.rel.got)

.rela.got
 *(.rela.got)

.rel.bss
 *(.rel.bss)

.rela.bss
 *(.rela.bss)

.rel.plt
 *(.rel.plt)

.rela.plt
 *(.rela.plt)

.text           0x0000000000000000     0x7e56
 *(.vectors)
 .vectors       0x0000000000000000       0x8c e:/avr-gcc-7.2.0-x64-mingw/bin/../lib/gcc/avr/7.2.0/../../../../avr/lib/avr51/crtatmega128.o
                0x0000000000000000                __vector_default
                0x0000000000000000                __vectors
 *(.vectors)
 *(.progmem.gcc*)
                0x000000000000008c                . = ALIGN (0x2)
                0x000000000000008c                __trampolines_start = .
 *(.trampolines)
 .trampolines   0x000000000000008c        0x0 linker stubs
 *(.trampolines*)
                0x000000000000008c                __trampolines_end = .
 *libprintf_flt.a:*(.progmem.data)
 .progmem.data  0x000000000000008c        0x8 e:/avr-gcc-7.2.0-x64-mingw/bin/../lib/gcc/avr/7.2.0/../../../../avr/lib/avr51\libprintf_flt.a(vfprintf_flt.o)
 *libc.a:*(.progmem.data)
 .progmem.data  0x0000000000000094       0xfa e:/avr-gcc-7.2.0-x64-mingw/bin/../lib/gcc/avr/7.2.0/../../../../avr/lib/avr51\libc.a(ftoa_engine.o)
 *(.progmem*)
 .progmem.data  0x000000000000018e       0x4d e:/avr-gcc-7.2.0-x64-mingw/bin/../lib/gcc/avr/7.2.0/../../../../avr/lib/avr51\libscanf_flt.a(vfscanf_flt.o)
                0x00000000000001dc                . = ALIGN (0x2)
 *fill*         0x00000000000001db        0x1 
 *(.lowtext)
 *(.lowtext*)
                0x00000000000001dc                __ctors_start = .
 *(.ctors)
                0x00000000000001dc                __ctors_end = .
                0x00000000000001dc                __dtors_start = .
 *(.dtors)
                0x00000000000001dc                __dtors_end = .
 SORT(*)(.ctors)
 SORT(*)(.dtors)
 *(.init0)
 .init0         0x00000000000001dc        0x0 e:/avr-gcc-7.2.0-x64-mingw/bin/../lib/gcc/avr/7.2.0/../../../../avr/lib/avr51/crtatmega128.o
                0x00000000000001dc                __init
 *(.init0)
 *(.init1)
 *(.init1)
 *(.init2)
 .init2         0x00000000000001dc        0xc e:/avr-gcc-7.2.0-x64-mingw/bin/../lib/gcc/avr/7.2.0/../../../../avr/lib/avr51/crtatmega128.o
 *(.init2)
 *(.init3)
 *(.init3)
 *(.init4)
 .init4         0x00000000000001e8       0x1a e:/avr-gcc-7.2.0-x64-mingw/bin/../lib/gcc/avr/7.2.0/avr51\libgcc.a(_copy_data.o)
                0x00000000000001e8                __do_copy_data
 .init4         0x0000000000000202       0x10 e:/avr-gcc-7.2.0-x64-mingw/bin/../lib/gcc/avr/7.2.0/avr51\libgcc.a(_clear_bss.o)
                0x0000000000000202                __do_clear_bss
 *(.init4)
 *(.init5)
 *(.init5)
 *(.init6)
 *(.init6)
 *(.init7)
 *(.init7)
 *(.init8)
 *(.init8)
 *(.init9)
 .init9         0x0000000000000212        0x8 e:/avr-gcc-7.2.0-x64-mingw/bin/../lib/gcc/avr/7.2.0/../../../../avr/lib/avr51/crtatmega128.o
 *(.init9)
 *(.text)
 .text          0x000000000000021a        0x4 e:/avr-gcc-7.2.0-x64-mingw/bin/../lib/gcc/avr/7.2.0/../../../../avr/lib/avr51/crtatmega128.o
                0x000000000000021a                __vector_22
                0x000000000000021a                __vector_28
                0x000000000000021a                __vector_1
                0x000000000000021a                __vector_32
                0x000000000000021a                __vector_34
                0x000000000000021a                __vector_24
                0x000000000000021a                __vector_12
                0x000000000000021a                __bad_interrupt
                0x000000000000021a                __vector_6
                0x000000000000021a                __vector_31
                0x000000000000021a                __vector_3
                0x000000000000021a                __vector_23
                0x000000000000021a                __vector_30
                0x000000000000021a                __vector_25
                0x000000000000021a                __vector_11
                0x000000000000021a                __vector_13
                0x000000000000021a                __vector_17
                0x000000000000021a                __vector_19
                0x000000000000021a                __vector_7
                0x000000000000021a                __vector_27
                0x000000000000021a                __vector_5
                0x000000000000021a                __vector_33
                0x000000000000021a                __vector_4
                0x000000000000021a                __vector_9
                0x000000000000021a                __vector_2
                0x000000000000021a                __vector_21
                0x000000000000021a                __vector_29
                0x000000000000021a                __vector_8
                0x000000000000021a                __vector_26
                0x000000000000021a                __vector_14
                0x000000000000021a                __vector_10
                0x000000000000021a                __vector_16
                0x000000000000021a                __vector_18
                0x000000000000021a                __vector_20
 .text          0x000000000000021e      0x1b8 ex2-4.o
                0x000000000000021e                __vector_15
                0x00000000000002fa                SDCclose
                0x0000000000000358                SDCopen
 .text          0x00000000000003d6       0x72 lib/SDC00/diskio.o
                0x00000000000003d6                disk_status
                0x00000000000003e2                disk_initialize
                0x00000000000003ee                disk_read
                0x0000000000000410                disk_write
                0x0000000000000432                disk_ioctl
                0x0000000000000444                disk_timerproc
 .text          0x0000000000000448        0x0 lib/SDC00/ffunicode_avr.o
 .text          0x0000000000000448     0x4978 lib/SDC00/ff.o
                0x0000000000001da4                f_mount
                0x0000000000001e26                f_open
                0x0000000000002154                f_read
                0x00000000000023f4                f_write
                0x0000000000002830                f_sync
                0x00000000000028dc                f_close
                0x0000000000002918                f_chdrive
                0x0000000000002946                f_chdir
                0x00000000000029f2                f_getcwd
                0x0000000000002c04                f_lseek
                0x0000000000002f40                f_opendir
                0x0000000000002ff6                f_closedir
                0x0000000000003028                f_readdir
                0x000000000000309a                f_stat
                0x0000000000003116                f_getfree
                0x000000000000330c                f_truncate
                0x0000000000003410                f_unlink
                0x0000000000003578                f_mkdir
                0x0000000000003776                f_rename
                0x0000000000003990                f_chmod
                0x0000000000003a1a                f_utime
                0x0000000000003abc                f_getlabel
                0x0000000000003bd2                f_setlabel
                0x0000000000003e26                f_mkfs
                0x0000000000004908                f_gets
                0x00000000000049a4                f_putc
                0x00000000000049ec                f_puts
                0x0000000000004a44                f_printf
 .text          0x0000000000004dc0      0x546 lib/SDC00/ASA_lib_SDC00.o
                0x0000000000004dc0                ASA_ID_check
                0x0000000000004dcc                ASA_ID_set
                0x0000000000004df0                ASA_SDC00_Select
                0x0000000000004e08                ASA_SDC00_Deselect
                0x0000000000004e22                ASA_SDC00_Init
                0x0000000000004ea4                ASA_SDC00_set
                0x0000000000004fc2                ASA_SDC00_put
                0x0000000000005158                check_info
                0x00000000000051c4                ASA_SDC00_get
 .text          0x0000000000005306      0xd0e lib/SDC00/mmc_avr_spi.o
                0x0000000000005592                mmc_disk_initialize
                0x000000000000583e                mmc_disk_status
                0x0000000000005844                mmc_disk_read
                0x00000000000058cc                mmc_disk_write
                0x00000000000059cc                mmc_disk_ioctl
                0x0000000000005fb0                mmc_disk_timerproc
 .text          0x0000000000006014      0x1d2 lib/DAC00/ASA_Lib_DAC00.o
                0x0000000000006056                ASA_DAC00_set
                0x00000000000060e8                ASA_DAC00_put
                0x000000000000616c                ASA_DAC00_get
 .text          0x00000000000061e6       0x64 lib/ASA_Lib_M128.o
                0x00000000000061e6                stdio_putchar
                0x0000000000006202                stdio_getchar
                0x000000000000621a                ASA_M128_set
 .text          0x000000000000624a      0x302 lib/ASA_Lib_HMI.o
                0x000000000000624a                uart_put
                0x0000000000006252                uart_get
                0x000000000000625a                M128_HMI_set
                0x0000000000006286                HMI_timeout_set
                0x00000000000062c4                M128_HMI_put
                0x000000000000633c                M128_HMI_get
                0x00000000000063ca                M128_HMI_Form_put
                0x0000000000006484                M128_HMI_Form_get
 .text          0x000000000000654c        0x0 e:/avr-gcc-7.2.0-x64-mingw/bin/../lib/gcc/avr/7.2.0/../../../../avr/lib/avr51\libm.a(addsf3.o)
 .text          0x000000000000654c        0x0 e:/avr-gcc-7.2.0-x64-mingw/bin/../lib/gcc/avr/7.2.0/../../../../avr/lib/avr51\libm.a(addsf3x.o)
 .text          0x000000000000654c        0x0 e:/avr-gcc-7.2.0-x64-mingw/bin/../lib/gcc/avr/7.2.0/../../../../avr/lib/avr51\libm.a(fixunssfsi.o)
 .text          0x000000000000654c        0x0 e:/avr-gcc-7.2.0-x64-mingw/bin/../lib/gcc/avr/7.2.0/../../../../avr/lib/avr51\libm.a(fp_inf.o)
 .text          0x000000000000654c        0x0 e:/avr-gcc-7.2.0-x64-mingw/bin/../lib/gcc/avr/7.2.0/../../../../avr/lib/avr51\libm.a(fp_nan.o)
 .text          0x000000000000654c        0x0 e:/avr-gcc-7.2.0-x64-mingw/bin/../lib/gcc/avr/7.2.0/../../../../avr/lib/avr51\libm.a(fp_pscA.o)
 .text          0x000000000000654c        0x0 e:/avr-gcc-7.2.0-x64-mingw/bin/../lib/gcc/avr/7.2.0/../../../../avr/lib/avr51\libm.a(fp_pscB.o)
 .text          0x000000000000654c        0x0 e:/avr-gcc-7.2.0-x64-mingw/bin/../lib/gcc/avr/7.2.0/../../../../avr/lib/avr51\libm.a(fp_round.o)
 .text          0x000000000000654c        0x0 e:/avr-gcc-7.2.0-x64-mingw/bin/../lib/gcc/avr/7.2.0/../../../../avr/lib/avr51\libm.a(fp_split3.o)
 .text          0x000000000000654c        0x0 e:/avr-gcc-7.2.0-x64-mingw/bin/../lib/gcc/avr/7.2.0/../../../../avr/lib/avr51\libm.a(fp_zero.o)
 .text          0x000000000000654c        0x0 e:/avr-gcc-7.2.0-x64-mingw/bin/../lib/gcc/avr/7.2.0/../../../../avr/lib/avr51\libm.a(mulsf3.o)
 .text          0x000000000000654c        0x0 e:/avr-gcc-7.2.0-x64-mingw/bin/../lib/gcc/avr/7.2.0/../../../../avr/lib/avr51\libm.a(mulsf3x.o)
 .text          0x000000000000654c        0x0 e:/avr-gcc-7.2.0-x64-mingw/bin/../lib/gcc/avr/7.2.0/../../../../avr/lib/avr51\libprintf_flt.a(vfprintf_flt.o)
 .text          0x000000000000654c        0x0 e:/avr-gcc-7.2.0-x64-mingw/bin/../lib/gcc/avr/7.2.0/../../../../avr/lib/avr51\libscanf_flt.a(vfscanf_flt.o)
 .text          0x000000000000654c        0x0 e:/avr-gcc-7.2.0-x64-mingw/bin/../lib/gcc/avr/7.2.0/avr51\libgcc.a(_divmodhi4.o)
 .text          0x000000000000654c        0x0 e:/avr-gcc-7.2.0-x64-mingw/bin/../lib/gcc/avr/7.2.0/avr51\libgcc.a(_udivmodsi4.o)
 .text          0x000000000000654c        0x0 e:/avr-gcc-7.2.0-x64-mingw/bin/../lib/gcc/avr/7.2.0/avr51\libgcc.a(_exit.o)
 .text          0x000000000000654c        0x0 e:/avr-gcc-7.2.0-x64-mingw/bin/../lib/gcc/avr/7.2.0/avr51\libgcc.a(_copy_data.o)
 .text          0x000000000000654c        0x0 e:/avr-gcc-7.2.0-x64-mingw/bin/../lib/gcc/avr/7.2.0/avr51\libgcc.a(_clear_bss.o)
 .text          0x000000000000654c        0x0 e:/avr-gcc-7.2.0-x64-mingw/bin/../lib/gcc/avr/7.2.0/avr51\libgcc.a(_muluhisi3.o)
 .text          0x000000000000654c        0x0 e:/avr-gcc-7.2.0-x64-mingw/bin/../lib/gcc/avr/7.2.0/avr51\libgcc.a(_udivmodhi4.o)
 .text          0x000000000000654c        0x0 e:/avr-gcc-7.2.0-x64-mingw/bin/../lib/gcc/avr/7.2.0/avr51\libgcc.a(_umulhisi3.o)
 .text          0x000000000000654c        0x0 e:/avr-gcc-7.2.0-x64-mingw/bin/../lib/gcc/avr/7.2.0/../../../../avr/lib/avr51\libm.a(floatsisf.o)
 .text          0x000000000000654c        0x0 e:/avr-gcc-7.2.0-x64-mingw/bin/../lib/gcc/avr/7.2.0/../../../../avr/lib/avr51\libc.a(ftoa_engine.o)
 .text          0x000000000000654c        0x0 e:/avr-gcc-7.2.0-x64-mingw/bin/../lib/gcc/avr/7.2.0/../../../../avr/lib/avr51\libc.a(isspace.o)
 .text          0x000000000000654c        0x0 e:/avr-gcc-7.2.0-x64-mingw/bin/../lib/gcc/avr/7.2.0/../../../../avr/lib/avr51\libc.a(tolower.o)
 .text          0x000000000000654c        0x0 e:/avr-gcc-7.2.0-x64-mingw/bin/../lib/gcc/avr/7.2.0/../../../../avr/lib/avr51\libc.a(strchr_P.o)
 .text          0x000000000000654c        0x0 e:/avr-gcc-7.2.0-x64-mingw/bin/../lib/gcc/avr/7.2.0/../../../../avr/lib/avr51\libc.a(strnlen_P.o)
 .text          0x000000000000654c        0x0 e:/avr-gcc-7.2.0-x64-mingw/bin/../lib/gcc/avr/7.2.0/../../../../avr/lib/avr51\libc.a(strnlen.o)
 .text          0x000000000000654c        0x0 e:/avr-gcc-7.2.0-x64-mingw/bin/../lib/gcc/avr/7.2.0/../../../../avr/lib/avr51\libc.a(fgetc.o)
 .text          0x000000000000654c        0x0 e:/avr-gcc-7.2.0-x64-mingw/bin/../lib/gcc/avr/7.2.0/../../../../avr/lib/avr51\libc.a(fputc.o)
 .text          0x000000000000654c        0x0 e:/avr-gcc-7.2.0-x64-mingw/bin/../lib/gcc/avr/7.2.0/../../../../avr/lib/avr51\libc.a(iob.o)
 .text          0x000000000000654c        0x0 e:/avr-gcc-7.2.0-x64-mingw/bin/../lib/gcc/avr/7.2.0/../../../../avr/lib/avr51\libc.a(printf.o)
 .text          0x000000000000654c        0x0 e:/avr-gcc-7.2.0-x64-mingw/bin/../lib/gcc/avr/7.2.0/../../../../avr/lib/avr51\libc.a(puts.o)
 .text          0x000000000000654c        0x0 e:/avr-gcc-7.2.0-x64-mingw/bin/../lib/gcc/avr/7.2.0/../../../../avr/lib/avr51\libc.a(scanf.o)
 .text          0x000000000000654c        0x0 e:/avr-gcc-7.2.0-x64-mingw/bin/../lib/gcc/avr/7.2.0/../../../../avr/lib/avr51\libc.a(sprintf.o)
 .text          0x000000000000654c        0x0 e:/avr-gcc-7.2.0-x64-mingw/bin/../lib/gcc/avr/7.2.0/../../../../avr/lib/avr51\libc.a(ungetc.o)
 .text          0x000000000000654c        0x0 e:/avr-gcc-7.2.0-x64-mingw/bin/../lib/gcc/avr/7.2.0/../../../../avr/lib/avr51\libc.a(ultoa_invert.o)
 .text          0x000000000000654c        0x0 e:/avr-gcc-7.2.0-x64-mingw/bin/../lib/gcc/avr/7.2.0/../../../../avr/lib/avr51\libc.a(cty_isfalse.o)
                0x000000000000654c                . = ALIGN (0x2)
 *(.text.*)
 .text.startup  0x000000000000654c       0xcc ex2-4.o
                0x000000000000654c                main
 .text.avr-libc.fplib
                0x0000000000006618        0xe e:/avr-gcc-7.2.0-x64-mingw/bin/../lib/gcc/avr/7.2.0/../../../../avr/lib/avr51\libm.a(addsf3.o)
                0x0000000000006618                __subsf3
                0x000000000000661a                __addsf3
 .text.avr-libc.fplib
                0x0000000000006626       0xcc e:/avr-gcc-7.2.0-x64-mingw/bin/../lib/gcc/avr/7.2.0/../../../../avr/lib/avr51\libm.a(addsf3x.o)
                0x0000000000006648                __addsf3x
 .text.avr-libc.fplib
                0x00000000000066f2       0x5e e:/avr-gcc-7.2.0-x64-mingw/bin/../lib/gcc/avr/7.2.0/../../../../avr/lib/avr51\libm.a(fixunssfsi.o)
                0x00000000000066f2                __fixunssfsi
 .text.avr-libc.fplib
                0x0000000000006750        0xc e:/avr-gcc-7.2.0-x64-mingw/bin/../lib/gcc/avr/7.2.0/../../../../avr/lib/avr51\libm.a(fp_inf.o)
                0x0000000000006750                __fp_inf
 .text.avr-libc.fplib
                0x000000000000675c        0x6 e:/avr-gcc-7.2.0-x64-mingw/bin/../lib/gcc/avr/7.2.0/../../../../avr/lib/avr51\libm.a(fp_nan.o)
                0x000000000000675c                __fp_nan
 .text.avr-libc.fplib
                0x0000000000006762        0xe e:/avr-gcc-7.2.0-x64-mingw/bin/../lib/gcc/avr/7.2.0/../../../../avr/lib/avr51\libm.a(fp_pscA.o)
                0x0000000000006762                __fp_pscA
 .text.avr-libc.fplib
                0x0000000000006770        0xe e:/avr-gcc-7.2.0-x64-mingw/bin/../lib/gcc/avr/7.2.0/../../../../avr/lib/avr51\libm.a(fp_pscB.o)
                0x0000000000006770                __fp_pscB
 .text.avr-libc.fplib
                0x000000000000677e       0x22 e:/avr-gcc-7.2.0-x64-mingw/bin/../lib/gcc/avr/7.2.0/../../../../avr/lib/avr51\libm.a(fp_round.o)
                0x000000000000677e                __fp_round
 .text.avr-libc.fplib
                0x00000000000067a0       0x44 e:/avr-gcc-7.2.0-x64-mingw/bin/../lib/gcc/avr/7.2.0/../../../../avr/lib/avr51\libm.a(fp_split3.o)
                0x00000000000067a0                __fp_split3
                0x00000000000067b0                __fp_splitA
 .text.avr-libc.fplib
                0x00000000000067e4        0xe e:/avr-gcc-7.2.0-x64-mingw/bin/../lib/gcc/avr/7.2.0/../../../../avr/lib/avr51\libm.a(fp_zero.o)
                0x00000000000067e4                __fp_zero
                0x00000000000067e6                __fp_szero
 .text.avr-libc.fplib
                0x00000000000067f2        0x8 e:/avr-gcc-7.2.0-x64-mingw/bin/../lib/gcc/avr/7.2.0/../../../../avr/lib/avr51\libm.a(mulsf3.o)
                0x00000000000067f2                __mulsf3
 .text.avr-libc.fplib
                0x00000000000067fa       0xd2 e:/avr-gcc-7.2.0-x64-mingw/bin/../lib/gcc/avr/7.2.0/../../../../avr/lib/avr51\libm.a(mulsf3x.o)
                0x0000000000006818                __mulsf3x
                0x000000000000681e                __mulsf3_pse
 .text.avr-libc
                0x00000000000068cc      0x714 e:/avr-gcc-7.2.0-x64-mingw/bin/../lib/gcc/avr/7.2.0/../../../../avr/lib/avr51\libprintf_flt.a(vfprintf_flt.o)
                0x00000000000068cc                vfprintf
 .text.avr-libc
                0x0000000000006fe0      0x84c e:/avr-gcc-7.2.0-x64-mingw/bin/../lib/gcc/avr/7.2.0/../../../../avr/lib/avr51\libscanf_flt.a(vfscanf_flt.o)
                0x00000000000075c6                vfscanf
 .text.libgcc.mul
                0x000000000000782c        0x0 e:/avr-gcc-7.2.0-x64-mingw/bin/../lib/gcc/avr/7.2.0/avr51\libgcc.a(_divmodhi4.o)
 .text.libgcc.div
                0x000000000000782c       0x28 e:/avr-gcc-7.2.0-x64-mingw/bin/../lib/gcc/avr/7.2.0/avr51\libgcc.a(_divmodhi4.o)
                0x000000000000782c                _div
                0x000000000000782c                __divmodhi4
 .text.libgcc   0x0000000000007854        0x0 e:/avr-gcc-7.2.0-x64-mingw/bin/../lib/gcc/avr/7.2.0/avr51\libgcc.a(_divmodhi4.o)
 .text.libgcc.prologue
                0x0000000000007854        0x0 e:/avr-gcc-7.2.0-x64-mingw/bin/../lib/gcc/avr/7.2.0/avr51\libgcc.a(_divmodhi4.o)
 .text.libgcc.builtins
                0x0000000000007854        0x0 e:/avr-gcc-7.2.0-x64-mingw/bin/../lib/gcc/avr/7.2.0/avr51\libgcc.a(_divmodhi4.o)
 .text.libgcc.fmul
                0x0000000000007854        0x0 e:/avr-gcc-7.2.0-x64-mingw/bin/../lib/gcc/avr/7.2.0/avr51\libgcc.a(_divmodhi4.o)
 .text.libgcc.fixed
                0x0000000000007854        0x0 e:/avr-gcc-7.2.0-x64-mingw/bin/../lib/gcc/avr/7.2.0/avr51\libgcc.a(_divmodhi4.o)
 .text.libgcc.mul
                0x0000000000007854        0x0 e:/avr-gcc-7.2.0-x64-mingw/bin/../lib/gcc/avr/7.2.0/avr51\libgcc.a(_udivmodsi4.o)
 .text.libgcc.div
                0x0000000000007854       0x44 e:/avr-gcc-7.2.0-x64-mingw/bin/../lib/gcc/avr/7.2.0/avr51\libgcc.a(_udivmodsi4.o)
                0x0000000000007854                __udivmodsi4
 .text.libgcc   0x0000000000007898        0x0 e:/avr-gcc-7.2.0-x64-mingw/bin/../lib/gcc/avr/7.2.0/avr51\libgcc.a(_udivmodsi4.o)
 .text.libgcc.prologue
                0x0000000000007898        0x0 e:/avr-gcc-7.2.0-x64-mingw/bin/../lib/gcc/avr/7.2.0/avr51\libgcc.a(_udivmodsi4.o)
 .text.libgcc.builtins
                0x0000000000007898        0x0 e:/avr-gcc-7.2.0-x64-mingw/bin/../lib/gcc/avr/7.2.0/avr51\libgcc.a(_udivmodsi4.o)
 .text.libgcc.fmul
                0x0000000000007898        0x0 e:/avr-gcc-7.2.0-x64-mingw/bin/../lib/gcc/avr/7.2.0/avr51\libgcc.a(_udivmodsi4.o)
 .text.libgcc.fixed
                0x0000000000007898        0x0 e:/avr-gcc-7.2.0-x64-mingw/bin/../lib/gcc/avr/7.2.0/avr51\libgcc.a(_udivmodsi4.o)
 .text.libgcc.mul
                0x0000000000007898        0x0 e:/avr-gcc-7.2.0-x64-mingw/bin/../lib/gcc/avr/7.2.0/avr51\libgcc.a(_exit.o)
 .text.libgcc.div
                0x0000000000007898        0x0 e:/avr-gcc-7.2.0-x64-mingw/bin/../lib/gcc/avr/7.2.0/avr51\libgcc.a(_exit.o)
 .text.libgcc   0x0000000000007898        0x0 e:/avr-gcc-7.2.0-x64-mingw/bin/../lib/gcc/avr/7.2.0/avr51\libgcc.a(_exit.o)
 .text.libgcc.prologue
                0x0000000000007898        0x0 e:/avr-gcc-7.2.0-x64-mingw/bin/../lib/gcc/avr/7.2.0/avr51\libgcc.a(_exit.o)
 .text.libgcc.builtins
                0x0000000000007898        0x0 e:/avr-gcc-7.2.0-x64-mingw/bin/../lib/gcc/avr/7.2.0/avr51\libgcc.a(_exit.o)
 .text.libgcc.fmul
                0x0000000000007898        0x0 e:/avr-gcc-7.2.0-x64-mingw/bin/../lib/gcc/avr/7.2.0/avr51\libgcc.a(_exit.o)
 .text.libgcc.fixed
                0x0000000000007898        0x0 e:/avr-gcc-7.2.0-x64-mingw/bin/../lib/gcc/avr/7.2.0/avr51\libgcc.a(_exit.o)
 .text.libgcc.mul
                0x0000000000007898        0x0 e:/avr-gcc-7.2.0-x64-mingw/bin/../lib/gcc/avr/7.2.0/avr51\libgcc.a(_copy_data.o)
 .text.libgcc.div
                0x0000000000007898        0x0 e:/avr-gcc-7.2.0-x64-mingw/bin/../lib/gcc/avr/7.2.0/avr51\libgcc.a(_copy_data.o)
 .text.libgcc   0x0000000000007898        0x0 e:/avr-gcc-7.2.0-x64-mingw/bin/../lib/gcc/avr/7.2.0/avr51\libgcc.a(_copy_data.o)
 .text.libgcc.prologue
                0x0000000000007898        0x0 e:/avr-gcc-7.2.0-x64-mingw/bin/../lib/gcc/avr/7.2.0/avr51\libgcc.a(_copy_data.o)
 .text.libgcc.builtins
                0x0000000000007898        0x0 e:/avr-gcc-7.2.0-x64-mingw/bin/../lib/gcc/avr/7.2.0/avr51\libgcc.a(_copy_data.o)
 .text.libgcc.fmul
                0x0000000000007898        0x0 e:/avr-gcc-7.2.0-x64-mingw/bin/../lib/gcc/avr/7.2.0/avr51\libgcc.a(_copy_data.o)
 .text.libgcc.fixed
                0x0000000000007898        0x0 e:/avr-gcc-7.2.0-x64-mingw/bin/../lib/gcc/avr/7.2.0/avr51\libgcc.a(_copy_data.o)
 .text.libgcc.mul
                0x0000000000007898        0x0 e:/avr-gcc-7.2.0-x64-mingw/bin/../lib/gcc/avr/7.2.0/avr51\libgcc.a(_clear_bss.o)
 .text.libgcc.div
                0x0000000000007898        0x0 e:/avr-gcc-7.2.0-x64-mingw/bin/../lib/gcc/avr/7.2.0/avr51\libgcc.a(_clear_bss.o)
 .text.libgcc   0x0000000000007898        0x0 e:/avr-gcc-7.2.0-x64-mingw/bin/../lib/gcc/avr/7.2.0/avr51\libgcc.a(_clear_bss.o)
 .text.libgcc.prologue
                0x0000000000007898        0x0 e:/avr-gcc-7.2.0-x64-mingw/bin/../lib/gcc/avr/7.2.0/avr51\libgcc.a(_clear_bss.o)
 .text.libgcc.builtins
                0x0000000000007898        0x0 e:/avr-gcc-7.2.0-x64-mingw/bin/../lib/gcc/avr/7.2.0/avr51\libgcc.a(_clear_bss.o)
 .text.libgcc.fmul
                0x0000000000007898        0x0 e:/avr-gcc-7.2.0-x64-mingw/bin/../lib/gcc/avr/7.2.0/avr51\libgcc.a(_clear_bss.o)
 .text.libgcc.fixed
                0x0000000000007898        0x0 e:/avr-gcc-7.2.0-x64-mingw/bin/../lib/gcc/avr/7.2.0/avr51\libgcc.a(_clear_bss.o)
 .text.libgcc.mul
                0x0000000000007898       0x16 e:/avr-gcc-7.2.0-x64-mingw/bin/../lib/gcc/avr/7.2.0/avr51\libgcc.a(_muluhisi3.o)
                0x0000000000007898                __muluhisi3
 .text.libgcc.div
                0x00000000000078ae        0x0 e:/avr-gcc-7.2.0-x64-mingw/bin/../lib/gcc/avr/7.2.0/avr51\libgcc.a(_muluhisi3.o)
 .text.libgcc   0x00000000000078ae        0x0 e:/avr-gcc-7.2.0-x64-mingw/bin/../lib/gcc/avr/7.2.0/avr51\libgcc.a(_muluhisi3.o)
 .text.libgcc.prologue
                0x00000000000078ae        0x0 e:/avr-gcc-7.2.0-x64-mingw/bin/../lib/gcc/avr/7.2.0/avr51\libgcc.a(_muluhisi3.o)
 .text.libgcc.builtins
                0x00000000000078ae        0x0 e:/avr-gcc-7.2.0-x64-mingw/bin/../lib/gcc/avr/7.2.0/avr51\libgcc.a(_muluhisi3.o)
 .text.libgcc.fmul
                0x00000000000078ae        0x0 e:/avr-gcc-7.2.0-x64-mingw/bin/../lib/gcc/avr/7.2.0/avr51\libgcc.a(_muluhisi3.o)
 .text.libgcc.fixed
                0x00000000000078ae        0x0 e:/avr-gcc-7.2.0-x64-mingw/bin/../lib/gcc/avr/7.2.0/avr51\libgcc.a(_muluhisi3.o)
 .text.libgcc.mul
                0x00000000000078ae        0x0 e:/avr-gcc-7.2.0-x64-mingw/bin/../lib/gcc/avr/7.2.0/avr51\libgcc.a(_udivmodhi4.o)
 .text.libgcc.div
                0x00000000000078ae       0x28 e:/avr-gcc-7.2.0-x64-mingw/bin/../lib/gcc/avr/7.2.0/avr51\libgcc.a(_udivmodhi4.o)
                0x00000000000078ae                __udivmodhi4
 .text.libgcc   0x00000000000078d6        0x0 e:/avr-gcc-7.2.0-x64-mingw/bin/../lib/gcc/avr/7.2.0/avr51\libgcc.a(_udivmodhi4.o)
 .text.libgcc.prologue
                0x00000000000078d6        0x0 e:/avr-gcc-7.2.0-x64-mingw/bin/../lib/gcc/avr/7.2.0/avr51\libgcc.a(_udivmodhi4.o)
 .text.libgcc.builtins
                0x00000000000078d6        0x0 e:/avr-gcc-7.2.0-x64-mingw/bin/../lib/gcc/avr/7.2.0/avr51\libgcc.a(_udivmodhi4.o)
 .text.libgcc.fmul
                0x00000000000078d6        0x0 e:/avr-gcc-7.2.0-x64-mingw/bin/../lib/gcc/avr/7.2.0/avr51\libgcc.a(_udivmodhi4.o)
 .text.libgcc.fixed
                0x00000000000078d6        0x0 e:/avr-gcc-7.2.0-x64-mingw/bin/../lib/gcc/avr/7.2.0/avr51\libgcc.a(_udivmodhi4.o)
 .text.libgcc.mul
                0x00000000000078d6       0x1e e:/avr-gcc-7.2.0-x64-mingw/bin/../lib/gcc/avr/7.2.0/avr51\libgcc.a(_umulhisi3.o)
                0x00000000000078d6                __umulhisi3
 .text.libgcc.div
                0x00000000000078f4        0x0 e:/avr-gcc-7.2.0-x64-mingw/bin/../lib/gcc/avr/7.2.0/avr51\libgcc.a(_umulhisi3.o)
 .text.libgcc   0x00000000000078f4        0x0 e:/avr-gcc-7.2.0-x64-mingw/bin/../lib/gcc/avr/7.2.0/avr51\libgcc.a(_umulhisi3.o)
 .text.libgcc.prologue
                0x00000000000078f4        0x0 e:/avr-gcc-7.2.0-x64-mingw/bin/../lib/gcc/avr/7.2.0/avr51\libgcc.a(_umulhisi3.o)
 .text.libgcc.builtins
                0x00000000000078f4        0x0 e:/avr-gcc-7.2.0-x64-mingw/bin/../lib/gcc/avr/7.2.0/avr51\libgcc.a(_umulhisi3.o)
 .text.libgcc.fmul
                0x00000000000078f4        0x0 e:/avr-gcc-7.2.0-x64-mingw/bin/../lib/gcc/avr/7.2.0/avr51\libgcc.a(_umulhisi3.o)
 .text.libgcc.fixed
                0x00000000000078f4        0x0 e:/avr-gcc-7.2.0-x64-mingw/bin/../lib/gcc/avr/7.2.0/avr51\libgcc.a(_umulhisi3.o)
 .text.avr-libc.fplib
                0x00000000000078f4       0x7a e:/avr-gcc-7.2.0-x64-mingw/bin/../lib/gcc/avr/7.2.0/../../../../avr/lib/avr51\libm.a(floatsisf.o)
                0x00000000000078f4                __floatunsisf
                0x00000000000078f8                __floatsisf
 .text.avr-libc
                0x000000000000796e      0x1b0 e:/avr-gcc-7.2.0-x64-mingw/bin/../lib/gcc/avr/7.2.0/../../../../avr/lib/avr51\libc.a(ftoa_engine.o)
                0x000000000000796e                __ftoa_engine
 .text.avr-libc
                0x0000000000007b1e       0x12 e:/avr-gcc-7.2.0-x64-mingw/bin/../lib/gcc/avr/7.2.0/../../../../avr/lib/avr51\libc.a(isspace.o)
                0x0000000000007b1e                isspace
 .text.avr-libc
                0x0000000000007b30       0x10 e:/avr-gcc-7.2.0-x64-mingw/bin/../lib/gcc/avr/7.2.0/../../../../avr/lib/avr51\libc.a(tolower.o)
                0x0000000000007b30                tolower
 .text.avr-libc
                0x0000000000007b40       0x16 e:/avr-gcc-7.2.0-x64-mingw/bin/../lib/gcc/avr/7.2.0/../../../../avr/lib/avr51\libc.a(strchr_P.o)
                0x0000000000007b40                strchr_P
 .text.avr-libc
                0x0000000000007b56       0x16 e:/avr-gcc-7.2.0-x64-mingw/bin/../lib/gcc/avr/7.2.0/../../../../avr/lib/avr51\libc.a(strnlen_P.o)
                0x0000000000007b56                strnlen_P
 .text.avr-libc
                0x0000000000007b6c       0x16 e:/avr-gcc-7.2.0-x64-mingw/bin/../lib/gcc/avr/7.2.0/../../../../avr/lib/avr51\libc.a(strnlen.o)
                0x0000000000007b6c                strnlen
 .text.avr-libc
                0x0000000000007b82       0x78 e:/avr-gcc-7.2.0-x64-mingw/bin/../lib/gcc/avr/7.2.0/../../../../avr/lib/avr51\libc.a(fgetc.o)
                0x0000000000007b82                fgetc
 .text.avr-libc
                0x0000000000007bfa       0x60 e:/avr-gcc-7.2.0-x64-mingw/bin/../lib/gcc/avr/7.2.0/../../../../avr/lib/avr51\libc.a(fputc.o)
                0x0000000000007bfa                fputc
 .text.avr-libc
                0x0000000000007c5a       0x28 e:/avr-gcc-7.2.0-x64-mingw/bin/../lib/gcc/avr/7.2.0/../../../../avr/lib/avr51\libc.a(printf.o)
                0x0000000000007c5a                printf
 .text.avr-libc
                0x0000000000007c82       0x56 e:/avr-gcc-7.2.0-x64-mingw/bin/../lib/gcc/avr/7.2.0/../../../../avr/lib/avr51\libc.a(puts.o)
                0x0000000000007c82                puts
 .text.avr-libc
                0x0000000000007cd8       0x28 e:/avr-gcc-7.2.0-x64-mingw/bin/../lib/gcc/avr/7.2.0/../../../../avr/lib/avr51\libc.a(scanf.o)
                0x0000000000007cd8                scanf
 .text.avr-libc
                0x0000000000007d00       0x60 e:/avr-gcc-7.2.0-x64-mingw/bin/../lib/gcc/avr/7.2.0/../../../../avr/lib/avr51\libc.a(sprintf.o)
                0x0000000000007d00                sprintf
 .text.avr-libc
                0x0000000000007d60       0x30 e:/avr-gcc-7.2.0-x64-mingw/bin/../lib/gcc/avr/7.2.0/../../../../avr/lib/avr51\libc.a(ungetc.o)
                0x0000000000007d60                ungetc
 .text.avr-libc
                0x0000000000007d90       0xbc e:/avr-gcc-7.2.0-x64-mingw/bin/../lib/gcc/avr/7.2.0/../../../../avr/lib/avr51\libc.a(ultoa_invert.o)
                0x0000000000007d90                __ultoa_invert
 .text.avr-libc
                0x0000000000007e4c        0x6 e:/avr-gcc-7.2.0-x64-mingw/bin/../lib/gcc/avr/7.2.0/../../../../avr/lib/avr51\libc.a(cty_isfalse.o)
                0x0000000000007e4c                __ctype_isfalse
                0x0000000000007e50                __ctype_istrue
                0x0000000000007e52                . = ALIGN (0x2)
 *(.fini9)
 .fini9         0x0000000000007e52        0x0 e:/avr-gcc-7.2.0-x64-mingw/bin/../lib/gcc/avr/7.2.0/avr51\libgcc.a(_exit.o)
                0x0000000000007e52                _exit
                0x0000000000007e52                exit
 *(.fini9)
 *(.fini8)
 *(.fini8)
 *(.fini7)
 *(.fini7)
 *(.fini6)
 *(.fini6)
 *(.fini5)
 *(.fini5)
 *(.fini4)
 *(.fini4)
 *(.fini3)
 *(.fini3)
 *(.fini2)
 *(.fini2)
 *(.fini1)
 *(.fini1)
 *(.fini0)
 .fini0         0x0000000000007e52        0x4 e:/avr-gcc-7.2.0-x64-mingw/bin/../lib/gcc/avr/7.2.0/avr51\libgcc.a(_exit.o)
 *(.fini0)
 *(.hightext)
 *(.hightext*)
                0x0000000000007e56                . = ALIGN (0x2)
 *(.jumptables)
 *(.jumptables*)
                0x0000000000007e56                _etext = .

.data           0x0000000000800100      0x10e load address 0x0000000000007e56
                0x0000000000800100                PROVIDE (__data_start, .)
 *(.data)
 .data          0x0000000000800100        0x0 e:/avr-gcc-7.2.0-x64-mingw/bin/../lib/gcc/avr/7.2.0/../../../../avr/lib/avr51/crtatmega128.o
 .data          0x0000000000800100        0x3 ex2-4.o
                0x0000000000800100                Mask
                0x0000000000800101                ASA_ID
                0x0000000000800102                ID_DAC
 .data          0x0000000000800103        0x0 lib/SDC00/diskio.o
 .data          0x0000000000800103        0x0 lib/SDC00/ffunicode_avr.o
 .data          0x0000000000800103        0x0 lib/SDC00/ff.o
 .data          0x0000000000800103        0xa lib/SDC00/ASA_lib_SDC00.o
                0x0000000000800103                ASA_SDC00_ID
                0x0000000000800104                ASA_DATA_Dir
 .data          0x000000000080010d        0x1 lib/SDC00/mmc_avr_spi.o
 .data          0x000000000080010e        0x0 lib/DAC00/ASA_Lib_DAC00.o
 .data          0x000000000080010e        0xe lib/ASA_Lib_M128.o
 .data          0x000000000080011c        0x5 lib/ASA_Lib_HMI.o
                0x000000000080011c                TimeoutMode
                0x000000000080011d                Timeout
 .data          0x0000000000800121        0x0 e:/avr-gcc-7.2.0-x64-mingw/bin/../lib/gcc/avr/7.2.0/../../../../avr/lib/avr51\libm.a(addsf3.o)
 .data          0x0000000000800121        0x0 e:/avr-gcc-7.2.0-x64-mingw/bin/../lib/gcc/avr/7.2.0/../../../../avr/lib/avr51\libm.a(addsf3x.o)
 .data          0x0000000000800121        0x0 e:/avr-gcc-7.2.0-x64-mingw/bin/../lib/gcc/avr/7.2.0/../../../../avr/lib/avr51\libm.a(fixunssfsi.o)
 .data          0x0000000000800121        0x0 e:/avr-gcc-7.2.0-x64-mingw/bin/../lib/gcc/avr/7.2.0/../../../../avr/lib/avr51\libm.a(fp_inf.o)
 .data          0x0000000000800121        0x0 e:/avr-gcc-7.2.0-x64-mingw/bin/../lib/gcc/avr/7.2.0/../../../../avr/lib/avr51\libm.a(fp_nan.o)
 .data          0x0000000000800121        0x0 e:/avr-gcc-7.2.0-x64-mingw/bin/../lib/gcc/avr/7.2.0/../../../../avr/lib/avr51\libm.a(fp_pscA.o)
 .data          0x0000000000800121        0x0 e:/avr-gcc-7.2.0-x64-mingw/bin/../lib/gcc/avr/7.2.0/../../../../avr/lib/avr51\libm.a(fp_pscB.o)
 .data          0x0000000000800121        0x0 e:/avr-gcc-7.2.0-x64-mingw/bin/../lib/gcc/avr/7.2.0/../../../../avr/lib/avr51\libm.a(fp_round.o)
 .data          0x0000000000800121        0x0 e:/avr-gcc-7.2.0-x64-mingw/bin/../lib/gcc/avr/7.2.0/../../../../avr/lib/avr51\libm.a(fp_split3.o)
 .data          0x0000000000800121        0x0 e:/avr-gcc-7.2.0-x64-mingw/bin/../lib/gcc/avr/7.2.0/../../../../avr/lib/avr51\libm.a(fp_zero.o)
 .data          0x0000000000800121        0x0 e:/avr-gcc-7.2.0-x64-mingw/bin/../lib/gcc/avr/7.2.0/../../../../avr/lib/avr51\libm.a(mulsf3.o)
 .data          0x0000000000800121        0x0 e:/avr-gcc-7.2.0-x64-mingw/bin/../lib/gcc/avr/7.2.0/../../../../avr/lib/avr51\libm.a(mulsf3x.o)
 .data          0x0000000000800121        0x0 e:/avr-gcc-7.2.0-x64-mingw/bin/../lib/gcc/avr/7.2.0/../../../../avr/lib/avr51\libprintf_flt.a(vfprintf_flt.o)
 .data          0x0000000000800121        0x0 e:/avr-gcc-7.2.0-x64-mingw/bin/../lib/gcc/avr/7.2.0/../../../../avr/lib/avr51\libscanf_flt.a(vfscanf_flt.o)
 .data          0x0000000000800121        0x0 e:/avr-gcc-7.2.0-x64-mingw/bin/../lib/gcc/avr/7.2.0/avr51\libgcc.a(_divmodhi4.o)
 .data          0x0000000000800121        0x0 e:/avr-gcc-7.2.0-x64-mingw/bin/../lib/gcc/avr/7.2.0/avr51\libgcc.a(_udivmodsi4.o)
 .data          0x0000000000800121        0x0 e:/avr-gcc-7.2.0-x64-mingw/bin/../lib/gcc/avr/7.2.0/avr51\libgcc.a(_exit.o)
 .data          0x0000000000800121        0x0 e:/avr-gcc-7.2.0-x64-mingw/bin/../lib/gcc/avr/7.2.0/avr51\libgcc.a(_copy_data.o)
 .data          0x0000000000800121        0x0 e:/avr-gcc-7.2.0-x64-mingw/bin/../lib/gcc/avr/7.2.0/avr51\libgcc.a(_clear_bss.o)
 .data          0x0000000000800121        0x0 e:/avr-gcc-7.2.0-x64-mingw/bin/../lib/gcc/avr/7.2.0/avr51\libgcc.a(_muluhisi3.o)
 .data          0x0000000000800121        0x0 e:/avr-gcc-7.2.0-x64-mingw/bin/../lib/gcc/avr/7.2.0/avr51\libgcc.a(_udivmodhi4.o)
 .data          0x0000000000800121        0x0 e:/avr-gcc-7.2.0-x64-mingw/bin/../lib/gcc/avr/7.2.0/avr51\libgcc.a(_umulhisi3.o)
 .data          0x0000000000800121        0x0 e:/avr-gcc-7.2.0-x64-mingw/bin/../lib/gcc/avr/7.2.0/../../../../avr/lib/avr51\libm.a(floatsisf.o)
 .data          0x0000000000800121        0x0 e:/avr-gcc-7.2.0-x64-mingw/bin/../lib/gcc/avr/7.2.0/../../../../avr/lib/avr51\libc.a(ftoa_engine.o)
 .data          0x0000000000800121        0x0 e:/avr-gcc-7.2.0-x64-mingw/bin/../lib/gcc/avr/7.2.0/../../../../avr/lib/avr51\libc.a(isspace.o)
 .data          0x0000000000800121        0x0 e:/avr-gcc-7.2.0-x64-mingw/bin/../lib/gcc/avr/7.2.0/../../../../avr/lib/avr51\libc.a(tolower.o)
 .data          0x0000000000800121        0x0 e:/avr-gcc-7.2.0-x64-mingw/bin/../lib/gcc/avr/7.2.0/../../../../avr/lib/avr51\libc.a(strchr_P.o)
 .data          0x0000000000800121        0x0 e:/avr-gcc-7.2.0-x64-mingw/bin/../lib/gcc/avr/7.2.0/../../../../avr/lib/avr51\libc.a(strnlen_P.o)
 .data          0x0000000000800121        0x0 e:/avr-gcc-7.2.0-x64-mingw/bin/../lib/gcc/avr/7.2.0/../../../../avr/lib/avr51\libc.a(strnlen.o)
 .data          0x0000000000800121        0x0 e:/avr-gcc-7.2.0-x64-mingw/bin/../lib/gcc/avr/7.2.0/../../../../avr/lib/avr51\libc.a(fgetc.o)
 .data          0x0000000000800121        0x0 e:/avr-gcc-7.2.0-x64-mingw/bin/../lib/gcc/avr/7.2.0/../../../../avr/lib/avr51\libc.a(fputc.o)
 .data          0x0000000000800121        0x0 e:/avr-gcc-7.2.0-x64-mingw/bin/../lib/gcc/avr/7.2.0/../../../../avr/lib/avr51\libc.a(iob.o)
 .data          0x0000000000800121        0x0 e:/avr-gcc-7.2.0-x64-mingw/bin/../lib/gcc/avr/7.2.0/../../../../avr/lib/avr51\libc.a(printf.o)
 .data          0x0000000000800121        0x0 e:/avr-gcc-7.2.0-x64-mingw/bin/../lib/gcc/avr/7.2.0/../../../../avr/lib/avr51\libc.a(puts.o)
 .data          0x0000000000800121        0x0 e:/avr-gcc-7.2.0-x64-mingw/bin/../lib/gcc/avr/7.2.0/../../../../avr/lib/avr51\libc.a(scanf.o)
 .data          0x0000000000800121        0x0 e:/avr-gcc-7.2.0-x64-mingw/bin/../lib/gcc/avr/7.2.0/../../../../avr/lib/avr51\libc.a(sprintf.o)
 .data          0x0000000000800121        0x0 e:/avr-gcc-7.2.0-x64-mingw/bin/../lib/gcc/avr/7.2.0/../../../../avr/lib/avr51\libc.a(ungetc.o)
 .data          0x0000000000800121        0x0 e:/avr-gcc-7.2.0-x64-mingw/bin/../lib/gcc/avr/7.2.0/../../../../avr/lib/avr51\libc.a(ultoa_invert.o)
 .data          0x0000000000800121        0x0 e:/avr-gcc-7.2.0-x64-mingw/bin/../lib/gcc/avr/7.2.0/../../../../avr/lib/avr51\libc.a(cty_isfalse.o)
 *(.data*)
 *(.gnu.linkonce.d*)
 *(.rodata)
 .rodata        0x0000000000800121       0x2c lib/SDC00/ff.o
 *(.rodata*)
 .rodata.str1.1
                0x000000000080014d       0x61 ex2-4.o
                                         0x64 (size before relaxing)
 .rodata.str1.1
                0x00000000008001ae       0x4d lib/SDC00/ff.o
 .rodata.str1.1
                0x00000000008001fb       0x12 lib/SDC00/ASA_lib_SDC00.o
                                         0x13 (size before relaxing)
 *(.gnu.linkonce.r*)
                0x000000000080020e                . = ALIGN (0x2)
 *fill*         0x000000000080020d        0x1 
                0x000000000080020e                _edata = .
                0x000000000080020e                PROVIDE (__data_end, .)

.bss            0x000000000080020e      0x6b0
                0x000000000080020e                PROVIDE (__bss_start, .)
 *(.bss)
 .bss           0x000000000080020e        0x0 e:/avr-gcc-7.2.0-x64-mingw/bin/../lib/gcc/avr/7.2.0/../../../../avr/lib/avr51/crtatmega128.o
 .bss           0x000000000080020e      0x193 ex2-4.o
                0x000000000080020e                u
                0x000000000080039e                Shift
                0x000000000080039f                j
 .bss           0x00000000008003a1        0x0 lib/SDC00/diskio.o
 .bss           0x00000000008003a1        0x0 lib/SDC00/ffunicode_avr.o
 .bss           0x00000000008003a1        0x7 lib/SDC00/ff.o
 .bss           0x00000000008003a8       0x2c lib/SDC00/ASA_lib_SDC00.o
                0x00000000008003a8                LastFileIndex
                0x00000000008003aa                EndPointOfFile
                0x00000000008003ae                is_file_extcheck
                0x00000000008003af                SDC_State
                0x00000000008003b0                FileID
 .bss           0x00000000008003d4        0x9 lib/SDC00/mmc_avr_spi.o
 .bss           0x00000000008003dd       0x18 lib/DAC00/ASA_Lib_DAC00.o
 .bss           0x00000000008003f5        0x0 lib/ASA_Lib_M128.o
 .bss           0x00000000008003f5        0x4 lib/ASA_Lib_HMI.o
                0x00000000008003f5                timeout_count
 .bss           0x00000000008003f9        0x0 e:/avr-gcc-7.2.0-x64-mingw/bin/../lib/gcc/avr/7.2.0/../../../../avr/lib/avr51\libm.a(addsf3.o)
 .bss           0x00000000008003f9        0x0 e:/avr-gcc-7.2.0-x64-mingw/bin/../lib/gcc/avr/7.2.0/../../../../avr/lib/avr51\libm.a(addsf3x.o)
 .bss           0x00000000008003f9        0x0 e:/avr-gcc-7.2.0-x64-mingw/bin/../lib/gcc/avr/7.2.0/../../../../avr/lib/avr51\libm.a(fixunssfsi.o)
 .bss           0x00000000008003f9        0x0 e:/avr-gcc-7.2.0-x64-mingw/bin/../lib/gcc/avr/7.2.0/../../../../avr/lib/avr51\libm.a(fp_inf.o)
 .bss           0x00000000008003f9        0x0 e:/avr-gcc-7.2.0-x64-mingw/bin/../lib/gcc/avr/7.2.0/../../../../avr/lib/avr51\libm.a(fp_nan.o)
 .bss           0x00000000008003f9        0x0 e:/avr-gcc-7.2.0-x64-mingw/bin/../lib/gcc/avr/7.2.0/../../../../avr/lib/avr51\libm.a(fp_pscA.o)
 .bss           0x00000000008003f9        0x0 e:/avr-gcc-7.2.0-x64-mingw/bin/../lib/gcc/avr/7.2.0/../../../../avr/lib/avr51\libm.a(fp_pscB.o)
 .bss           0x00000000008003f9        0x0 e:/avr-gcc-7.2.0-x64-mingw/bin/../lib/gcc/avr/7.2.0/../../../../avr/lib/avr51\libm.a(fp_round.o)
 .bss           0x00000000008003f9        0x0 e:/avr-gcc-7.2.0-x64-mingw/bin/../lib/gcc/avr/7.2.0/../../../../avr/lib/avr51\libm.a(fp_split3.o)
 .bss           0x00000000008003f9        0x0 e:/avr-gcc-7.2.0-x64-mingw/bin/../lib/gcc/avr/7.2.0/../../../../avr/lib/avr51\libm.a(fp_zero.o)
 .bss           0x00000000008003f9        0x0 e:/avr-gcc-7.2.0-x64-mingw/bin/../lib/gcc/avr/7.2.0/../../../../avr/lib/avr51\libm.a(mulsf3.o)
 .bss           0x00000000008003f9        0x0 e:/avr-gcc-7.2.0-x64-mingw/bin/../lib/gcc/avr/7.2.0/../../../../avr/lib/avr51\libm.a(mulsf3x.o)
 .bss           0x00000000008003f9        0x0 e:/avr-gcc-7.2.0-x64-mingw/bin/../lib/gcc/avr/7.2.0/../../../../avr/lib/avr51\libprintf_flt.a(vfprintf_flt.o)
 .bss           0x00000000008003f9        0x0 e:/avr-gcc-7.2.0-x64-mingw/bin/../lib/gcc/avr/7.2.0/../../../../avr/lib/avr51\libscanf_flt.a(vfscanf_flt.o)
 .bss           0x00000000008003f9        0x0 e:/avr-gcc-7.2.0-x64-mingw/bin/../lib/gcc/avr/7.2.0/avr51\libgcc.a(_divmodhi4.o)
 .bss           0x00000000008003f9        0x0 e:/avr-gcc-7.2.0-x64-mingw/bin/../lib/gcc/avr/7.2.0/avr51\libgcc.a(_udivmodsi4.o)
 .bss           0x00000000008003f9        0x0 e:/avr-gcc-7.2.0-x64-mingw/bin/../lib/gcc/avr/7.2.0/avr51\libgcc.a(_exit.o)
 .bss           0x00000000008003f9        0x0 e:/avr-gcc-7.2.0-x64-mingw/bin/../lib/gcc/avr/7.2.0/avr51\libgcc.a(_copy_data.o)
 .bss           0x00000000008003f9        0x0 e:/avr-gcc-7.2.0-x64-mingw/bin/../lib/gcc/avr/7.2.0/avr51\libgcc.a(_clear_bss.o)
 .bss           0x00000000008003f9        0x0 e:/avr-gcc-7.2.0-x64-mingw/bin/../lib/gcc/avr/7.2.0/avr51\libgcc.a(_muluhisi3.o)
 .bss           0x00000000008003f9        0x0 e:/avr-gcc-7.2.0-x64-mingw/bin/../lib/gcc/avr/7.2.0/avr51\libgcc.a(_udivmodhi4.o)
 .bss           0x00000000008003f9        0x0 e:/avr-gcc-7.2.0-x64-mingw/bin/../lib/gcc/avr/7.2.0/avr51\libgcc.a(_umulhisi3.o)
 .bss           0x00000000008003f9        0x0 e:/avr-gcc-7.2.0-x64-mingw/bin/../lib/gcc/avr/7.2.0/../../../../avr/lib/avr51\libm.a(floatsisf.o)
 .bss           0x00000000008003f9        0x0 e:/avr-gcc-7.2.0-x64-mingw/bin/../lib/gcc/avr/7.2.0/../../../../avr/lib/avr51\libc.a(ftoa_engine.o)
 .bss           0x00000000008003f9        0x0 e:/avr-gcc-7.2.0-x64-mingw/bin/../lib/gcc/avr/7.2.0/../../../../avr/lib/avr51\libc.a(isspace.o)
 .bss           0x00000000008003f9        0x0 e:/avr-gcc-7.2.0-x64-mingw/bin/../lib/gcc/avr/7.2.0/../../../../avr/lib/avr51\libc.a(tolower.o)
 .bss           0x00000000008003f9        0x0 e:/avr-gcc-7.2.0-x64-mingw/bin/../lib/gcc/avr/7.2.0/../../../../avr/lib/avr51\libc.a(strchr_P.o)
 .bss           0x00000000008003f9        0x0 e:/avr-gcc-7.2.0-x64-mingw/bin/../lib/gcc/avr/7.2.0/../../../../avr/lib/avr51\libc.a(strnlen_P.o)
 .bss           0x00000000008003f9        0x0 e:/avr-gcc-7.2.0-x64-mingw/bin/../lib/gcc/avr/7.2.0/../../../../avr/lib/avr51\libc.a(strnlen.o)
 .bss           0x00000000008003f9        0x0 e:/avr-gcc-7.2.0-x64-mingw/bin/../lib/gcc/avr/7.2.0/../../../../avr/lib/avr51\libc.a(fgetc.o)
 .bss           0x00000000008003f9        0x0 e:/avr-gcc-7.2.0-x64-mingw/bin/../lib/gcc/avr/7.2.0/../../../../avr/lib/avr51\libc.a(fputc.o)
 .bss           0x00000000008003f9        0x0 e:/avr-gcc-7.2.0-x64-mingw/bin/../lib/gcc/avr/7.2.0/../../../../avr/lib/avr51\libc.a(iob.o)
 .bss           0x00000000008003f9        0x0 e:/avr-gcc-7.2.0-x64-mingw/bin/../lib/gcc/avr/7.2.0/../../../../avr/lib/avr51\libc.a(printf.o)
 .bss           0x00000000008003f9        0x0 e:/avr-gcc-7.2.0-x64-mingw/bin/../lib/gcc/avr/7.2.0/../../../../avr/lib/avr51\libc.a(puts.o)
 .bss           0x00000000008003f9        0x0 e:/avr-gcc-7.2.0-x64-mingw/bin/../lib/gcc/avr/7.2.0/../../../../avr/lib/avr51\libc.a(scanf.o)
 .bss           0x00000000008003f9        0x0 e:/avr-gcc-7.2.0-x64-mingw/bin/../lib/gcc/avr/7.2.0/../../../../avr/lib/avr51\libc.a(sprintf.o)
 .bss           0x00000000008003f9        0x0 e:/avr-gcc-7.2.0-x64-mingw/bin/../lib/gcc/avr/7.2.0/../../../../avr/lib/avr51\libc.a(ungetc.o)
 .bss           0x00000000008003f9        0x0 e:/avr-gcc-7.2.0-x64-mingw/bin/../lib/gcc/avr/7.2.0/../../../../avr/lib/avr51\libc.a(ultoa_invert.o)
 .bss           0x00000000008003f9        0x0 e:/avr-gcc-7.2.0-x64-mingw/bin/../lib/gcc/avr/7.2.0/../../../../avr/lib/avr51\libc.a(cty_isfalse.o)
 *(.bss*)
 *(COMMON)
 COMMON         0x00000000008003f9        0x2 ex2-4.o
                0x00000000008003f9                datasin
 COMMON         0x00000000008003fb      0x4bd lib/SDC00/ASA_lib_SDC00.o
                0x00000000008003fb                FatFs
                0x0000000000800861                FileObj
                0x0000000000800883                DirObj
                0x00000000008008ab                FileName
 COMMON         0x00000000008008b8        0x6 e:/avr-gcc-7.2.0-x64-mingw/bin/../lib/gcc/avr/7.2.0/../../../../avr/lib/avr51\libc.a(iob.o)
                0x00000000008008b8                __iob
                0x00000000008008be                PROVIDE (__bss_end, .)
                0x0000000000007e56                __data_load_start = LOADADDR (.data)
                0x0000000000007f64                __data_load_end = (__data_load_start + SIZEOF (.data))

.noinit         0x00000000008008be        0x0
                [!provide]                        PROVIDE (__noinit_start, .)
 *(.noinit*)
                [!provide]                        PROVIDE (__noinit_end, .)
                0x00000000008008be                _end = .
                [!provide]                        PROVIDE (__heap_start, .)

.eeprom         0x0000000000810000        0x0
 *(.eeprom*)
                0x0000000000810000                __eeprom_end = .

.fuse
 *(.fuse)
 *(.lfuse)
 *(.hfuse)
 *(.efuse)

.lock
 *(.lock*)

.signature
 *(.signature*)

.stab
 *(.stab)

.stabstr
 *(.stabstr)

.stab.excl
 *(.stab.excl)

.stab.exclstr
 *(.stab.exclstr)

.stab.index
 *(.stab.index)

.stab.indexstr
 *(.stab.indexstr)

.comment        0x0000000000000000       0x11
 *(.comment)
 .comment       0x0000000000000000       0x11 ex2-4.o
                                         0x12 (size before relaxing)
 .comment       0x0000000000000011       0x12 lib/SDC00/diskio.o
 .comment       0x0000000000000011       0x12 lib/SDC00/ffunicode_avr.o
 .comment       0x0000000000000011       0x12 lib/SDC00/ff.o
 .comment       0x0000000000000011       0x12 lib/SDC00/ASA_lib_SDC00.o
 .comment       0x0000000000000011       0x12 lib/SDC00/mmc_avr_spi.o
 .comment       0x0000000000000011       0x12 lib/DAC00/ASA_Lib_DAC00.o
 .comment       0x0000000000000011       0x12 lib/ASA_Lib_HMI.o
 .comment       0x0000000000000011       0x12 e:/avr-gcc-7.2.0-x64-mingw/bin/../lib/gcc/avr/7.2.0/../../../../avr/lib/avr51\libprintf_flt.a(vfprintf_flt.o)
 .comment       0x0000000000000011       0x12 e:/avr-gcc-7.2.0-x64-mingw/bin/../lib/gcc/avr/7.2.0/../../../../avr/lib/avr51\libscanf_flt.a(vfscanf_flt.o)
 .comment       0x0000000000000011       0x12 e:/avr-gcc-7.2.0-x64-mingw/bin/../lib/gcc/avr/7.2.0/../../../../avr/lib/avr51\libc.a(fgetc.o)
 .comment       0x0000000000000011       0x12 e:/avr-gcc-7.2.0-x64-mingw/bin/../lib/gcc/avr/7.2.0/../../../../avr/lib/avr51\libc.a(fputc.o)
 .comment       0x0000000000000011       0x12 e:/avr-gcc-7.2.0-x64-mingw/bin/../lib/gcc/avr/7.2.0/../../../../avr/lib/avr51\libc.a(iob.o)
 .comment       0x0000000000000011       0x12 e:/avr-gcc-7.2.0-x64-mingw/bin/../lib/gcc/avr/7.2.0/../../../../avr/lib/avr51\libc.a(printf.o)
 .comment       0x0000000000000011       0x12 e:/avr-gcc-7.2.0-x64-mingw/bin/../lib/gcc/avr/7.2.0/../../../../avr/lib/avr51\libc.a(puts.o)
 .comment       0x0000000000000011       0x12 e:/avr-gcc-7.2.0-x64-mingw/bin/../lib/gcc/avr/7.2.0/../../../../avr/lib/avr51\libc.a(scanf.o)
 .comment       0x0000000000000011       0x12 e:/avr-gcc-7.2.0-x64-mingw/bin/../lib/gcc/avr/7.2.0/../../../../avr/lib/avr51\libc.a(sprintf.o)
 .comment       0x0000000000000011       0x12 e:/avr-gcc-7.2.0-x64-mingw/bin/../lib/gcc/avr/7.2.0/../../../../avr/lib/avr51\libc.a(ungetc.o)

.note.gnu.avr.deviceinfo
                0x0000000000000000       0x3c
 .note.gnu.avr.deviceinfo
                0x0000000000000000       0x3c e:/avr-gcc-7.2.0-x64-mingw/bin/../lib/gcc/avr/7.2.0/../../../../avr/lib/avr51/crtatmega128.o

.note.gnu.build-id
 *(.note.gnu.build-id)

.debug
 *(.debug)

.line
 *(.line)

.debug_srcinfo
 *(.debug_srcinfo)

.debug_sfnames
 *(.debug_sfnames)

.debug_aranges  0x0000000000000000      0x220
 *(.debug_aranges)
 .debug_aranges
                0x0000000000000000       0x28 ex2-4.o
 .debug_aranges
                0x0000000000000028       0x20 lib/SDC00/diskio.o
 .debug_aranges
                0x0000000000000048       0x18 lib/SDC00/ffunicode_avr.o
 .debug_aranges
                0x0000000000000060       0x20 lib/SDC00/ff.o
 .debug_aranges
                0x0000000000000080       0x20 lib/SDC00/ASA_lib_SDC00.o
 .debug_aranges
                0x00000000000000a0       0x20 lib/SDC00/mmc_avr_spi.o
 .debug_aranges
                0x00000000000000c0       0x20 lib/DAC00/ASA_Lib_DAC00.o
 .debug_aranges
                0x00000000000000e0       0x20 lib/ASA_Lib_M128.o
 .debug_aranges
                0x0000000000000100       0x20 lib/ASA_Lib_HMI.o
 .debug_aranges
                0x0000000000000120       0x20 e:/avr-gcc-7.2.0-x64-mingw/bin/../lib/gcc/avr/7.2.0/avr51\libgcc.a(_divmodhi4.o)
 .debug_aranges
                0x0000000000000140       0x20 e:/avr-gcc-7.2.0-x64-mingw/bin/../lib/gcc/avr/7.2.0/avr51\libgcc.a(_udivmodsi4.o)
 .debug_aranges
                0x0000000000000160       0x20 e:/avr-gcc-7.2.0-x64-mingw/bin/../lib/gcc/avr/7.2.0/avr51\libgcc.a(_exit.o)
 .debug_aranges
                0x0000000000000180       0x20 e:/avr-gcc-7.2.0-x64-mingw/bin/../lib/gcc/avr/7.2.0/avr51\libgcc.a(_copy_data.o)
 .debug_aranges
                0x00000000000001a0       0x20 e:/avr-gcc-7.2.0-x64-mingw/bin/../lib/gcc/avr/7.2.0/avr51\libgcc.a(_clear_bss.o)
 .debug_aranges
                0x00000000000001c0       0x20 e:/avr-gcc-7.2.0-x64-mingw/bin/../lib/gcc/avr/7.2.0/avr51\libgcc.a(_muluhisi3.o)
 .debug_aranges
                0x00000000000001e0       0x20 e:/avr-gcc-7.2.0-x64-mingw/bin/../lib/gcc/avr/7.2.0/avr51\libgcc.a(_udivmodhi4.o)
 .debug_aranges
                0x0000000000000200       0x20 e:/avr-gcc-7.2.0-x64-mingw/bin/../lib/gcc/avr/7.2.0/avr51\libgcc.a(_umulhisi3.o)

.debug_pubnames
                0x0000000000000000       0x47
 *(.debug_pubnames)
 .debug_pubnames
                0x0000000000000000       0x47 lib/ASA_Lib_M128.o

.debug_info     0x0000000000000000     0x8c8e
 *(.debug_info .gnu.linkonce.wi.*)
 .debug_info    0x0000000000000000      0x780 e:/avr-gcc-7.2.0-x64-mingw/bin/../lib/gcc/avr/7.2.0/../../../../avr/lib/avr51/crtatmega128.o
 .debug_info    0x0000000000000780      0x5eb ex2-4.o
 .debug_info    0x0000000000000d6b      0x31d lib/SDC00/diskio.o
 .debug_info    0x0000000000001088       0x6b lib/SDC00/ffunicode_avr.o
 .debug_info    0x00000000000010f3     0x5077 lib/SDC00/ff.o
 .debug_info    0x000000000000616a      0xf1e lib/SDC00/ASA_lib_SDC00.o
 .debug_info    0x0000000000007088      0xebe lib/SDC00/mmc_avr_spi.o
 .debug_info    0x0000000000007f46      0x39f lib/DAC00/ASA_Lib_DAC00.o
 .debug_info    0x00000000000082e5      0x1f3 lib/ASA_Lib_M128.o
 .debug_info    0x00000000000084d8      0x686 lib/ASA_Lib_HMI.o
 .debug_info    0x0000000000008b5e       0x26 e:/avr-gcc-7.2.0-x64-mingw/bin/../lib/gcc/avr/7.2.0/avr51\libgcc.a(_divmodhi4.o)
 .debug_info    0x0000000000008b84       0x26 e:/avr-gcc-7.2.0-x64-mingw/bin/../lib/gcc/avr/7.2.0/avr51\libgcc.a(_udivmodsi4.o)
 .debug_info    0x0000000000008baa       0x26 e:/avr-gcc-7.2.0-x64-mingw/bin/../lib/gcc/avr/7.2.0/avr51\libgcc.a(_exit.o)
 .debug_info    0x0000000000008bd0       0x26 e:/avr-gcc-7.2.0-x64-mingw/bin/../lib/gcc/avr/7.2.0/avr51\libgcc.a(_copy_data.o)
 .debug_info    0x0000000000008bf6       0x26 e:/avr-gcc-7.2.0-x64-mingw/bin/../lib/gcc/avr/7.2.0/avr51\libgcc.a(_clear_bss.o)
 .debug_info    0x0000000000008c1c       0x26 e:/avr-gcc-7.2.0-x64-mingw/bin/../lib/gcc/avr/7.2.0/avr51\libgcc.a(_muluhisi3.o)
 .debug_info    0x0000000000008c42       0x26 e:/avr-gcc-7.2.0-x64-mingw/bin/../lib/gcc/avr/7.2.0/avr51\libgcc.a(_udivmodhi4.o)
 .debug_info    0x0000000000008c68       0x26 e:/avr-gcc-7.2.0-x64-mingw/bin/../lib/gcc/avr/7.2.0/avr51\libgcc.a(_umulhisi3.o)

.debug_abbrev   0x0000000000000000     0x198e
 *(.debug_abbrev)
 .debug_abbrev  0x0000000000000000      0x718 e:/avr-gcc-7.2.0-x64-mingw/bin/../lib/gcc/avr/7.2.0/../../../../avr/lib/avr51/crtatmega128.o
 .debug_abbrev  0x0000000000000718      0x246 ex2-4.o
 .debug_abbrev  0x000000000000095e      0x112 lib/SDC00/diskio.o
 .debug_abbrev  0x0000000000000a70       0x26 lib/SDC00/ffunicode_avr.o
 .debug_abbrev  0x0000000000000a96      0x3ba lib/SDC00/ff.o
 .debug_abbrev  0x0000000000000e50      0x339 lib/SDC00/ASA_lib_SDC00.o
 .debug_abbrev  0x0000000000001189      0x32d lib/SDC00/mmc_avr_spi.o
 .debug_abbrev  0x00000000000014b6      0x168 lib/DAC00/ASA_Lib_DAC00.o
 .debug_abbrev  0x000000000000161e      0x116 lib/ASA_Lib_M128.o
 .debug_abbrev  0x0000000000001734      0x1ba lib/ASA_Lib_HMI.o
 .debug_abbrev  0x00000000000018ee       0x14 e:/avr-gcc-7.2.0-x64-mingw/bin/../lib/gcc/avr/7.2.0/avr51\libgcc.a(_divmodhi4.o)
 .debug_abbrev  0x0000000000001902       0x14 e:/avr-gcc-7.2.0-x64-mingw/bin/../lib/gcc/avr/7.2.0/avr51\libgcc.a(_udivmodsi4.o)
 .debug_abbrev  0x0000000000001916       0x14 e:/avr-gcc-7.2.0-x64-mingw/bin/../lib/gcc/avr/7.2.0/avr51\libgcc.a(_exit.o)
 .debug_abbrev  0x000000000000192a       0x14 e:/avr-gcc-7.2.0-x64-mingw/bin/../lib/gcc/avr/7.2.0/avr51\libgcc.a(_copy_data.o)
 .debug_abbrev  0x000000000000193e       0x14 e:/avr-gcc-7.2.0-x64-mingw/bin/../lib/gcc/avr/7.2.0/avr51\libgcc.a(_clear_bss.o)
 .debug_abbrev  0x0000000000001952       0x14 e:/avr-gcc-7.2.0-x64-mingw/bin/../lib/gcc/avr/7.2.0/avr51\libgcc.a(_muluhisi3.o)
 .debug_abbrev  0x0000000000001966       0x14 e:/avr-gcc-7.2.0-x64-mingw/bin/../lib/gcc/avr/7.2.0/avr51\libgcc.a(_udivmodhi4.o)
 .debug_abbrev  0x000000000000197a       0x14 e:/avr-gcc-7.2.0-x64-mingw/bin/../lib/gcc/avr/7.2.0/avr51\libgcc.a(_umulhisi3.o)

.debug_line     0x0000000000000000     0x450d
 *(.debug_line .debug_line.* .debug_line_end)
 .debug_line    0x0000000000000000       0x1d e:/avr-gcc-7.2.0-x64-mingw/bin/../lib/gcc/avr/7.2.0/../../../../avr/lib/avr51/crtatmega128.o
 .debug_line    0x000000000000001d      0x22e ex2-4.o
 .debug_line    0x000000000000024b       0xff lib/SDC00/diskio.o
 .debug_line    0x000000000000034a       0x1d lib/SDC00/ffunicode_avr.o
 .debug_line    0x0000000000000367     0x2860 lib/SDC00/ff.o
 .debug_line    0x0000000000002bc7      0x51d lib/SDC00/ASA_lib_SDC00.o
 .debug_line    0x00000000000030e4      0x7ee lib/SDC00/mmc_avr_spi.o
 .debug_line    0x00000000000038d2      0x255 lib/DAC00/ASA_Lib_DAC00.o
 .debug_line    0x0000000000003b27      0x130 lib/ASA_Lib_M128.o
 .debug_line    0x0000000000003c57      0x338 lib/ASA_Lib_HMI.o
 .debug_line    0x0000000000003f8f       0xc7 e:/avr-gcc-7.2.0-x64-mingw/bin/../lib/gcc/avr/7.2.0/avr51\libgcc.a(_divmodhi4.o)
 .debug_line    0x0000000000004056      0x121 e:/avr-gcc-7.2.0-x64-mingw/bin/../lib/gcc/avr/7.2.0/avr51\libgcc.a(_udivmodsi4.o)
 .debug_line    0x0000000000004177       0x61 e:/avr-gcc-7.2.0-x64-mingw/bin/../lib/gcc/avr/7.2.0/avr51\libgcc.a(_exit.o)
 .debug_line    0x00000000000041d8       0xa3 e:/avr-gcc-7.2.0-x64-mingw/bin/../lib/gcc/avr/7.2.0/avr51\libgcc.a(_copy_data.o)
 .debug_line    0x000000000000427b       0x85 e:/avr-gcc-7.2.0-x64-mingw/bin/../lib/gcc/avr/7.2.0/avr51\libgcc.a(_clear_bss.o)
 .debug_line    0x0000000000004300       0x91 e:/avr-gcc-7.2.0-x64-mingw/bin/../lib/gcc/avr/7.2.0/avr51\libgcc.a(_muluhisi3.o)
 .debug_line    0x0000000000004391       0xcd e:/avr-gcc-7.2.0-x64-mingw/bin/../lib/gcc/avr/7.2.0/avr51\libgcc.a(_udivmodhi4.o)
 .debug_line    0x000000000000445e       0xaf e:/avr-gcc-7.2.0-x64-mingw/bin/../lib/gcc/avr/7.2.0/avr51\libgcc.a(_umulhisi3.o)

.debug_frame    0x0000000000000000     0x143c
 *(.debug_frame)
 .debug_frame   0x0000000000000000       0xe4 ex2-4.o
 .debug_frame   0x00000000000000e4       0x8c lib/SDC00/diskio.o
 .debug_frame   0x0000000000000170      0xd58 lib/SDC00/ff.o
 .debug_frame   0x0000000000000ec8      0x148 lib/SDC00/ASA_lib_SDC00.o
 .debug_frame   0x0000000000001010      0x1c8 lib/SDC00/mmc_avr_spi.o
 .debug_frame   0x00000000000011d8       0xcc lib/DAC00/ASA_Lib_DAC00.o
 .debug_frame   0x00000000000012a4       0x40 lib/ASA_Lib_M128.o
 .debug_frame   0x00000000000012e4      0x158 lib/ASA_Lib_HMI.o

.debug_str      0x0000000000000000     0x1023
 *(.debug_str)
 .debug_str     0x0000000000000000      0x27d e:/avr-gcc-7.2.0-x64-mingw/bin/../lib/gcc/avr/7.2.0/../../../../avr/lib/avr51/crtatmega128.o
 .debug_str     0x000000000000027d      0x1d9 ex2-4.o
                                        0x233 (size before relaxing)
 .debug_str     0x0000000000000456       0xf0 lib/SDC00/diskio.o
                                        0x238 (size before relaxing)
 .debug_str     0x0000000000000546       0x1a lib/SDC00/ffunicode_avr.o
                                        0x148 (size before relaxing)
 .debug_str     0x0000000000000560      0x5d7 lib/SDC00/ff.o
                                        0x7be (size before relaxing)
 .debug_str     0x0000000000000b37      0x1c8 lib/SDC00/ASA_lib_SDC00.o
                                        0x5fc (size before relaxing)
 .debug_str     0x0000000000000cff       0xce lib/SDC00/mmc_avr_spi.o
                                        0x2ee (size before relaxing)
 .debug_str     0x0000000000000dcd       0x6e lib/DAC00/ASA_Lib_DAC00.o
                                        0x1f7 (size before relaxing)
 .debug_str     0x0000000000000e3b       0x74 lib/ASA_Lib_M128.o
                                        0x119 (size before relaxing)
 .debug_str     0x0000000000000eaf      0x115 lib/ASA_Lib_HMI.o
                                        0x2be (size before relaxing)
 .debug_str     0x0000000000000fc4       0x5f e:/avr-gcc-7.2.0-x64-mingw/bin/../lib/gcc/avr/7.2.0/avr51\libgcc.a(_divmodhi4.o)
 .debug_str     0x0000000000001023       0x5f e:/avr-gcc-7.2.0-x64-mingw/bin/../lib/gcc/avr/7.2.0/avr51\libgcc.a(_udivmodsi4.o)
 .debug_str     0x0000000000001023       0x5f e:/avr-gcc-7.2.0-x64-mingw/bin/../lib/gcc/avr/7.2.0/avr51\libgcc.a(_exit.o)
 .debug_str     0x0000000000001023       0x5f e:/avr-gcc-7.2.0-x64-mingw/bin/../lib/gcc/avr/7.2.0/avr51\libgcc.a(_copy_data.o)
 .debug_str     0x0000000000001023       0x5f e:/avr-gcc-7.2.0-x64-mingw/bin/../lib/gcc/avr/7.2.0/avr51\libgcc.a(_clear_bss.o)
 .debug_str     0x0000000000001023       0x5f e:/avr-gcc-7.2.0-x64-mingw/bin/../lib/gcc/avr/7.2.0/avr51\libgcc.a(_muluhisi3.o)
 .debug_str     0x0000000000001023       0x5f e:/avr-gcc-7.2.0-x64-mingw/bin/../lib/gcc/avr/7.2.0/avr51\libgcc.a(_udivmodhi4.o)
 .debug_str     0x0000000000001023       0x5f e:/avr-gcc-7.2.0-x64-mingw/bin/../lib/gcc/avr/7.2.0/avr51\libgcc.a(_umulhisi3.o)

.debug_loc      0x0000000000000000     0xb756
 *(.debug_loc)
 .debug_loc     0x0000000000000000      0x2de ex2-4.o
 .debug_loc     0x00000000000002de      0x37d lib/SDC00/diskio.o
 .debug_loc     0x000000000000065b     0x87fd lib/SDC00/ff.o
 .debug_loc     0x0000000000008e58      0xa38 lib/SDC00/ASA_lib_SDC00.o
 .debug_loc     0x0000000000009890      0xfa6 lib/SDC00/mmc_avr_spi.o
 .debug_loc     0x000000000000a836      0x544 lib/DAC00/ASA_Lib_DAC00.o
 .debug_loc     0x000000000000ad7a       0x6e lib/ASA_Lib_M128.o
 .debug_loc     0x000000000000ade8      0x96e lib/ASA_Lib_HMI.o

.debug_macinfo
 *(.debug_macinfo)

.debug_weaknames
 *(.debug_weaknames)

.debug_funcnames
 *(.debug_funcnames)

.debug_typenames
 *(.debug_typenames)

.debug_varnames
 *(.debug_varnames)

.debug_pubtypes
 *(.debug_pubtypes)

.debug_ranges   0x0000000000000000      0x180
 *(.debug_ranges)
 .debug_ranges  0x0000000000000000       0x18 ex2-4.o
 .debug_ranges  0x0000000000000018       0xb8 lib/SDC00/ff.o
 .debug_ranges  0x00000000000000d0       0xb0 lib/SDC00/ASA_lib_SDC00.o

.debug_macro
 *(.debug_macro)

.debug_addr
 *(.debug_addr)
OUTPUT(ex2-4.elf elf32-avr)
LOAD linker stubs
