Archive member included because of file (symbol)

ASA_Lib.o(ASA_Lib_M128_HMI.o)
                              ex3-1.o (M128_HMI_put)
ASA_Lib.o(ASA_Lib_SDC00.o)    ex3-1.o (ASA_SDC00_get)
ASA_Lib.o(ff.o)               ASA_Lib.o(ASA_Lib_SDC00.o) (f_mount)
ASA_Lib.o(ASA_Core_Lib.o)     ASA_Lib.o(ASA_Lib_M128_HMI.o) (ASA_ID_set)
ASA_Lib.o(diskio.o)           ASA_Lib.o(ff.o) (disk_ioctl)
ASA_Lib.o(mmc_avr_spi.o)      ASA_Lib.o(diskio.o) (mmc_disk_initialize)
d:/software/winavr/bin/../lib/gcc/avr/4.3.3/../../../../avr/lib/avr51\libprintf_flt.a(vfprintf_flt.o)
                              (vfprintf)
d:/software/winavr/bin/../lib/gcc/avr/4.3.3/../../../../avr/lib/avr51\libscanf_flt.a(vfscanf_flt.o)
                              (vfscanf)
d:/software/winavr/bin/../lib/gcc/avr/4.3.3/avr51\libgcc.a(_mulsi3.o)
                              ASA_Lib.o(ff.o) (__mulsi3)
d:/software/winavr/bin/../lib/gcc/avr/4.3.3/avr51\libgcc.a(_udivmodsi4.o)
                              ASA_Lib.o(ff.o) (__udivmodsi4)
d:/software/winavr/bin/../lib/gcc/avr/4.3.3/avr51\libgcc.a(_exit.o)
                              d:/software/winavr/bin/../lib/gcc/avr/4.3.3/../../../../avr/lib/avr51/crtm128.o (exit)
d:/software/winavr/bin/../lib/gcc/avr/4.3.3/avr51\libgcc.a(_clear_bss.o)
                              ex3-1.o (__do_clear_bss)
d:/software/winavr/bin/../lib/gcc/avr/4.3.3/avr51\libgcc.a(_mul_sf.o)
                              d:/software/winavr/bin/../lib/gcc/avr/4.3.3/../../../../avr/lib/avr51\libscanf_flt.a(vfscanf_flt.o) (__mulsf3)
d:/software/winavr/bin/../lib/gcc/avr/4.3.3/avr51\libgcc.a(_thenan_sf.o)
                              d:/software/winavr/bin/../lib/gcc/avr/4.3.3/avr51\libgcc.a(_mul_sf.o) (__thenan_sf)
d:/software/winavr/bin/../lib/gcc/avr/4.3.3/avr51\libgcc.a(_usi_to_sf.o)
                              d:/software/winavr/bin/../lib/gcc/avr/4.3.3/../../../../avr/lib/avr51\libscanf_flt.a(vfscanf_flt.o) (__floatunsisf)
d:/software/winavr/bin/../lib/gcc/avr/4.3.3/avr51\libgcc.a(_prologue.o)
                              d:/software/winavr/bin/../lib/gcc/avr/4.3.3/avr51\libgcc.a(_mul_sf.o) (__prologue_saves__)
d:/software/winavr/bin/../lib/gcc/avr/4.3.3/avr51\libgcc.a(_epilogue.o)
                              d:/software/winavr/bin/../lib/gcc/avr/4.3.3/avr51\libgcc.a(_mul_sf.o) (__epilogue_restores__)
d:/software/winavr/bin/../lib/gcc/avr/4.3.3/avr51\libgcc.a(_clzsi2.o)
                              d:/software/winavr/bin/../lib/gcc/avr/4.3.3/avr51\libgcc.a(_usi_to_sf.o) (__clzsi2)
d:/software/winavr/bin/../lib/gcc/avr/4.3.3/avr51\libgcc.a(_pack_sf.o)
                              d:/software/winavr/bin/../lib/gcc/avr/4.3.3/avr51\libgcc.a(_mul_sf.o) (__pack_f)
d:/software/winavr/bin/../lib/gcc/avr/4.3.3/avr51\libgcc.a(_unpack_sf.o)
                              d:/software/winavr/bin/../lib/gcc/avr/4.3.3/avr51\libgcc.a(_mul_sf.o) (__unpack_f)
d:/software/winavr/bin/../lib/gcc/avr/4.3.3/avr51\libgcc.a(_clz.o)
                              d:/software/winavr/bin/../lib/gcc/avr/4.3.3/avr51\libgcc.a(_clzsi2.o) (__clz_tab)
d:/software/winavr/bin/../lib/gcc/avr/4.3.3/../../../../avr/lib/avr51\libc.a(ftoa_engine.o)
                              d:/software/winavr/bin/../lib/gcc/avr/4.3.3/../../../../avr/lib/avr51\libprintf_flt.a(vfprintf_flt.o) (__ftoa_engine)
d:/software/winavr/bin/../lib/gcc/avr/4.3.3/../../../../avr/lib/avr51\libc.a(isspace.o)
                              d:/software/winavr/bin/../lib/gcc/avr/4.3.3/../../../../avr/lib/avr51\libscanf_flt.a(vfscanf_flt.o) (isspace)
d:/software/winavr/bin/../lib/gcc/avr/4.3.3/../../../../avr/lib/avr51\libc.a(tolower.o)
                              d:/software/winavr/bin/../lib/gcc/avr/4.3.3/../../../../avr/lib/avr51\libscanf_flt.a(vfscanf_flt.o) (tolower)
d:/software/winavr/bin/../lib/gcc/avr/4.3.3/../../../../avr/lib/avr51\libc.a(strchr_P.o)
                              d:/software/winavr/bin/../lib/gcc/avr/4.3.3/../../../../avr/lib/avr51\libscanf_flt.a(vfscanf_flt.o) (strchr_P)
d:/software/winavr/bin/../lib/gcc/avr/4.3.3/../../../../avr/lib/avr51\libc.a(strnlen_P.o)
                              d:/software/winavr/bin/../lib/gcc/avr/4.3.3/../../../../avr/lib/avr51\libprintf_flt.a(vfprintf_flt.o) (strnlen_P)
d:/software/winavr/bin/../lib/gcc/avr/4.3.3/../../../../avr/lib/avr51\libc.a(strnlen.o)
                              d:/software/winavr/bin/../lib/gcc/avr/4.3.3/../../../../avr/lib/avr51\libprintf_flt.a(vfprintf_flt.o) (strnlen)
d:/software/winavr/bin/../lib/gcc/avr/4.3.3/../../../../avr/lib/avr51\libc.a(fgetc.o)
                              d:/software/winavr/bin/../lib/gcc/avr/4.3.3/../../../../avr/lib/avr51\libscanf_flt.a(vfscanf_flt.o) (fgetc)
d:/software/winavr/bin/../lib/gcc/avr/4.3.3/../../../../avr/lib/avr51\libc.a(fputc.o)
                              d:/software/winavr/bin/../lib/gcc/avr/4.3.3/../../../../avr/lib/avr51\libprintf_flt.a(vfprintf_flt.o) (fputc)
d:/software/winavr/bin/../lib/gcc/avr/4.3.3/../../../../avr/lib/avr51\libc.a(iob.o)
                              ASA_Lib.o(ASA_Lib_M128_HMI.o) (__iob)
d:/software/winavr/bin/../lib/gcc/avr/4.3.3/../../../../avr/lib/avr51\libc.a(printf.o)
                              ex3-1.o (printf)
d:/software/winavr/bin/../lib/gcc/avr/4.3.3/../../../../avr/lib/avr51\libc.a(puts.o)
                              ex3-1.o (puts)
d:/software/winavr/bin/../lib/gcc/avr/4.3.3/../../../../avr/lib/avr51\libc.a(scanf.o)
                              ex3-1.o (scanf)
d:/software/winavr/bin/../lib/gcc/avr/4.3.3/../../../../avr/lib/avr51\libc.a(sprintf.o)
                              ASA_Lib.o(ASA_Lib_SDC00.o) (sprintf)
d:/software/winavr/bin/../lib/gcc/avr/4.3.3/../../../../avr/lib/avr51\libc.a(ungetc.o)
                              d:/software/winavr/bin/../lib/gcc/avr/4.3.3/../../../../avr/lib/avr51\libscanf_flt.a(vfscanf_flt.o) (ungetc)
d:/software/winavr/bin/../lib/gcc/avr/4.3.3/../../../../avr/lib/avr51\libc.a(ultoa_invert.o)
                              d:/software/winavr/bin/../lib/gcc/avr/4.3.3/../../../../avr/lib/avr51\libprintf_flt.a(vfprintf_flt.o) (__ultoa_invert)
d:/software/winavr/bin/../lib/gcc/avr/4.3.3/../../../../avr/lib/avr51\libc.a(cty_isfalse.o)
                              d:/software/winavr/bin/../lib/gcc/avr/4.3.3/../../../../avr/lib/avr51\libc.a(isspace.o) (__ctype_isfalse)

Allocating common symbols
Common symbol       size              file

FatFs               0x466             ASA_Lib.o(ASA_Lib_SDC00.o)
FileObj             0x22              ASA_Lib.o(ASA_Lib_SDC00.o)
DirObj              0x28              ASA_Lib.o(ASA_Lib_SDC00.o)
FileName            0xd               ASA_Lib.o(ASA_Lib_SDC00.o)
__iob               0x6               d:/software/winavr/bin/../lib/gcc/avr/4.3.3/../../../../avr/lib/avr51\libc.a(iob.o)

Memory Configuration

Name             Origin             Length             Attributes
text             0x00000000         0x00020000         xr
data             0x00800060         0x0000ffa0         rw !x
eeprom           0x00810000         0x00010000         rw !x
fuse             0x00820000         0x00000400         rw !x
lock             0x00830000         0x00000400         rw !x
signature        0x00840000         0x00000400         rw !x
*default*        0x00000000         0xffffffff

Linker script and memory map

Address of section .data set to 0x800100
LOAD d:/software/winavr/bin/../lib/gcc/avr/4.3.3/../../../../avr/lib/avr51/crtm128.o
LOAD ex3-1.o
LOAD ASA_Lib.o
LOAD d:/software/winavr/bin/../lib/gcc/avr/4.3.3/../../../../avr/lib/avr51\libm.a
LOAD d:/software/winavr/bin/../lib/gcc/avr/4.3.3/../../../../avr/lib/avr51\libprintf_flt.a
LOAD d:/software/winavr/bin/../lib/gcc/avr/4.3.3/../../../../avr/lib/avr51\libscanf_flt.a
LOAD d:/software/winavr/bin/../lib/gcc/avr/4.3.3/avr51\libgcc.a
LOAD d:/software/winavr/bin/../lib/gcc/avr/4.3.3/../../../../avr/lib/avr51\libc.a
LOAD d:/software/winavr/bin/../lib/gcc/avr/4.3.3/avr51\libgcc.a

.hash
 *(.hash)

.dynsym
 *(.dynsym)

.dynstr
 *(.dynstr)

.gnu.version
 *(.gnu.version)

.gnu.version_d
 *(.gnu.version_d)

.gnu.version_r
 *(.gnu.version_r)

.rel.init
 *(.rel.init)

.rela.init
 *(.rela.init)

.rel.text
 *(.rel.text)
 *(.rel.text.*)
 *(.rel.gnu.linkonce.t*)

.rela.text
 *(.rela.text)
 *(.rela.text.*)
 *(.rela.gnu.linkonce.t*)

.rel.fini
 *(.rel.fini)

.rela.fini
 *(.rela.fini)

.rel.rodata
 *(.rel.rodata)
 *(.rel.rodata.*)
 *(.rel.gnu.linkonce.r*)

.rela.rodata
 *(.rela.rodata)
 *(.rela.rodata.*)
 *(.rela.gnu.linkonce.r*)

.rel.data
 *(.rel.data)
 *(.rel.data.*)
 *(.rel.gnu.linkonce.d*)

.rela.data
 *(.rela.data)
 *(.rela.data.*)
 *(.rela.gnu.linkonce.d*)

.rel.ctors
 *(.rel.ctors)

.rela.ctors
 *(.rela.ctors)

.rel.dtors
 *(.rel.dtors)

.rela.dtors
 *(.rela.dtors)

.rel.got
 *(.rel.got)

.rela.got
 *(.rela.got)

.rel.bss
 *(.rel.bss)

.rela.bss
 *(.rela.bss)

.rel.plt
 *(.rel.plt)

.rela.plt
 *(.rela.plt)

.text           0x00000000     0x926c
 *(.vectors)
 .vectors       0x00000000       0x8c d:/software/winavr/bin/../lib/gcc/avr/4.3.3/../../../../avr/lib/avr51/crtm128.o
                0x00000000                __vectors
                0x00000000                __vector_default
 *(.vectors)
 *(.progmem.gcc*)
 *(.progmem*)
 .progmem.data  0x0000008c        0x8 d:/software/winavr/bin/../lib/gcc/avr/4.3.3/../../../../avr/lib/avr51\libprintf_flt.a(vfprintf_flt.o)
 .progmem.data  0x00000094       0x4d d:/software/winavr/bin/../lib/gcc/avr/4.3.3/../../../../avr/lib/avr51\libscanf_flt.a(vfscanf_flt.o)
 .progmem.data  0x000000e1       0xfa d:/software/winavr/bin/../lib/gcc/avr/4.3.3/../../../../avr/lib/avr51\libc.a(ftoa_engine.o)
                0x000001dc                . = ALIGN (0x2)
 *fill*         0x000001db        0x1 00
                0x000001dc                __trampolines_start = .
 *(.trampolines)
 .trampolines   0x000001dc        0x0 linker stubs
 *(.trampolines*)
                0x000001dc                __trampolines_end = .
 *(.jumptables)
 *(.jumptables*)
 *(.lowtext)
 *(.lowtext*)
                0x000001dc                __ctors_start = .
 *(.ctors)
                0x000001dc                __ctors_end = .
                0x000001dc                __dtors_start = .
 *(.dtors)
                0x000001dc                __dtors_end = .
 SORT(*)(.ctors)
 SORT(*)(.dtors)
 *(.init0)
 .init0         0x000001dc        0x0 d:/software/winavr/bin/../lib/gcc/avr/4.3.3/../../../../avr/lib/avr51/crtm128.o
                0x000001dc                __init
 *(.init0)
 *(.init1)
 *(.init1)
 *(.init2)
 .init2         0x000001dc        0xc d:/software/winavr/bin/../lib/gcc/avr/4.3.3/../../../../avr/lib/avr51/crtm128.o
 *(.init2)
 *(.init3)
 *(.init3)
 *(.init4)
 .init4         0x000001e8       0x1a d:/software/winavr/bin/../lib/gcc/avr/4.3.3/../../../../avr/lib/avr51/crtm128.o
                0x000001e8                __do_copy_data
 .init4         0x00000202       0x10 d:/software/winavr/bin/../lib/gcc/avr/4.3.3/avr51\libgcc.a(_clear_bss.o)
                0x00000202                __do_clear_bss
 *(.init4)
 *(.init5)
 *(.init5)
 *(.init6)
 *(.init6)
 *(.init7)
 *(.init7)
 *(.init8)
 *(.init8)
 *(.init9)
 .init9         0x00000212        0x8 d:/software/winavr/bin/../lib/gcc/avr/4.3.3/../../../../avr/lib/avr51/crtm128.o
 *(.init9)
 *(.text)
 .text          0x0000021a        0x4 d:/software/winavr/bin/../lib/gcc/avr/4.3.3/../../../../avr/lib/avr51/crtm128.o
                0x0000021a                __vector_22
                0x0000021a                __vector_28
                0x0000021a                __vector_1
                0x0000021a                __vector_32
                0x0000021a                __vector_34
                0x0000021a                __vector_24
                0x0000021a                __vector_12
                0x0000021a                __bad_interrupt
                0x0000021a                __vector_6
                0x0000021a                __vector_31
                0x0000021a                __vector_3
                0x0000021a                __vector_23
                0x0000021a                __vector_30
                0x0000021a                __vector_25
                0x0000021a                __vector_11
                0x0000021a                __vector_13
                0x0000021a                __vector_17
                0x0000021a                __vector_19
                0x0000021a                __vector_7
                0x0000021a                __vector_27
                0x0000021a                __vector_5
                0x0000021a                __vector_33
                0x0000021a                __vector_4
                0x0000021a                __vector_9
                0x0000021a                __vector_2
                0x0000021a                __vector_21
                0x0000021a                __vector_29
                0x0000021a                __vector_8
                0x0000021a                __vector_26
                0x0000021a                __vector_14
                0x0000021a                __vector_10
                0x0000021a                __vector_16
                0x0000021a                __vector_18
                0x0000021a                __vector_20
 .text          0x0000021e      0x39a ex3-1.o
                0x000002b0                fifo_push
                0x00000252                fifo_pop
                0x0000021e                FIFO_ini
                0x00000380                main
                0x00000230                adc_en
                0x00000322                __vector_15
                0x00000240                timer0_set
 .text          0x000005b8      0x4d2 ASA_Lib.o(ASA_Lib_M128_HMI.o)
                0x00000612                uart_get
                0x0000086c                stdio_putchar
                0x000008a0                ASA_M128_set
                0x00000766                update_status
                0x000009c2                M128_HMI_Form_put
                0x000007d2                M128_HMI_put
                0x00000664                M128_HMI_set
                0x000006a4                HMI_timeout_set
                0x000005b8                uart_put
                0x000006e2                M128_HMI_get
                0x000008fa                M128_HMI_Form_get
                0x00000888                stdio_getchar
                0x00000686                M128_HMI_timeout_set
 .text          0x00000a8a      0x5b2 ASA_Lib.o(ASA_Lib_SDC00.o)
                0x00000b1e                ASA_SDC00_Deselect
                0x00000d68                ASA_SDC00_set
                0x00000e94                ASA_SDC00_put
                0x00000a8a                check_info
                0x00000b38                ASA_SDC00_Select
                0x00000ce8                ASA_SDC00_Init
                0x00000b52                ASA_SDC00_get
 .text          0x0000103c     0x522c ASA_Lib.o(ff.o)
                0x000061b6                f_gets
                0x0000563a                f_printf
                0x00004de0                f_getcwd
                0x000047de                f_rename
                0x000044c8                f_chdir
                0x00003926                f_truncate
                0x0000214c                f_closedir
                0x00004a62                f_unlink
                0x00005a46                f_putc
                0x000059dc                f_puts
                0x00001250                f_chdrive
                0x00003bd0                f_setlabel
                0x000050ea                f_close
                0x00005e82                f_read
                0x00003aca                f_readdir
                0x00004306                f_chmod
                0x00005030                f_sync
                0x0000127e                f_mkfs
                0x000028ca                f_mount
                0x0000441a                f_opendir
                0x0000340e                f_lseek
                0x00004396                f_stat
                0x00004264                f_utime
                0x00005126                f_write
                0x00005a9a                f_open
                0x000045d4                f_mkdir
                0x00003e2c                f_getlabel
                0x00004bb8                f_getfree
 .text          0x00006268      0x418 ASA_Lib.o(ASA_Core_Lib.o)
                0x000062f4                ASA_getchar
                0x000063f0                TWI_TransmitData
                0x0000634a                TWI_Start
                0x000062a8                UART1_getchar
                0x00006488                TWI_rd
                0x00006458                TWI_wr
                0x000062b6                SPI_Transfer
                0x0000639e                TWI_SendSLAW
                0x0000633a                PC_getchar
                0x00006274                ASA_ID_set
                0x00006342                TWI_ERROR
                0x000063c8                TWI_SendSLAR
                0x00006290                UART1_putchar
                0x00006370                TWI_Stop
                0x00006378                TWI_ReStart
                0x000064c8                TWI_Write
                0x0000656e                TWI_Read
                0x000064c2                TWI_initialize
                0x000062ca                ASA_putchar
                0x00006332                PC_putchar
                0x00006268                ASA_ID_check
                0x00006438                TWI_SendNoAck
                0x000062c0                SPI_Receive
                0x00006414                TWI_ReceiveData
 .text          0x00006680       0x70 ASA_Lib.o(diskio.o)
                0x000066d4                disk_initialize
                0x000066e2                disk_status
                0x00006686                disk_ioctl
                0x00006680                disk_timerproc
                0x00006698                disk_write
                0x000066b6                disk_read
 .text          0x000066f0      0xf86 ASA_Lib.o(mmc_avr_spi.o)
                0x00006cb6                mmc_disk_status
                0x00006e54                mmc_disk_ioctl
                0x00006d64                mmc_disk_write
                0x0000760a                mmc_disk_timerproc
                0x000069f0                mmc_disk_initialize
                0x00006cbc                mmc_disk_read
 .text          0x00007676        0x0 d:/software/winavr/bin/../lib/gcc/avr/4.3.3/../../../../avr/lib/avr51\libprintf_flt.a(vfprintf_flt.o)
 .text          0x00007676        0x0 d:/software/winavr/bin/../lib/gcc/avr/4.3.3/../../../../avr/lib/avr51\libscanf_flt.a(vfscanf_flt.o)
 .text          0x00007676        0x0 d:/software/winavr/bin/../lib/gcc/avr/4.3.3/avr51\libgcc.a(_mulsi3.o)
 .text          0x00007676        0x0 d:/software/winavr/bin/../lib/gcc/avr/4.3.3/avr51\libgcc.a(_udivmodsi4.o)
 .text          0x00007676        0x0 d:/software/winavr/bin/../lib/gcc/avr/4.3.3/avr51\libgcc.a(_exit.o)
 .text          0x00007676        0x0 d:/software/winavr/bin/../lib/gcc/avr/4.3.3/avr51\libgcc.a(_clear_bss.o)
 .text          0x00007676      0x1f4 d:/software/winavr/bin/../lib/gcc/avr/4.3.3/avr51\libgcc.a(_mul_sf.o)
                0x00007676                __mulsf3
 .text          0x0000786a        0x0 d:/software/winavr/bin/../lib/gcc/avr/4.3.3/avr51\libgcc.a(_thenan_sf.o)
 .text          0x0000786a       0xf2 d:/software/winavr/bin/../lib/gcc/avr/4.3.3/avr51\libgcc.a(_usi_to_sf.o)
                0x0000786a                __floatunsisf
 .text          0x0000795c        0x0 d:/software/winavr/bin/../lib/gcc/avr/4.3.3/avr51\libgcc.a(_prologue.o)
 .text          0x0000795c        0x0 d:/software/winavr/bin/../lib/gcc/avr/4.3.3/avr51\libgcc.a(_epilogue.o)
 .text          0x0000795c       0x9e d:/software/winavr/bin/../lib/gcc/avr/4.3.3/avr51\libgcc.a(_clzsi2.o)
                0x0000795c                __clzsi2
 .text          0x000079fa      0x1aa d:/software/winavr/bin/../lib/gcc/avr/4.3.3/avr51\libgcc.a(_pack_sf.o)
                0x000079fa                __pack_f
 .text          0x00007ba4       0xf0 d:/software/winavr/bin/../lib/gcc/avr/4.3.3/avr51\libgcc.a(_unpack_sf.o)
                0x00007ba4                __unpack_f
 .text          0x00007c94        0x0 d:/software/winavr/bin/../lib/gcc/avr/4.3.3/avr51\libgcc.a(_clz.o)
 .text          0x00007c94        0x0 d:/software/winavr/bin/../lib/gcc/avr/4.3.3/../../../../avr/lib/avr51\libc.a(ftoa_engine.o)
 .text          0x00007c94        0x0 d:/software/winavr/bin/../lib/gcc/avr/4.3.3/../../../../avr/lib/avr51\libc.a(isspace.o)
 .text          0x00007c94        0x0 d:/software/winavr/bin/../lib/gcc/avr/4.3.3/../../../../avr/lib/avr51\libc.a(tolower.o)
 .text          0x00007c94        0x0 d:/software/winavr/bin/../lib/gcc/avr/4.3.3/../../../../avr/lib/avr51\libc.a(strchr_P.o)
 .text          0x00007c94        0x0 d:/software/winavr/bin/../lib/gcc/avr/4.3.3/../../../../avr/lib/avr51\libc.a(strnlen_P.o)
 .text          0x00007c94        0x0 d:/software/winavr/bin/../lib/gcc/avr/4.3.3/../../../../avr/lib/avr51\libc.a(strnlen.o)
 .text          0x00007c94        0x0 d:/software/winavr/bin/../lib/gcc/avr/4.3.3/../../../../avr/lib/avr51\libc.a(fgetc.o)
 .text          0x00007c94        0x0 d:/software/winavr/bin/../lib/gcc/avr/4.3.3/../../../../avr/lib/avr51\libc.a(fputc.o)
 .text          0x00007c94        0x0 d:/software/winavr/bin/../lib/gcc/avr/4.3.3/../../../../avr/lib/avr51\libc.a(iob.o)
 .text          0x00007c94        0x0 d:/software/winavr/bin/../lib/gcc/avr/4.3.3/../../../../avr/lib/avr51\libc.a(printf.o)
 .text          0x00007c94        0x0 d:/software/winavr/bin/../lib/gcc/avr/4.3.3/../../../../avr/lib/avr51\libc.a(puts.o)
 .text          0x00007c94        0x0 d:/software/winavr/bin/../lib/gcc/avr/4.3.3/../../../../avr/lib/avr51\libc.a(scanf.o)
 .text          0x00007c94        0x0 d:/software/winavr/bin/../lib/gcc/avr/4.3.3/../../../../avr/lib/avr51\libc.a(sprintf.o)
 .text          0x00007c94        0x0 d:/software/winavr/bin/../lib/gcc/avr/4.3.3/../../../../avr/lib/avr51\libc.a(ungetc.o)
 .text          0x00007c94        0x0 d:/software/winavr/bin/../lib/gcc/avr/4.3.3/../../../../avr/lib/avr51\libc.a(ultoa_invert.o)
 .text          0x00007c94        0x0 d:/software/winavr/bin/../lib/gcc/avr/4.3.3/../../../../avr/lib/avr51\libc.a(cty_isfalse.o)
                0x00007c94                . = ALIGN (0x2)
 *(.text.*)
 .text.avr-libc
                0x00007c94      0x760 d:/software/winavr/bin/../lib/gcc/avr/4.3.3/../../../../avr/lib/avr51\libprintf_flt.a(vfprintf_flt.o)
                0x00007c94                vfprintf
 .text.avr-libc
                0x000083f4      0x88c d:/software/winavr/bin/../lib/gcc/avr/4.3.3/../../../../avr/lib/avr51\libscanf_flt.a(vfscanf_flt.o)
                0x00008a02                vfscanf
 .text.libgcc   0x00008c80       0x3e d:/software/winavr/bin/../lib/gcc/avr/4.3.3/avr51\libgcc.a(_mulsi3.o)
                0x00008c80                __mulsi3
 .text.libgcc   0x00008cbe       0x44 d:/software/winavr/bin/../lib/gcc/avr/4.3.3/avr51\libgcc.a(_udivmodsi4.o)
                0x00008cbe                __udivmodsi4
 .text.libgcc   0x00008d02        0x0 d:/software/winavr/bin/../lib/gcc/avr/4.3.3/avr51\libgcc.a(_exit.o)
 .text.libgcc   0x00008d02        0x0 d:/software/winavr/bin/../lib/gcc/avr/4.3.3/avr51\libgcc.a(_clear_bss.o)
 .text.libgcc   0x00008d02       0x38 d:/software/winavr/bin/../lib/gcc/avr/4.3.3/avr51\libgcc.a(_prologue.o)
                0x00008d02                __prologue_saves__
 .text.libgcc   0x00008d3a       0x36 d:/software/winavr/bin/../lib/gcc/avr/4.3.3/avr51\libgcc.a(_epilogue.o)
                0x00008d3a                __epilogue_restores__
 .text.avr-libc
                0x00008d70      0x1b0 d:/software/winavr/bin/../lib/gcc/avr/4.3.3/../../../../avr/lib/avr51\libc.a(ftoa_engine.o)
                0x00008d70                __ftoa_engine
 .text.avr-libc
                0x00008f20       0x10 d:/software/winavr/bin/../lib/gcc/avr/4.3.3/../../../../avr/lib/avr51\libc.a(isspace.o)
                0x00008f20                isspace
 .text.avr-libc
                0x00008f30       0x10 d:/software/winavr/bin/../lib/gcc/avr/4.3.3/../../../../avr/lib/avr51\libc.a(tolower.o)
                0x00008f30                tolower
 .text.avr-libc
                0x00008f40       0x16 d:/software/winavr/bin/../lib/gcc/avr/4.3.3/../../../../avr/lib/avr51\libc.a(strchr_P.o)
                0x00008f40                strchr_P
 .text.avr-libc
                0x00008f56       0x16 d:/software/winavr/bin/../lib/gcc/avr/4.3.3/../../../../avr/lib/avr51\libc.a(strnlen_P.o)
                0x00008f56                strnlen_P
 .text.avr-libc
                0x00008f6c       0x16 d:/software/winavr/bin/../lib/gcc/avr/4.3.3/../../../../avr/lib/avr51\libc.a(strnlen.o)
                0x00008f6c                strnlen
 .text.avr-libc
                0x00008f82       0x84 d:/software/winavr/bin/../lib/gcc/avr/4.3.3/../../../../avr/lib/avr51\libc.a(fgetc.o)
                0x00008f82                fgetc
 .text.avr-libc
                0x00009006       0x58 d:/software/winavr/bin/../lib/gcc/avr/4.3.3/../../../../avr/lib/avr51\libc.a(fputc.o)
                0x00009006                fputc
 .text.avr-libc
                0x0000905e       0x24 d:/software/winavr/bin/../lib/gcc/avr/4.3.3/../../../../avr/lib/avr51\libc.a(printf.o)
                0x0000905e                printf
 .text.avr-libc
                0x00009082       0x6a d:/software/winavr/bin/../lib/gcc/avr/4.3.3/../../../../avr/lib/avr51\libc.a(puts.o)
                0x00009082                puts
 .text.avr-libc
                0x000090ec       0x24 d:/software/winavr/bin/../lib/gcc/avr/4.3.3/../../../../avr/lib/avr51\libc.a(scanf.o)
                0x000090ec                scanf
 .text.avr-libc
                0x00009110       0x62 d:/software/winavr/bin/../lib/gcc/avr/4.3.3/../../../../avr/lib/avr51\libc.a(sprintf.o)
                0x00009110                sprintf
 .text.avr-libc
                0x00009172       0x34 d:/software/winavr/bin/../lib/gcc/avr/4.3.3/../../../../avr/lib/avr51\libc.a(ungetc.o)
                0x00009172                ungetc
 .text.avr-libc
                0x000091a6       0xbc d:/software/winavr/bin/../lib/gcc/avr/4.3.3/../../../../avr/lib/avr51\libc.a(ultoa_invert.o)
                0x000091a6                __ultoa_invert
 .text.avr-libc
                0x00009262        0x6 d:/software/winavr/bin/../lib/gcc/avr/4.3.3/../../../../avr/lib/avr51\libc.a(cty_isfalse.o)
                0x00009266                __ctype_istrue
                0x00009262                __ctype_isfalse
                0x00009268                . = ALIGN (0x2)
 *(.fini9)
 .fini9         0x00009268        0x0 d:/software/winavr/bin/../lib/gcc/avr/4.3.3/avr51\libgcc.a(_exit.o)
                0x00009268                exit
                0x00009268                _exit
 *(.fini9)
 *(.fini8)
 *(.fini8)
 *(.fini7)
 *(.fini7)
 *(.fini6)
 *(.fini6)
 *(.fini5)
 *(.fini5)
 *(.fini4)
 *(.fini4)
 *(.fini3)
 *(.fini3)
 *(.fini2)
 *(.fini2)
 *(.fini1)
 *(.fini1)
 *(.fini0)
 .fini0         0x00009268        0x4 d:/software/winavr/bin/../lib/gcc/avr/4.3.3/avr51\libgcc.a(_exit.o)
 *(.fini0)
                0x0000926c                _etext = .

.data           0x00800100      0x210 load address 0x0000926c
                0x00800100                PROVIDE (__data_start, .)
 *(.data)
 .data          0x00800100        0x0 d:/software/winavr/bin/../lib/gcc/avr/4.3.3/../../../../avr/lib/avr51/crtm128.o
 .data          0x00800100       0x5e ex3-1.o
 .data          0x0080015e       0x13 ASA_Lib.o(ASA_Lib_M128_HMI.o)
                0x00800162                TimeoutMode
                0x0080015e                Timeout
 .data          0x00800171       0x1d ASA_Lib.o(ASA_Lib_SDC00.o)
                0x00800184                ASA_DATA_Dir
                0x0080018d                ASA_SDC00_ID
 .data          0x0080018e       0x79 ASA_Lib.o(ff.o)
 .data          0x00800207        0x0 ASA_Lib.o(ASA_Core_Lib.o)
 .data          0x00800207        0x0 ASA_Lib.o(diskio.o)
 .data          0x00800207        0x1 ASA_Lib.o(mmc_avr_spi.o)
 .data          0x00800208        0x0 d:/software/winavr/bin/../lib/gcc/avr/4.3.3/../../../../avr/lib/avr51\libprintf_flt.a(vfprintf_flt.o)
 .data          0x00800208        0x0 d:/software/winavr/bin/../lib/gcc/avr/4.3.3/../../../../avr/lib/avr51\libscanf_flt.a(vfscanf_flt.o)
 .data          0x00800208        0x0 d:/software/winavr/bin/../lib/gcc/avr/4.3.3/avr51\libgcc.a(_mulsi3.o)
 .data          0x00800208        0x0 d:/software/winavr/bin/../lib/gcc/avr/4.3.3/avr51\libgcc.a(_udivmodsi4.o)
 .data          0x00800208        0x0 d:/software/winavr/bin/../lib/gcc/avr/4.3.3/avr51\libgcc.a(_exit.o)
 .data          0x00800208        0x0 d:/software/winavr/bin/../lib/gcc/avr/4.3.3/avr51\libgcc.a(_clear_bss.o)
 .data          0x00800208        0x0 d:/software/winavr/bin/../lib/gcc/avr/4.3.3/avr51\libgcc.a(_mul_sf.o)
 .data          0x00800208        0x8 d:/software/winavr/bin/../lib/gcc/avr/4.3.3/avr51\libgcc.a(_thenan_sf.o)
                0x00800208                __thenan_sf
 .data          0x00800210        0x0 d:/software/winavr/bin/../lib/gcc/avr/4.3.3/avr51\libgcc.a(_usi_to_sf.o)
 .data          0x00800210        0x0 d:/software/winavr/bin/../lib/gcc/avr/4.3.3/avr51\libgcc.a(_prologue.o)
 .data          0x00800210        0x0 d:/software/winavr/bin/../lib/gcc/avr/4.3.3/avr51\libgcc.a(_epilogue.o)
 .data          0x00800210        0x0 d:/software/winavr/bin/../lib/gcc/avr/4.3.3/avr51\libgcc.a(_clzsi2.o)
 .data          0x00800210        0x0 d:/software/winavr/bin/../lib/gcc/avr/4.3.3/avr51\libgcc.a(_pack_sf.o)
 .data          0x00800210        0x0 d:/software/winavr/bin/../lib/gcc/avr/4.3.3/avr51\libgcc.a(_unpack_sf.o)
 .data          0x00800210      0x100 d:/software/winavr/bin/../lib/gcc/avr/4.3.3/avr51\libgcc.a(_clz.o)
                0x00800210                __clz_tab
 .data          0x00800310        0x0 d:/software/winavr/bin/../lib/gcc/avr/4.3.3/../../../../avr/lib/avr51\libc.a(ftoa_engine.o)
 .data          0x00800310        0x0 d:/software/winavr/bin/../lib/gcc/avr/4.3.3/../../../../avr/lib/avr51\libc.a(isspace.o)
 .data          0x00800310        0x0 d:/software/winavr/bin/../lib/gcc/avr/4.3.3/../../../../avr/lib/avr51\libc.a(tolower.o)
 .data          0x00800310        0x0 d:/software/winavr/bin/../lib/gcc/avr/4.3.3/../../../../avr/lib/avr51\libc.a(strchr_P.o)
 .data          0x00800310        0x0 d:/software/winavr/bin/../lib/gcc/avr/4.3.3/../../../../avr/lib/avr51\libc.a(strnlen_P.o)
 .data          0x00800310        0x0 d:/software/winavr/bin/../lib/gcc/avr/4.3.3/../../../../avr/lib/avr51\libc.a(strnlen.o)
 .data          0x00800310        0x0 d:/software/winavr/bin/../lib/gcc/avr/4.3.3/../../../../avr/lib/avr51\libc.a(fgetc.o)
 .data          0x00800310        0x0 d:/software/winavr/bin/../lib/gcc/avr/4.3.3/../../../../avr/lib/avr51\libc.a(fputc.o)
 .data          0x00800310        0x0 d:/software/winavr/bin/../lib/gcc/avr/4.3.3/../../../../avr/lib/avr51\libc.a(iob.o)
 .data          0x00800310        0x0 d:/software/winavr/bin/../lib/gcc/avr/4.3.3/../../../../avr/lib/avr51\libc.a(printf.o)
 .data          0x00800310        0x0 d:/software/winavr/bin/../lib/gcc/avr/4.3.3/../../../../avr/lib/avr51\libc.a(puts.o)
 .data          0x00800310        0x0 d:/software/winavr/bin/../lib/gcc/avr/4.3.3/../../../../avr/lib/avr51\libc.a(scanf.o)
 .data          0x00800310        0x0 d:/software/winavr/bin/../lib/gcc/avr/4.3.3/../../../../avr/lib/avr51\libc.a(sprintf.o)
 .data          0x00800310        0x0 d:/software/winavr/bin/../lib/gcc/avr/4.3.3/../../../../avr/lib/avr51\libc.a(ungetc.o)
 .data          0x00800310        0x0 d:/software/winavr/bin/../lib/gcc/avr/4.3.3/../../../../avr/lib/avr51\libc.a(ultoa_invert.o)
 .data          0x00800310        0x0 d:/software/winavr/bin/../lib/gcc/avr/4.3.3/../../../../avr/lib/avr51\libc.a(cty_isfalse.o)
 *(.data*)
 *(.rodata)
 *(.rodata*)
 *(.gnu.linkonce.d*)
                0x00800310                . = ALIGN (0x2)
                0x00800310                _edata = .
                0x00800310                PROVIDE (__data_end, .)

.bss            0x00800310      0x70a
                0x00800310                PROVIDE (__bss_start, .)
 *(.bss)
 .bss           0x00800310        0x0 d:/software/winavr/bin/../lib/gcc/avr/4.3.3/../../../../avr/lib/avr51/crtm128.o
 .bss           0x00800310      0x204 ex3-1.o
 .bss           0x00800514        0x6 ASA_Lib.o(ASA_Lib_M128_HMI.o)
                0x00800514                timeout_count
 .bss           0x0080051a       0x2c ASA_Lib.o(ASA_Lib_SDC00.o)
                0x00800522                LastFileIndex
                0x0080051d                is_file_extcheck
                0x0080051c                SDC_State
                0x0080051a                FileID
                0x0080051e                EndPointOfFile
 .bss           0x00800546        0x7 ASA_Lib.o(ff.o)
 .bss           0x0080054d        0x1 ASA_Lib.o(ASA_Core_Lib.o)
 .bss           0x0080054e        0x0 ASA_Lib.o(diskio.o)
 .bss           0x0080054e        0x9 ASA_Lib.o(mmc_avr_spi.o)
 .bss           0x00800557        0x0 d:/software/winavr/bin/../lib/gcc/avr/4.3.3/../../../../avr/lib/avr51\libprintf_flt.a(vfprintf_flt.o)
 .bss           0x00800557        0x0 d:/software/winavr/bin/../lib/gcc/avr/4.3.3/../../../../avr/lib/avr51\libscanf_flt.a(vfscanf_flt.o)
 .bss           0x00800557        0x0 d:/software/winavr/bin/../lib/gcc/avr/4.3.3/avr51\libgcc.a(_mulsi3.o)
 .bss           0x00800557        0x0 d:/software/winavr/bin/../lib/gcc/avr/4.3.3/avr51\libgcc.a(_udivmodsi4.o)
 .bss           0x00800557        0x0 d:/software/winavr/bin/../lib/gcc/avr/4.3.3/avr51\libgcc.a(_exit.o)
 .bss           0x00800557        0x0 d:/software/winavr/bin/../lib/gcc/avr/4.3.3/avr51\libgcc.a(_clear_bss.o)
 .bss           0x00800557        0x0 d:/software/winavr/bin/../lib/gcc/avr/4.3.3/avr51\libgcc.a(_mul_sf.o)
 .bss           0x00800557        0x0 d:/software/winavr/bin/../lib/gcc/avr/4.3.3/avr51\libgcc.a(_thenan_sf.o)
 .bss           0x00800557        0x0 d:/software/winavr/bin/../lib/gcc/avr/4.3.3/avr51\libgcc.a(_usi_to_sf.o)
 .bss           0x00800557        0x0 d:/software/winavr/bin/../lib/gcc/avr/4.3.3/avr51\libgcc.a(_prologue.o)
 .bss           0x00800557        0x0 d:/software/winavr/bin/../lib/gcc/avr/4.3.3/avr51\libgcc.a(_epilogue.o)
 .bss           0x00800557        0x0 d:/software/winavr/bin/../lib/gcc/avr/4.3.3/avr51\libgcc.a(_clzsi2.o)
 .bss           0x00800557        0x0 d:/software/winavr/bin/../lib/gcc/avr/4.3.3/avr51\libgcc.a(_pack_sf.o)
 .bss           0x00800557        0x0 d:/software/winavr/bin/../lib/gcc/avr/4.3.3/avr51\libgcc.a(_unpack_sf.o)
 .bss           0x00800557        0x0 d:/software/winavr/bin/../lib/gcc/avr/4.3.3/avr51\libgcc.a(_clz.o)
 .bss           0x00800557        0x0 d:/software/winavr/bin/../lib/gcc/avr/4.3.3/../../../../avr/lib/avr51\libc.a(ftoa_engine.o)
 .bss           0x00800557        0x0 d:/software/winavr/bin/../lib/gcc/avr/4.3.3/../../../../avr/lib/avr51\libc.a(isspace.o)
 .bss           0x00800557        0x0 d:/software/winavr/bin/../lib/gcc/avr/4.3.3/../../../../avr/lib/avr51\libc.a(tolower.o)
 .bss           0x00800557        0x0 d:/software/winavr/bin/../lib/gcc/avr/4.3.3/../../../../avr/lib/avr51\libc.a(strchr_P.o)
 .bss           0x00800557        0x0 d:/software/winavr/bin/../lib/gcc/avr/4.3.3/../../../../avr/lib/avr51\libc.a(strnlen_P.o)
 .bss           0x00800557        0x0 d:/software/winavr/bin/../lib/gcc/avr/4.3.3/../../../../avr/lib/avr51\libc.a(strnlen.o)
 .bss           0x00800557        0x0 d:/software/winavr/bin/../lib/gcc/avr/4.3.3/../../../../avr/lib/avr51\libc.a(fgetc.o)
 .bss           0x00800557        0x0 d:/software/winavr/bin/../lib/gcc/avr/4.3.3/../../../../avr/lib/avr51\libc.a(fputc.o)
 .bss           0x00800557        0x0 d:/software/winavr/bin/../lib/gcc/avr/4.3.3/../../../../avr/lib/avr51\libc.a(iob.o)
 .bss           0x00800557        0x0 d:/software/winavr/bin/../lib/gcc/avr/4.3.3/../../../../avr/lib/avr51\libc.a(printf.o)
 .bss           0x00800557        0x0 d:/software/winavr/bin/../lib/gcc/avr/4.3.3/../../../../avr/lib/avr51\libc.a(puts.o)
 .bss           0x00800557        0x0 d:/software/winavr/bin/../lib/gcc/avr/4.3.3/../../../../avr/lib/avr51\libc.a(scanf.o)
 .bss           0x00800557        0x0 d:/software/winavr/bin/../lib/gcc/avr/4.3.3/../../../../avr/lib/avr51\libc.a(sprintf.o)
 .bss           0x00800557        0x0 d:/software/winavr/bin/../lib/gcc/avr/4.3.3/../../../../avr/lib/avr51\libc.a(ungetc.o)
 .bss           0x00800557        0x0 d:/software/winavr/bin/../lib/gcc/avr/4.3.3/../../../../avr/lib/avr51\libc.a(ultoa_invert.o)
 .bss           0x00800557        0x0 d:/software/winavr/bin/../lib/gcc/avr/4.3.3/../../../../avr/lib/avr51\libc.a(cty_isfalse.o)
 *(.bss*)
 *(COMMON)
 COMMON         0x00800557      0x4bd ASA_Lib.o(ASA_Lib_SDC00.o)
                0x00800557                FatFs
                0x008009bd                FileObj
                0x008009df                DirObj
                0x00800a07                FileName
 COMMON         0x00800a14        0x6 d:/software/winavr/bin/../lib/gcc/avr/4.3.3/../../../../avr/lib/avr51\libc.a(iob.o)
                0x00800a14                __iob
                0x00800a1a                PROVIDE (__bss_end, .)
                0x0000926c                __data_load_start = LOADADDR (.data)
                0x0000947c                __data_load_end = (__data_load_start + SIZEOF (.data))

.noinit         0x00800a1a        0x0
                0x00800a1a                PROVIDE (__noinit_start, .)
 *(.noinit*)
                0x00800a1a                PROVIDE (__noinit_end, .)
                0x00800a1a                _end = .
                0x00800a1a                PROVIDE (__heap_start, .)

.eeprom         0x00810000        0x0
 *(.eeprom*)
                0x00810000                __eeprom_end = .

.fuse
 *(.fuse)
 *(.lfuse)
 *(.hfuse)
 *(.efuse)

.lock
 *(.lock*)

.signature
 *(.signature*)

.stab
 *(.stab)

.stabstr
 *(.stabstr)

.stab.excl
 *(.stab.excl)

.stab.exclstr
 *(.stab.exclstr)

.stab.index
 *(.stab.index)

.stab.indexstr
 *(.stab.indexstr)

.comment
 *(.comment)

.debug
 *(.debug)

.line
 *(.line)

.debug_srcinfo
 *(.debug_srcinfo)

.debug_sfnames
 *(.debug_sfnames)

.debug_aranges  0x00000000      0x180
 *(.debug_aranges)
 .debug_aranges
                0x00000000       0x20 ex3-1.o
 .debug_aranges
                0x00000020       0x20 ASA_Lib.o(ASA_Lib_M128_HMI.o)
 .debug_aranges
                0x00000040       0x20 ASA_Lib.o(ASA_Lib_SDC00.o)
 .debug_aranges
                0x00000060       0x20 ASA_Lib.o(ff.o)
 .debug_aranges
                0x00000080       0x20 ASA_Lib.o(ASA_Core_Lib.o)
 .debug_aranges
                0x000000a0       0x20 ASA_Lib.o(diskio.o)
 .debug_aranges
                0x000000c0       0x20 ASA_Lib.o(mmc_avr_spi.o)
 .debug_aranges
                0x000000e0       0x20 d:/software/winavr/bin/../lib/gcc/avr/4.3.3/avr51\libgcc.a(_mul_sf.o)
 .debug_aranges
                0x00000100       0x20 d:/software/winavr/bin/../lib/gcc/avr/4.3.3/avr51\libgcc.a(_usi_to_sf.o)
 .debug_aranges
                0x00000120       0x20 d:/software/winavr/bin/../lib/gcc/avr/4.3.3/avr51\libgcc.a(_clzsi2.o)
 .debug_aranges
                0x00000140       0x20 d:/software/winavr/bin/../lib/gcc/avr/4.3.3/avr51\libgcc.a(_pack_sf.o)
 .debug_aranges
                0x00000160       0x20 d:/software/winavr/bin/../lib/gcc/avr/4.3.3/avr51\libgcc.a(_unpack_sf.o)

.debug_pubnames
                0x00000000      0x7ba
 *(.debug_pubnames)
 .debug_pubnames
                0x00000000       0x6d ex3-1.o
 .debug_pubnames
                0x0000006d      0x12d ASA_Lib.o(ASA_Lib_M128_HMI.o)
 .debug_pubnames
                0x0000019a      0x139 ASA_Lib.o(ASA_Lib_SDC00.o)
 .debug_pubnames
                0x000002d3      0x172 ASA_Lib.o(ff.o)
 .debug_pubnames
                0x00000445      0x18f ASA_Lib.o(ASA_Core_Lib.o)
 .debug_pubnames
                0x000005d4       0x75 ASA_Lib.o(diskio.o)
 .debug_pubnames
                0x00000649       0x8d ASA_Lib.o(mmc_avr_spi.o)
 .debug_pubnames
                0x000006d6       0x1f d:/software/winavr/bin/../lib/gcc/avr/4.3.3/avr51\libgcc.a(_mul_sf.o)
 .debug_pubnames
                0x000006f5       0x22 d:/software/winavr/bin/../lib/gcc/avr/4.3.3/avr51\libgcc.a(_thenan_sf.o)
 .debug_pubnames
                0x00000717       0x24 d:/software/winavr/bin/../lib/gcc/avr/4.3.3/avr51\libgcc.a(_usi_to_sf.o)
 .debug_pubnames
                0x0000073b       0x1f d:/software/winavr/bin/../lib/gcc/avr/4.3.3/avr51\libgcc.a(_clzsi2.o)
 .debug_pubnames
                0x0000075a       0x1f d:/software/winavr/bin/../lib/gcc/avr/4.3.3/avr51\libgcc.a(_pack_sf.o)
 .debug_pubnames
                0x00000779       0x21 d:/software/winavr/bin/../lib/gcc/avr/4.3.3/avr51\libgcc.a(_unpack_sf.o)
 .debug_pubnames
                0x0000079a       0x20 d:/software/winavr/bin/../lib/gcc/avr/4.3.3/avr51\libgcc.a(_clz.o)

.debug_info     0x00000000     0x6809
 *(.debug_info)
 .debug_info    0x00000000      0x2cd ex3-1.o
 .debug_info    0x000002cd      0x5cf ASA_Lib.o(ASA_Lib_M128_HMI.o)
 .debug_info    0x0000089c      0x93a ASA_Lib.o(ASA_Lib_SDC00.o)
 .debug_info    0x000011d6     0x30f3 ASA_Lib.o(ff.o)
 .debug_info    0x000042c9      0x852 ASA_Lib.o(ASA_Core_Lib.o)
 .debug_info    0x00004b1b      0x233 ASA_Lib.o(diskio.o)
 .debug_info    0x00004d4e      0xc14 ASA_Lib.o(mmc_avr_spi.o)
 .debug_info    0x00005962      0x485 d:/software/winavr/bin/../lib/gcc/avr/4.3.3/avr51\libgcc.a(_mul_sf.o)
 .debug_info    0x00005de7      0x12c d:/software/winavr/bin/../lib/gcc/avr/4.3.3/avr51\libgcc.a(_thenan_sf.o)
 .debug_info    0x00005f13      0x206 d:/software/winavr/bin/../lib/gcc/avr/4.3.3/avr51\libgcc.a(_usi_to_sf.o)
 .debug_info    0x00006119      0x117 d:/software/winavr/bin/../lib/gcc/avr/4.3.3/avr51\libgcc.a(_clzsi2.o)
 .debug_info    0x00006230      0x2df d:/software/winavr/bin/../lib/gcc/avr/4.3.3/avr51\libgcc.a(_pack_sf.o)
 .debug_info    0x0000650f      0x251 d:/software/winavr/bin/../lib/gcc/avr/4.3.3/avr51\libgcc.a(_unpack_sf.o)
 .debug_info    0x00006760       0xa9 d:/software/winavr/bin/../lib/gcc/avr/4.3.3/avr51\libgcc.a(_clz.o)
 *(.gnu.linkonce.wi.*)

.debug_abbrev   0x00000000     0x1637
 *(.debug_abbrev)
 .debug_abbrev  0x00000000      0x1b0 ex3-1.o
 .debug_abbrev  0x000001b0      0x1c4 ASA_Lib.o(ASA_Lib_M128_HMI.o)
 .debug_abbrev  0x00000374      0x236 ASA_Lib.o(ASA_Lib_SDC00.o)
 .debug_abbrev  0x000005aa      0x2a8 ASA_Lib.o(ff.o)
 .debug_abbrev  0x00000852      0x234 ASA_Lib.o(ASA_Core_Lib.o)
 .debug_abbrev  0x00000a86       0xc7 ASA_Lib.o(diskio.o)
 .debug_abbrev  0x00000b4d      0x289 ASA_Lib.o(mmc_avr_spi.o)
 .debug_abbrev  0x00000dd6      0x21b d:/software/winavr/bin/../lib/gcc/avr/4.3.3/avr51\libgcc.a(_mul_sf.o)
 .debug_abbrev  0x00000ff1       0xad d:/software/winavr/bin/../lib/gcc/avr/4.3.3/avr51\libgcc.a(_thenan_sf.o)
 .debug_abbrev  0x0000109e      0x157 d:/software/winavr/bin/../lib/gcc/avr/4.3.3/avr51\libgcc.a(_usi_to_sf.o)
 .debug_abbrev  0x000011f5       0xc4 d:/software/winavr/bin/../lib/gcc/avr/4.3.3/avr51\libgcc.a(_clzsi2.o)
 .debug_abbrev  0x000012b9      0x1c0 d:/software/winavr/bin/../lib/gcc/avr/4.3.3/avr51\libgcc.a(_pack_sf.o)
 .debug_abbrev  0x00001479      0x154 d:/software/winavr/bin/../lib/gcc/avr/4.3.3/avr51\libgcc.a(_unpack_sf.o)
 .debug_abbrev  0x000015cd       0x6a d:/software/winavr/bin/../lib/gcc/avr/4.3.3/avr51\libgcc.a(_clz.o)

.debug_line     0x00000000     0x554a
 *(.debug_line)
 .debug_line    0x00000000      0x306 ex3-1.o
 .debug_line    0x00000306      0x4c9 ASA_Lib.o(ASA_Lib_M128_HMI.o)
 .debug_line    0x000007cf      0x521 ASA_Lib.o(ASA_Lib_SDC00.o)
 .debug_line    0x00000cf0     0x2c33 ASA_Lib.o(ff.o)
 .debug_line    0x00003923      0x6a7 ASA_Lib.o(ASA_Core_Lib.o)
 .debug_line    0x00003fca      0x125 ASA_Lib.o(diskio.o)
 .debug_line    0x000040ef      0xc69 ASA_Lib.o(mmc_avr_spi.o)
 .debug_line    0x00004d58      0x239 d:/software/winavr/bin/../lib/gcc/avr/4.3.3/avr51\libgcc.a(_mul_sf.o)
 .debug_line    0x00004f91       0x90 d:/software/winavr/bin/../lib/gcc/avr/4.3.3/avr51\libgcc.a(_thenan_sf.o)
 .debug_line    0x00005021      0x133 d:/software/winavr/bin/../lib/gcc/avr/4.3.3/avr51\libgcc.a(_usi_to_sf.o)
 .debug_line    0x00005154       0xa5 d:/software/winavr/bin/../lib/gcc/avr/4.3.3/avr51\libgcc.a(_clzsi2.o)
 .debug_line    0x000051f9      0x18a d:/software/winavr/bin/../lib/gcc/avr/4.3.3/avr51\libgcc.a(_pack_sf.o)
 .debug_line    0x00005383      0x14b d:/software/winavr/bin/../lib/gcc/avr/4.3.3/avr51\libgcc.a(_unpack_sf.o)
 .debug_line    0x000054ce       0x7c d:/software/winavr/bin/../lib/gcc/avr/4.3.3/avr51\libgcc.a(_clz.o)

.debug_frame    0x00000000      0x8a0
 *(.debug_frame)
 .debug_frame   0x00000000       0x80 ex3-1.o
 .debug_frame   0x00000080       0xe0 ASA_Lib.o(ASA_Lib_M128_HMI.o)
 .debug_frame   0x00000160       0x80 ASA_Lib.o(ASA_Lib_SDC00.o)
 .debug_frame   0x000001e0      0x360 ASA_Lib.o(ff.o)
 .debug_frame   0x00000540      0x190 ASA_Lib.o(ASA_Core_Lib.o)
 .debug_frame   0x000006d0       0x70 ASA_Lib.o(diskio.o)
 .debug_frame   0x00000740       0xc0 ASA_Lib.o(mmc_avr_spi.o)
 .debug_frame   0x00000800       0x20 d:/software/winavr/bin/../lib/gcc/avr/4.3.3/avr51\libgcc.a(_mul_sf.o)
 .debug_frame   0x00000820       0x20 d:/software/winavr/bin/../lib/gcc/avr/4.3.3/avr51\libgcc.a(_usi_to_sf.o)
 .debug_frame   0x00000840       0x20 d:/software/winavr/bin/../lib/gcc/avr/4.3.3/avr51\libgcc.a(_clzsi2.o)
 .debug_frame   0x00000860       0x20 d:/software/winavr/bin/../lib/gcc/avr/4.3.3/avr51\libgcc.a(_pack_sf.o)
 .debug_frame   0x00000880       0x20 d:/software/winavr/bin/../lib/gcc/avr/4.3.3/avr51\libgcc.a(_unpack_sf.o)

.debug_str      0x00000000      0xf2e
 *(.debug_str)
 .debug_str     0x00000000       0xfd ex3-1.o
                                0x153 (size before relaxing)
 .debug_str     0x000000fd      0x1bb ASA_Lib.o(ASA_Lib_M128_HMI.o)
                                0x2a9 (size before relaxing)
 .debug_str     0x000002b8      0x3dd ASA_Lib.o(ASA_Lib_SDC00.o)
                                0x4c4 (size before relaxing)
 .debug_str     0x00000695      0x400 ASA_Lib.o(ff.o)
                                0x6ef (size before relaxing)
 .debug_str     0x00000a95      0x18b ASA_Lib.o(ASA_Core_Lib.o)
                                0x285 (size before relaxing)
 .debug_str     0x00000c20       0x11 ASA_Lib.o(diskio.o)
                                0x142 (size before relaxing)
 .debug_str     0x00000c31      0x122 ASA_Lib.o(mmc_avr_spi.o)
                                0x24a (size before relaxing)
 .debug_str     0x00000d53      0x149 d:/software/winavr/bin/../lib/gcc/avr/4.3.3/avr51\libgcc.a(_mul_sf.o)
                                0x1c0 (size before relaxing)
 .debug_str     0x00000000      0x104 d:/software/winavr/bin/../lib/gcc/avr/4.3.3/avr51\libgcc.a(_thenan_sf.o)
 .debug_str     0x00000e9c       0x1b d:/software/winavr/bin/../lib/gcc/avr/4.3.3/avr51\libgcc.a(_usi_to_sf.o)
                                0x178 (size before relaxing)
 .debug_str     0x00000eb7       0x5c d:/software/winavr/bin/../lib/gcc/avr/4.3.3/avr51\libgcc.a(_clzsi2.o)
                                0x112 (size before relaxing)
 .debug_str     0x00000f13       0x10 d:/software/winavr/bin/../lib/gcc/avr/4.3.3/avr51\libgcc.a(_pack_sf.o)
                                0x19e (size before relaxing)
 .debug_str     0x00000f23        0xb d:/software/winavr/bin/../lib/gcc/avr/4.3.3/avr51\libgcc.a(_unpack_sf.o)
                                0x180 (size before relaxing)
 .debug_str     0x00000000       0xf5 d:/software/winavr/bin/../lib/gcc/avr/4.3.3/avr51\libgcc.a(_clz.o)

.debug_loc      0x00000000     0x775e
 *(.debug_loc)
 .debug_loc     0x00000000      0x1ce ex3-1.o
 .debug_loc     0x000001ce      0x6a7 ASA_Lib.o(ASA_Lib_M128_HMI.o)
 .debug_loc     0x00000875      0x573 ASA_Lib.o(ASA_Lib_SDC00.o)
 .debug_loc     0x00000de8     0x588c ASA_Lib.o(ff.o)
 .debug_loc     0x00006674      0x476 ASA_Lib.o(ASA_Core_Lib.o)
 .debug_loc     0x00006aea      0x1c9 ASA_Lib.o(diskio.o)
 .debug_loc     0x00006cb3      0x6dd ASA_Lib.o(mmc_avr_spi.o)
 .debug_loc     0x00007390      0x104 d:/software/winavr/bin/../lib/gcc/avr/4.3.3/avr51\libgcc.a(_mul_sf.o)
 .debug_loc     0x00007494       0x4c d:/software/winavr/bin/../lib/gcc/avr/4.3.3/avr51\libgcc.a(_usi_to_sf.o)
 .debug_loc     0x000074e0       0x94 d:/software/winavr/bin/../lib/gcc/avr/4.3.3/avr51\libgcc.a(_clzsi2.o)
 .debug_loc     0x00007574      0x13e d:/software/winavr/bin/../lib/gcc/avr/4.3.3/avr51\libgcc.a(_pack_sf.o)
 .debug_loc     0x000076b2       0xac d:/software/winavr/bin/../lib/gcc/avr/4.3.3/avr51\libgcc.a(_unpack_sf.o)

.debug_macinfo
 *(.debug_macinfo)
OUTPUT(ex3-1.elf elf32-avr)
LOAD linker stubs

.debug_ranges   0x00000000      0x208
 .debug_ranges  0x00000000       0x30 ASA_Lib.o(ASA_Lib_SDC00.o)
 .debug_ranges  0x00000030      0x110 ASA_Lib.o(ff.o)
 .debug_ranges  0x00000140       0x18 ASA_Lib.o(ASA_Core_Lib.o)
 .debug_ranges  0x00000158       0x60 ASA_Lib.o(mmc_avr_spi.o)
 .debug_ranges  0x000001b8       0x50 d:/software/winavr/bin/../lib/gcc/avr/4.3.3/avr51\libgcc.a(_mul_sf.o)
