Archive member included to satisfy reference by file (symbol)

ASA_Lib.o(ASA_Lib_M128_HMI.o)
                              ex3test.o (ASA_M128_set)
ASA_Lib.o(ASA_Core_Lib.o)     ASA_Lib.o(ASA_Lib_M128_HMI.o) (ASA_ID_set)
d:/avr-gcc-7.2.0-x64-mingw/bin/../lib/gcc/avr/7.2.0/../../../../avr/lib/avr51\libprintf_flt.a(vfprintf_flt.o)
                              (vfprintf)
d:/avr-gcc-7.2.0-x64-mingw/bin/../lib/gcc/avr/7.2.0/../../../../avr/lib/avr51\libscanf_flt.a(vfscanf_flt.o)
                              (vfscanf)
d:/avr-gcc-7.2.0-x64-mingw/bin/../lib/gcc/avr/7.2.0/avr51\libgcc.a(_exit.o)
                              d:/avr-gcc-7.2.0-x64-mingw/bin/../lib/gcc/avr/7.2.0/../../../../avr/lib/avr51/crtatmega128.o (exit)
d:/avr-gcc-7.2.0-x64-mingw/bin/../lib/gcc/avr/7.2.0/avr51\libgcc.a(_copy_data.o)
                              ex3test.o (__do_copy_data)
d:/avr-gcc-7.2.0-x64-mingw/bin/../lib/gcc/avr/7.2.0/avr51\libgcc.a(_clear_bss.o)
                              ex3test.o (__do_clear_bss)
d:/avr-gcc-7.2.0-x64-mingw/bin/../lib/gcc/avr/7.2.0/../../../../avr/lib/avr51\libm.a(floatsisf.o)
                              d:/avr-gcc-7.2.0-x64-mingw/bin/../lib/gcc/avr/7.2.0/../../../../avr/lib/avr51\libscanf_flt.a(vfscanf_flt.o) (__floatunsisf)
d:/avr-gcc-7.2.0-x64-mingw/bin/../lib/gcc/avr/7.2.0/../../../../avr/lib/avr51\libm.a(mulsf3.o)
                              d:/avr-gcc-7.2.0-x64-mingw/bin/../lib/gcc/avr/7.2.0/../../../../avr/lib/avr51\libscanf_flt.a(vfscanf_flt.o) (__mulsf3)
d:/avr-gcc-7.2.0-x64-mingw/bin/../lib/gcc/avr/7.2.0/../../../../avr/lib/avr51\libm.a(mulsf3x.o)
                              d:/avr-gcc-7.2.0-x64-mingw/bin/../lib/gcc/avr/7.2.0/../../../../avr/lib/avr51\libm.a(mulsf3.o) (__mulsf3x)
d:/avr-gcc-7.2.0-x64-mingw/bin/../lib/gcc/avr/7.2.0/../../../../avr/lib/avr51\libm.a(fp_inf.o)
                              d:/avr-gcc-7.2.0-x64-mingw/bin/../lib/gcc/avr/7.2.0/../../../../avr/lib/avr51\libm.a(mulsf3x.o) (__fp_inf)
d:/avr-gcc-7.2.0-x64-mingw/bin/../lib/gcc/avr/7.2.0/../../../../avr/lib/avr51\libm.a(fp_nan.o)
                              d:/avr-gcc-7.2.0-x64-mingw/bin/../lib/gcc/avr/7.2.0/../../../../avr/lib/avr51\libm.a(mulsf3x.o) (__fp_nan)
d:/avr-gcc-7.2.0-x64-mingw/bin/../lib/gcc/avr/7.2.0/../../../../avr/lib/avr51\libm.a(fp_pscA.o)
                              d:/avr-gcc-7.2.0-x64-mingw/bin/../lib/gcc/avr/7.2.0/../../../../avr/lib/avr51\libm.a(mulsf3x.o) (__fp_pscA)
d:/avr-gcc-7.2.0-x64-mingw/bin/../lib/gcc/avr/7.2.0/../../../../avr/lib/avr51\libm.a(fp_pscB.o)
                              d:/avr-gcc-7.2.0-x64-mingw/bin/../lib/gcc/avr/7.2.0/../../../../avr/lib/avr51\libm.a(mulsf3x.o) (__fp_pscB)
d:/avr-gcc-7.2.0-x64-mingw/bin/../lib/gcc/avr/7.2.0/../../../../avr/lib/avr51\libm.a(fp_round.o)
                              d:/avr-gcc-7.2.0-x64-mingw/bin/../lib/gcc/avr/7.2.0/../../../../avr/lib/avr51\libm.a(mulsf3.o) (__fp_round)
d:/avr-gcc-7.2.0-x64-mingw/bin/../lib/gcc/avr/7.2.0/../../../../avr/lib/avr51\libm.a(fp_split3.o)
                              d:/avr-gcc-7.2.0-x64-mingw/bin/../lib/gcc/avr/7.2.0/../../../../avr/lib/avr51\libm.a(mulsf3x.o) (__fp_split3)
d:/avr-gcc-7.2.0-x64-mingw/bin/../lib/gcc/avr/7.2.0/../../../../avr/lib/avr51\libm.a(fp_zero.o)
                              d:/avr-gcc-7.2.0-x64-mingw/bin/../lib/gcc/avr/7.2.0/../../../../avr/lib/avr51\libm.a(mulsf3x.o) (__fp_szero)
d:/avr-gcc-7.2.0-x64-mingw/bin/../lib/gcc/avr/7.2.0/../../../../avr/lib/avr51\libc.a(ftoa_engine.o)
                              d:/avr-gcc-7.2.0-x64-mingw/bin/../lib/gcc/avr/7.2.0/../../../../avr/lib/avr51\libprintf_flt.a(vfprintf_flt.o) (__ftoa_engine)
d:/avr-gcc-7.2.0-x64-mingw/bin/../lib/gcc/avr/7.2.0/../../../../avr/lib/avr51\libc.a(isspace.o)
                              d:/avr-gcc-7.2.0-x64-mingw/bin/../lib/gcc/avr/7.2.0/../../../../avr/lib/avr51\libscanf_flt.a(vfscanf_flt.o) (isspace)
d:/avr-gcc-7.2.0-x64-mingw/bin/../lib/gcc/avr/7.2.0/../../../../avr/lib/avr51\libc.a(tolower.o)
                              d:/avr-gcc-7.2.0-x64-mingw/bin/../lib/gcc/avr/7.2.0/../../../../avr/lib/avr51\libscanf_flt.a(vfscanf_flt.o) (tolower)
d:/avr-gcc-7.2.0-x64-mingw/bin/../lib/gcc/avr/7.2.0/../../../../avr/lib/avr51\libc.a(strchr_P.o)
                              d:/avr-gcc-7.2.0-x64-mingw/bin/../lib/gcc/avr/7.2.0/../../../../avr/lib/avr51\libscanf_flt.a(vfscanf_flt.o) (strchr_P)
d:/avr-gcc-7.2.0-x64-mingw/bin/../lib/gcc/avr/7.2.0/../../../../avr/lib/avr51\libc.a(strnlen_P.o)
                              d:/avr-gcc-7.2.0-x64-mingw/bin/../lib/gcc/avr/7.2.0/../../../../avr/lib/avr51\libprintf_flt.a(vfprintf_flt.o) (strnlen_P)
d:/avr-gcc-7.2.0-x64-mingw/bin/../lib/gcc/avr/7.2.0/../../../../avr/lib/avr51\libc.a(strnlen.o)
                              d:/avr-gcc-7.2.0-x64-mingw/bin/../lib/gcc/avr/7.2.0/../../../../avr/lib/avr51\libprintf_flt.a(vfprintf_flt.o) (strnlen)
d:/avr-gcc-7.2.0-x64-mingw/bin/../lib/gcc/avr/7.2.0/../../../../avr/lib/avr51\libc.a(fgetc.o)
                              d:/avr-gcc-7.2.0-x64-mingw/bin/../lib/gcc/avr/7.2.0/../../../../avr/lib/avr51\libscanf_flt.a(vfscanf_flt.o) (fgetc)
d:/avr-gcc-7.2.0-x64-mingw/bin/../lib/gcc/avr/7.2.0/../../../../avr/lib/avr51\libc.a(fputc.o)
                              d:/avr-gcc-7.2.0-x64-mingw/bin/../lib/gcc/avr/7.2.0/../../../../avr/lib/avr51\libprintf_flt.a(vfprintf_flt.o) (fputc)
d:/avr-gcc-7.2.0-x64-mingw/bin/../lib/gcc/avr/7.2.0/../../../../avr/lib/avr51\libc.a(iob.o)
                              ASA_Lib.o(ASA_Lib_M128_HMI.o) (__iob)
d:/avr-gcc-7.2.0-x64-mingw/bin/../lib/gcc/avr/7.2.0/../../../../avr/lib/avr51\libc.a(printf.o)
                              ex3test.o (printf)
d:/avr-gcc-7.2.0-x64-mingw/bin/../lib/gcc/avr/7.2.0/../../../../avr/lib/avr51\libc.a(ungetc.o)
                              d:/avr-gcc-7.2.0-x64-mingw/bin/../lib/gcc/avr/7.2.0/../../../../avr/lib/avr51\libscanf_flt.a(vfscanf_flt.o) (ungetc)
d:/avr-gcc-7.2.0-x64-mingw/bin/../lib/gcc/avr/7.2.0/../../../../avr/lib/avr51\libc.a(ultoa_invert.o)
                              d:/avr-gcc-7.2.0-x64-mingw/bin/../lib/gcc/avr/7.2.0/../../../../avr/lib/avr51\libprintf_flt.a(vfprintf_flt.o) (__ultoa_invert)
d:/avr-gcc-7.2.0-x64-mingw/bin/../lib/gcc/avr/7.2.0/../../../../avr/lib/avr51\libc.a(cty_isfalse.o)
                              d:/avr-gcc-7.2.0-x64-mingw/bin/../lib/gcc/avr/7.2.0/../../../../avr/lib/avr51\libc.a(isspace.o) (__ctype_isfalse)

Allocating common symbols
Common symbol       size              file

debug               0x1               ex3test.o
__iob               0x6               d:/avr-gcc-7.2.0-x64-mingw/bin/../lib/gcc/avr/7.2.0/../../../../avr/lib/avr51\libc.a(iob.o)

Memory Configuration

Name             Origin             Length             Attributes
text             0x0000000000000000 0x0000000000020000 xr
data             0x0000000000800100 0x000000000000ff00 rw !x
eeprom           0x0000000000810000 0x0000000000010000 rw !x
fuse             0x0000000000820000 0x0000000000000400 rw !x
lock             0x0000000000830000 0x0000000000000400 rw !x
signature        0x0000000000840000 0x0000000000000400 rw !x
user_signatures  0x0000000000850000 0x0000000000000400 rw !x
*default*        0x0000000000000000 0xffffffffffffffff

Linker script and memory map

Address of section .data set to 0x800100
LOAD d:/avr-gcc-7.2.0-x64-mingw/bin/../lib/gcc/avr/7.2.0/../../../../avr/lib/avr51/crtatmega128.o
LOAD ex3test.o
LOAD ASA_Lib.o
LOAD d:/avr-gcc-7.2.0-x64-mingw/bin/../lib/gcc/avr/7.2.0/../../../../avr/lib/avr51\libm.a
LOAD d:/avr-gcc-7.2.0-x64-mingw/bin/../lib/gcc/avr/7.2.0/../../../../avr/lib/avr51\libprintf_flt.a
LOAD d:/avr-gcc-7.2.0-x64-mingw/bin/../lib/gcc/avr/7.2.0/../../../../avr/lib/avr51\libscanf_flt.a
START GROUP
LOAD d:/avr-gcc-7.2.0-x64-mingw/bin/../lib/gcc/avr/7.2.0/avr51\libgcc.a
LOAD d:/avr-gcc-7.2.0-x64-mingw/bin/../lib/gcc/avr/7.2.0/../../../../avr/lib/avr51\libm.a
LOAD d:/avr-gcc-7.2.0-x64-mingw/bin/../lib/gcc/avr/7.2.0/../../../../avr/lib/avr51\libc.a
LOAD d:/avr-gcc-7.2.0-x64-mingw/bin/../lib/gcc/avr/7.2.0/../../../../avr/lib/avr51\libatmega128.a
END GROUP
                0x0000000000020000                __TEXT_REGION_LENGTH__ = DEFINED (__TEXT_REGION_LENGTH__)?__TEXT_REGION_LENGTH__:0x20000
                0x000000000000ff00                __DATA_REGION_LENGTH__ = DEFINED (__DATA_REGION_LENGTH__)?__DATA_REGION_LENGTH__:0xff00
                0x0000000000010000                __EEPROM_REGION_LENGTH__ = DEFINED (__EEPROM_REGION_LENGTH__)?__EEPROM_REGION_LENGTH__:0x10000
                0x0000000000000400                __FUSE_REGION_LENGTH__ = DEFINED (__FUSE_REGION_LENGTH__)?__FUSE_REGION_LENGTH__:0x400
                0x0000000000000400                __LOCK_REGION_LENGTH__ = DEFINED (__LOCK_REGION_LENGTH__)?__LOCK_REGION_LENGTH__:0x400
                0x0000000000000400                __SIGNATURE_REGION_LENGTH__ = DEFINED (__SIGNATURE_REGION_LENGTH__)?__SIGNATURE_REGION_LENGTH__:0x400
                0x0000000000000400                __USER_SIGNATURE_REGION_LENGTH__ = DEFINED (__USER_SIGNATURE_REGION_LENGTH__)?__USER_SIGNATURE_REGION_LENGTH__:0x400

.hash
 *(.hash)

.dynsym
 *(.dynsym)

.dynstr
 *(.dynstr)

.gnu.version
 *(.gnu.version)

.gnu.version_d
 *(.gnu.version_d)

.gnu.version_r
 *(.gnu.version_r)

.rel.init
 *(.rel.init)

.rela.init
 *(.rela.init)

.rel.text
 *(.rel.text)
 *(.rel.text.*)
 *(.rel.gnu.linkonce.t*)

.rela.text
 *(.rela.text)
 *(.rela.text.*)
 *(.rela.gnu.linkonce.t*)

.rel.fini
 *(.rel.fini)

.rela.fini
 *(.rela.fini)

.rel.rodata
 *(.rel.rodata)
 *(.rel.rodata.*)
 *(.rel.gnu.linkonce.r*)

.rela.rodata
 *(.rela.rodata)
 *(.rela.rodata.*)
 *(.rela.gnu.linkonce.r*)

.rel.data
 *(.rel.data)
 *(.rel.data.*)
 *(.rel.gnu.linkonce.d*)

.rela.data
 *(.rela.data)
 *(.rela.data.*)
 *(.rela.gnu.linkonce.d*)

.rel.ctors
 *(.rel.ctors)

.rela.ctors
 *(.rela.ctors)

.rel.dtors
 *(.rel.dtors)

.rela.dtors
 *(.rela.dtors)

.rel.got
 *(.rel.got)

.rela.got
 *(.rela.got)

.rel.bss
 *(.rel.bss)

.rela.bss
 *(.rela.bss)

.rel.plt
 *(.rel.plt)

.rela.plt
 *(.rela.plt)

.text           0x0000000000000000     0x214a
 *(.vectors)
 .vectors       0x0000000000000000       0x8c d:/avr-gcc-7.2.0-x64-mingw/bin/../lib/gcc/avr/7.2.0/../../../../avr/lib/avr51/crtatmega128.o
                0x0000000000000000                __vector_default
                0x0000000000000000                __vectors
 *(.vectors)
 *(.progmem.gcc*)
                0x000000000000008c                . = ALIGN (0x2)
                0x000000000000008c                __trampolines_start = .
 *(.trampolines)
 .trampolines   0x000000000000008c        0x0 linker stubs
 *(.trampolines*)
                0x000000000000008c                __trampolines_end = .
 *libprintf_flt.a:*(.progmem.data)
 .progmem.data  0x000000000000008c        0x8 d:/avr-gcc-7.2.0-x64-mingw/bin/../lib/gcc/avr/7.2.0/../../../../avr/lib/avr51\libprintf_flt.a(vfprintf_flt.o)
 *libc.a:*(.progmem.data)
 .progmem.data  0x0000000000000094       0xfa d:/avr-gcc-7.2.0-x64-mingw/bin/../lib/gcc/avr/7.2.0/../../../../avr/lib/avr51\libc.a(ftoa_engine.o)
 *(.progmem*)
 .progmem.data  0x000000000000018e       0x4d d:/avr-gcc-7.2.0-x64-mingw/bin/../lib/gcc/avr/7.2.0/../../../../avr/lib/avr51\libscanf_flt.a(vfscanf_flt.o)
                0x00000000000001dc                . = ALIGN (0x2)
 *fill*         0x00000000000001db        0x1 
 *(.lowtext)
 *(.lowtext*)
                0x00000000000001dc                __ctors_start = .
 *(.ctors)
                0x00000000000001dc                __ctors_end = .
                0x00000000000001dc                __dtors_start = .
 *(.dtors)
                0x00000000000001dc                __dtors_end = .
 SORT(*)(.ctors)
 SORT(*)(.dtors)
 *(.init0)
 .init0         0x00000000000001dc        0x0 d:/avr-gcc-7.2.0-x64-mingw/bin/../lib/gcc/avr/7.2.0/../../../../avr/lib/avr51/crtatmega128.o
                0x00000000000001dc                __init
 *(.init0)
 *(.init1)
 *(.init1)
 *(.init2)
 .init2         0x00000000000001dc        0xc d:/avr-gcc-7.2.0-x64-mingw/bin/../lib/gcc/avr/7.2.0/../../../../avr/lib/avr51/crtatmega128.o
 *(.init2)
 *(.init3)
 *(.init3)
 *(.init4)
 .init4         0x00000000000001e8       0x1a d:/avr-gcc-7.2.0-x64-mingw/bin/../lib/gcc/avr/7.2.0/avr51\libgcc.a(_copy_data.o)
                0x00000000000001e8                __do_copy_data
 .init4         0x0000000000000202       0x10 d:/avr-gcc-7.2.0-x64-mingw/bin/../lib/gcc/avr/7.2.0/avr51\libgcc.a(_clear_bss.o)
                0x0000000000000202                __do_clear_bss
 *(.init4)
 *(.init5)
 *(.init5)
 *(.init6)
 *(.init6)
 *(.init7)
 *(.init7)
 *(.init8)
 *(.init8)
 *(.init9)
 .init9         0x0000000000000212        0x8 d:/avr-gcc-7.2.0-x64-mingw/bin/../lib/gcc/avr/7.2.0/../../../../avr/lib/avr51/crtatmega128.o
 *(.init9)
 *(.text)
 .text          0x000000000000021a        0x4 d:/avr-gcc-7.2.0-x64-mingw/bin/../lib/gcc/avr/7.2.0/../../../../avr/lib/avr51/crtatmega128.o
                0x000000000000021a                __vector_22
                0x000000000000021a                __vector_28
                0x000000000000021a                __vector_1
                0x000000000000021a                __vector_32
                0x000000000000021a                __vector_34
                0x000000000000021a                __vector_24
                0x000000000000021a                __vector_12
                0x000000000000021a                __bad_interrupt
                0x000000000000021a                __vector_6
                0x000000000000021a                __vector_31
                0x000000000000021a                __vector_3
                0x000000000000021a                __vector_23
                0x000000000000021a                __vector_30
                0x000000000000021a                __vector_25
                0x000000000000021a                __vector_11
                0x000000000000021a                __vector_13
                0x000000000000021a                __vector_17
                0x000000000000021a                __vector_19
                0x000000000000021a                __vector_7
                0x000000000000021a                __vector_27
                0x000000000000021a                __vector_5
                0x000000000000021a                __vector_33
                0x000000000000021a                __vector_4
                0x000000000000021a                __vector_9
                0x000000000000021a                __vector_2
                0x000000000000021a                __vector_29
                0x000000000000021a                __vector_8
                0x000000000000021a                __vector_26
                0x000000000000021a                __vector_14
                0x000000000000021a                __vector_10
                0x000000000000021a                __vector_16
                0x000000000000021a                __vector_18
                0x000000000000021a                __vector_20
 .text          0x000000000000021e       0xb6 ex3test.o
                0x000000000000021e                FIFO_ini
                0x0000000000000226                adc_en
                0x0000000000000232                timer0_set
                0x0000000000000242                FIFO_push
                0x000000000000026e                FIFO_pop
                0x00000000000002a0                __vector_15
                0x00000000000002b6                __vector_21
 .text          0x00000000000002d4      0x4d2 ASA_Lib.o(ASA_Lib_M128_HMI.o)
                0x00000000000002d4                uart_put
                0x000000000000032e                uart_get
                0x0000000000000380                M128_HMI_set
                0x00000000000003a2                M128_HMI_timeout_set
                0x00000000000003c0                HMI_timeout_set
                0x00000000000003fe                M128_HMI_get
                0x0000000000000482                update_status
                0x00000000000004ee                M128_HMI_put
                0x0000000000000588                stdio_putchar
                0x00000000000005a4                stdio_getchar
                0x00000000000005bc                ASA_M128_set
                0x0000000000000616                M128_HMI_Form_get
                0x00000000000006de                M128_HMI_Form_put
 .text          0x00000000000007a6      0x418 ASA_Lib.o(ASA_Core_Lib.o)
                0x00000000000007a6                ASA_ID_check
                0x00000000000007b2                ASA_ID_set
                0x00000000000007ce                UART1_putchar
                0x00000000000007e6                UART1_getchar
                0x00000000000007f4                SPI_Transfer
                0x00000000000007fe                SPI_Receive
                0x0000000000000808                ASA_putchar
                0x0000000000000832                ASA_getchar
                0x0000000000000870                PC_putchar
                0x0000000000000878                PC_getchar
                0x0000000000000880                TWI_ERROR
                0x0000000000000888                TWI_Start
                0x00000000000008ae                TWI_Stop
                0x00000000000008b6                TWI_ReStart
                0x00000000000008dc                TWI_SendSLAW
                0x0000000000000906                TWI_SendSLAR
                0x000000000000092e                TWI_TransmitData
                0x0000000000000952                TWI_ReceiveData
                0x0000000000000976                TWI_SendNoAck
                0x0000000000000996                TWI_wr
                0x00000000000009c6                TWI_rd
                0x0000000000000a00                TWI_initialize
                0x0000000000000a06                TWI_Write
                0x0000000000000aac                TWI_Read
 .text          0x0000000000000bbe        0x0 d:/avr-gcc-7.2.0-x64-mingw/bin/../lib/gcc/avr/7.2.0/../../../../avr/lib/avr51\libprintf_flt.a(vfprintf_flt.o)
 .text          0x0000000000000bbe        0x0 d:/avr-gcc-7.2.0-x64-mingw/bin/../lib/gcc/avr/7.2.0/../../../../avr/lib/avr51\libscanf_flt.a(vfscanf_flt.o)
 .text          0x0000000000000bbe        0x0 d:/avr-gcc-7.2.0-x64-mingw/bin/../lib/gcc/avr/7.2.0/avr51\libgcc.a(_exit.o)
 .text          0x0000000000000bbe        0x0 d:/avr-gcc-7.2.0-x64-mingw/bin/../lib/gcc/avr/7.2.0/avr51\libgcc.a(_copy_data.o)
 .text          0x0000000000000bbe        0x0 d:/avr-gcc-7.2.0-x64-mingw/bin/../lib/gcc/avr/7.2.0/avr51\libgcc.a(_clear_bss.o)
 .text          0x0000000000000bbe        0x0 d:/avr-gcc-7.2.0-x64-mingw/bin/../lib/gcc/avr/7.2.0/../../../../avr/lib/avr51\libm.a(floatsisf.o)
 .text          0x0000000000000bbe        0x0 d:/avr-gcc-7.2.0-x64-mingw/bin/../lib/gcc/avr/7.2.0/../../../../avr/lib/avr51\libm.a(mulsf3.o)
 .text          0x0000000000000bbe        0x0 d:/avr-gcc-7.2.0-x64-mingw/bin/../lib/gcc/avr/7.2.0/../../../../avr/lib/avr51\libm.a(mulsf3x.o)
 .text          0x0000000000000bbe        0x0 d:/avr-gcc-7.2.0-x64-mingw/bin/../lib/gcc/avr/7.2.0/../../../../avr/lib/avr51\libm.a(fp_inf.o)
 .text          0x0000000000000bbe        0x0 d:/avr-gcc-7.2.0-x64-mingw/bin/../lib/gcc/avr/7.2.0/../../../../avr/lib/avr51\libm.a(fp_nan.o)
 .text          0x0000000000000bbe        0x0 d:/avr-gcc-7.2.0-x64-mingw/bin/../lib/gcc/avr/7.2.0/../../../../avr/lib/avr51\libm.a(fp_pscA.o)
 .text          0x0000000000000bbe        0x0 d:/avr-gcc-7.2.0-x64-mingw/bin/../lib/gcc/avr/7.2.0/../../../../avr/lib/avr51\libm.a(fp_pscB.o)
 .text          0x0000000000000bbe        0x0 d:/avr-gcc-7.2.0-x64-mingw/bin/../lib/gcc/avr/7.2.0/../../../../avr/lib/avr51\libm.a(fp_round.o)
 .text          0x0000000000000bbe        0x0 d:/avr-gcc-7.2.0-x64-mingw/bin/../lib/gcc/avr/7.2.0/../../../../avr/lib/avr51\libm.a(fp_split3.o)
 .text          0x0000000000000bbe        0x0 d:/avr-gcc-7.2.0-x64-mingw/bin/../lib/gcc/avr/7.2.0/../../../../avr/lib/avr51\libm.a(fp_zero.o)
 .text          0x0000000000000bbe        0x0 d:/avr-gcc-7.2.0-x64-mingw/bin/../lib/gcc/avr/7.2.0/../../../../avr/lib/avr51\libc.a(ftoa_engine.o)
 .text          0x0000000000000bbe        0x0 d:/avr-gcc-7.2.0-x64-mingw/bin/../lib/gcc/avr/7.2.0/../../../../avr/lib/avr51\libc.a(isspace.o)
 .text          0x0000000000000bbe        0x0 d:/avr-gcc-7.2.0-x64-mingw/bin/../lib/gcc/avr/7.2.0/../../../../avr/lib/avr51\libc.a(tolower.o)
 .text          0x0000000000000bbe        0x0 d:/avr-gcc-7.2.0-x64-mingw/bin/../lib/gcc/avr/7.2.0/../../../../avr/lib/avr51\libc.a(strchr_P.o)
 .text          0x0000000000000bbe        0x0 d:/avr-gcc-7.2.0-x64-mingw/bin/../lib/gcc/avr/7.2.0/../../../../avr/lib/avr51\libc.a(strnlen_P.o)
 .text          0x0000000000000bbe        0x0 d:/avr-gcc-7.2.0-x64-mingw/bin/../lib/gcc/avr/7.2.0/../../../../avr/lib/avr51\libc.a(strnlen.o)
 .text          0x0000000000000bbe        0x0 d:/avr-gcc-7.2.0-x64-mingw/bin/../lib/gcc/avr/7.2.0/../../../../avr/lib/avr51\libc.a(fgetc.o)
 .text          0x0000000000000bbe        0x0 d:/avr-gcc-7.2.0-x64-mingw/bin/../lib/gcc/avr/7.2.0/../../../../avr/lib/avr51\libc.a(fputc.o)
 .text          0x0000000000000bbe        0x0 d:/avr-gcc-7.2.0-x64-mingw/bin/../lib/gcc/avr/7.2.0/../../../../avr/lib/avr51\libc.a(iob.o)
 .text          0x0000000000000bbe        0x0 d:/avr-gcc-7.2.0-x64-mingw/bin/../lib/gcc/avr/7.2.0/../../../../avr/lib/avr51\libc.a(printf.o)
 .text          0x0000000000000bbe        0x0 d:/avr-gcc-7.2.0-x64-mingw/bin/../lib/gcc/avr/7.2.0/../../../../avr/lib/avr51\libc.a(ungetc.o)
 .text          0x0000000000000bbe        0x0 d:/avr-gcc-7.2.0-x64-mingw/bin/../lib/gcc/avr/7.2.0/../../../../avr/lib/avr51\libc.a(ultoa_invert.o)
 .text          0x0000000000000bbe        0x0 d:/avr-gcc-7.2.0-x64-mingw/bin/../lib/gcc/avr/7.2.0/../../../../avr/lib/avr51\libc.a(cty_isfalse.o)
                0x0000000000000bbe                . = ALIGN (0x2)
 *(.text.*)
 .text.startup  0x0000000000000bbe       0x2c ex3test.o
                0x0000000000000bbe                main
 .text.avr-libc
                0x0000000000000bea      0x714 d:/avr-gcc-7.2.0-x64-mingw/bin/../lib/gcc/avr/7.2.0/../../../../avr/lib/avr51\libprintf_flt.a(vfprintf_flt.o)
                0x0000000000000bea                vfprintf
 .text.avr-libc
                0x00000000000012fe      0x84c d:/avr-gcc-7.2.0-x64-mingw/bin/../lib/gcc/avr/7.2.0/../../../../avr/lib/avr51\libscanf_flt.a(vfscanf_flt.o)
                0x00000000000018e4                vfscanf
 .text.libgcc.mul
                0x0000000000001b4a        0x0 d:/avr-gcc-7.2.0-x64-mingw/bin/../lib/gcc/avr/7.2.0/avr51\libgcc.a(_exit.o)
 .text.libgcc.div
                0x0000000000001b4a        0x0 d:/avr-gcc-7.2.0-x64-mingw/bin/../lib/gcc/avr/7.2.0/avr51\libgcc.a(_exit.o)
 .text.libgcc   0x0000000000001b4a        0x0 d:/avr-gcc-7.2.0-x64-mingw/bin/../lib/gcc/avr/7.2.0/avr51\libgcc.a(_exit.o)
 .text.libgcc.prologue
                0x0000000000001b4a        0x0 d:/avr-gcc-7.2.0-x64-mingw/bin/../lib/gcc/avr/7.2.0/avr51\libgcc.a(_exit.o)
 .text.libgcc.builtins
                0x0000000000001b4a        0x0 d:/avr-gcc-7.2.0-x64-mingw/bin/../lib/gcc/avr/7.2.0/avr51\libgcc.a(_exit.o)
 .text.libgcc.fmul
                0x0000000000001b4a        0x0 d:/avr-gcc-7.2.0-x64-mingw/bin/../lib/gcc/avr/7.2.0/avr51\libgcc.a(_exit.o)
 .text.libgcc.fixed
                0x0000000000001b4a        0x0 d:/avr-gcc-7.2.0-x64-mingw/bin/../lib/gcc/avr/7.2.0/avr51\libgcc.a(_exit.o)
 .text.libgcc.mul
                0x0000000000001b4a        0x0 d:/avr-gcc-7.2.0-x64-mingw/bin/../lib/gcc/avr/7.2.0/avr51\libgcc.a(_copy_data.o)
 .text.libgcc.div
                0x0000000000001b4a        0x0 d:/avr-gcc-7.2.0-x64-mingw/bin/../lib/gcc/avr/7.2.0/avr51\libgcc.a(_copy_data.o)
 .text.libgcc   0x0000000000001b4a        0x0 d:/avr-gcc-7.2.0-x64-mingw/bin/../lib/gcc/avr/7.2.0/avr51\libgcc.a(_copy_data.o)
 .text.libgcc.prologue
                0x0000000000001b4a        0x0 d:/avr-gcc-7.2.0-x64-mingw/bin/../lib/gcc/avr/7.2.0/avr51\libgcc.a(_copy_data.o)
 .text.libgcc.builtins
                0x0000000000001b4a        0x0 d:/avr-gcc-7.2.0-x64-mingw/bin/../lib/gcc/avr/7.2.0/avr51\libgcc.a(_copy_data.o)
 .text.libgcc.fmul
                0x0000000000001b4a        0x0 d:/avr-gcc-7.2.0-x64-mingw/bin/../lib/gcc/avr/7.2.0/avr51\libgcc.a(_copy_data.o)
 .text.libgcc.fixed
                0x0000000000001b4a        0x0 d:/avr-gcc-7.2.0-x64-mingw/bin/../lib/gcc/avr/7.2.0/avr51\libgcc.a(_copy_data.o)
 .text.libgcc.mul
                0x0000000000001b4a        0x0 d:/avr-gcc-7.2.0-x64-mingw/bin/../lib/gcc/avr/7.2.0/avr51\libgcc.a(_clear_bss.o)
 .text.libgcc.div
                0x0000000000001b4a        0x0 d:/avr-gcc-7.2.0-x64-mingw/bin/../lib/gcc/avr/7.2.0/avr51\libgcc.a(_clear_bss.o)
 .text.libgcc   0x0000000000001b4a        0x0 d:/avr-gcc-7.2.0-x64-mingw/bin/../lib/gcc/avr/7.2.0/avr51\libgcc.a(_clear_bss.o)
 .text.libgcc.prologue
                0x0000000000001b4a        0x0 d:/avr-gcc-7.2.0-x64-mingw/bin/../lib/gcc/avr/7.2.0/avr51\libgcc.a(_clear_bss.o)
 .text.libgcc.builtins
                0x0000000000001b4a        0x0 d:/avr-gcc-7.2.0-x64-mingw/bin/../lib/gcc/avr/7.2.0/avr51\libgcc.a(_clear_bss.o)
 .text.libgcc.fmul
                0x0000000000001b4a        0x0 d:/avr-gcc-7.2.0-x64-mingw/bin/../lib/gcc/avr/7.2.0/avr51\libgcc.a(_clear_bss.o)
 .text.libgcc.fixed
                0x0000000000001b4a        0x0 d:/avr-gcc-7.2.0-x64-mingw/bin/../lib/gcc/avr/7.2.0/avr51\libgcc.a(_clear_bss.o)
 .text.avr-libc.fplib
                0x0000000000001b4a       0x7a d:/avr-gcc-7.2.0-x64-mingw/bin/../lib/gcc/avr/7.2.0/../../../../avr/lib/avr51\libm.a(floatsisf.o)
                0x0000000000001b4a                __floatunsisf
                0x0000000000001b4e                __floatsisf
 .text.avr-libc.fplib
                0x0000000000001bc4        0x8 d:/avr-gcc-7.2.0-x64-mingw/bin/../lib/gcc/avr/7.2.0/../../../../avr/lib/avr51\libm.a(mulsf3.o)
                0x0000000000001bc4                __mulsf3
 .text.avr-libc.fplib
                0x0000000000001bcc       0xd2 d:/avr-gcc-7.2.0-x64-mingw/bin/../lib/gcc/avr/7.2.0/../../../../avr/lib/avr51\libm.a(mulsf3x.o)
                0x0000000000001bea                __mulsf3x
                0x0000000000001bf0                __mulsf3_pse
 .text.avr-libc.fplib
                0x0000000000001c9e        0xc d:/avr-gcc-7.2.0-x64-mingw/bin/../lib/gcc/avr/7.2.0/../../../../avr/lib/avr51\libm.a(fp_inf.o)
                0x0000000000001c9e                __fp_inf
 .text.avr-libc.fplib
                0x0000000000001caa        0x6 d:/avr-gcc-7.2.0-x64-mingw/bin/../lib/gcc/avr/7.2.0/../../../../avr/lib/avr51\libm.a(fp_nan.o)
                0x0000000000001caa                __fp_nan
 .text.avr-libc.fplib
                0x0000000000001cb0        0xe d:/avr-gcc-7.2.0-x64-mingw/bin/../lib/gcc/avr/7.2.0/../../../../avr/lib/avr51\libm.a(fp_pscA.o)
                0x0000000000001cb0                __fp_pscA
 .text.avr-libc.fplib
                0x0000000000001cbe        0xe d:/avr-gcc-7.2.0-x64-mingw/bin/../lib/gcc/avr/7.2.0/../../../../avr/lib/avr51\libm.a(fp_pscB.o)
                0x0000000000001cbe                __fp_pscB
 .text.avr-libc.fplib
                0x0000000000001ccc       0x22 d:/avr-gcc-7.2.0-x64-mingw/bin/../lib/gcc/avr/7.2.0/../../../../avr/lib/avr51\libm.a(fp_round.o)
                0x0000000000001ccc                __fp_round
 .text.avr-libc.fplib
                0x0000000000001cee       0x44 d:/avr-gcc-7.2.0-x64-mingw/bin/../lib/gcc/avr/7.2.0/../../../../avr/lib/avr51\libm.a(fp_split3.o)
                0x0000000000001cee                __fp_split3
                0x0000000000001cfe                __fp_splitA
 .text.avr-libc.fplib
                0x0000000000001d32        0xe d:/avr-gcc-7.2.0-x64-mingw/bin/../lib/gcc/avr/7.2.0/../../../../avr/lib/avr51\libm.a(fp_zero.o)
                0x0000000000001d32                __fp_zero
                0x0000000000001d34                __fp_szero
 .text.avr-libc
                0x0000000000001d40      0x1b0 d:/avr-gcc-7.2.0-x64-mingw/bin/../lib/gcc/avr/7.2.0/../../../../avr/lib/avr51\libc.a(ftoa_engine.o)
                0x0000000000001d40                __ftoa_engine
 .text.avr-libc
                0x0000000000001ef0       0x12 d:/avr-gcc-7.2.0-x64-mingw/bin/../lib/gcc/avr/7.2.0/../../../../avr/lib/avr51\libc.a(isspace.o)
                0x0000000000001ef0                isspace
 .text.avr-libc
                0x0000000000001f02       0x10 d:/avr-gcc-7.2.0-x64-mingw/bin/../lib/gcc/avr/7.2.0/../../../../avr/lib/avr51\libc.a(tolower.o)
                0x0000000000001f02                tolower
 .text.avr-libc
                0x0000000000001f12       0x16 d:/avr-gcc-7.2.0-x64-mingw/bin/../lib/gcc/avr/7.2.0/../../../../avr/lib/avr51\libc.a(strchr_P.o)
                0x0000000000001f12                strchr_P
 .text.avr-libc
                0x0000000000001f28       0x16 d:/avr-gcc-7.2.0-x64-mingw/bin/../lib/gcc/avr/7.2.0/../../../../avr/lib/avr51\libc.a(strnlen_P.o)
                0x0000000000001f28                strnlen_P
 .text.avr-libc
                0x0000000000001f3e       0x16 d:/avr-gcc-7.2.0-x64-mingw/bin/../lib/gcc/avr/7.2.0/../../../../avr/lib/avr51\libc.a(strnlen.o)
                0x0000000000001f3e                strnlen
 .text.avr-libc
                0x0000000000001f54       0x78 d:/avr-gcc-7.2.0-x64-mingw/bin/../lib/gcc/avr/7.2.0/../../../../avr/lib/avr51\libc.a(fgetc.o)
                0x0000000000001f54                fgetc
 .text.avr-libc
                0x0000000000001fcc       0x60 d:/avr-gcc-7.2.0-x64-mingw/bin/../lib/gcc/avr/7.2.0/../../../../avr/lib/avr51\libc.a(fputc.o)
                0x0000000000001fcc                fputc
 .text.avr-libc
                0x000000000000202c       0x28 d:/avr-gcc-7.2.0-x64-mingw/bin/../lib/gcc/avr/7.2.0/../../../../avr/lib/avr51\libc.a(printf.o)
                0x000000000000202c                printf
 .text.avr-libc
                0x0000000000002054       0x30 d:/avr-gcc-7.2.0-x64-mingw/bin/../lib/gcc/avr/7.2.0/../../../../avr/lib/avr51\libc.a(ungetc.o)
                0x0000000000002054                ungetc
 .text.avr-libc
                0x0000000000002084       0xbc d:/avr-gcc-7.2.0-x64-mingw/bin/../lib/gcc/avr/7.2.0/../../../../avr/lib/avr51\libc.a(ultoa_invert.o)
                0x0000000000002084                __ultoa_invert
 .text.avr-libc
                0x0000000000002140        0x6 d:/avr-gcc-7.2.0-x64-mingw/bin/../lib/gcc/avr/7.2.0/../../../../avr/lib/avr51\libc.a(cty_isfalse.o)
                0x0000000000002140                __ctype_isfalse
                0x0000000000002144                __ctype_istrue
                0x0000000000002146                . = ALIGN (0x2)
 *(.fini9)
 .fini9         0x0000000000002146        0x0 d:/avr-gcc-7.2.0-x64-mingw/bin/../lib/gcc/avr/7.2.0/avr51\libgcc.a(_exit.o)
                0x0000000000002146                _exit
                0x0000000000002146                exit
 *(.fini9)
 *(.fini8)
 *(.fini8)
 *(.fini7)
 *(.fini7)
 *(.fini6)
 *(.fini6)
 *(.fini5)
 *(.fini5)
 *(.fini4)
 *(.fini4)
 *(.fini3)
 *(.fini3)
 *(.fini2)
 *(.fini2)
 *(.fini1)
 *(.fini1)
 *(.fini0)
 .fini0         0x0000000000002146        0x4 d:/avr-gcc-7.2.0-x64-mingw/bin/../lib/gcc/avr/7.2.0/avr51\libgcc.a(_exit.o)
 *(.fini0)
 *(.hightext)
 *(.hightext*)
                0x000000000000214a                . = ALIGN (0x2)
 *(.jumptables)
 *(.jumptables*)
                0x000000000000214a                _etext = .

.data           0x0000000000800100       0x18 load address 0x000000000000214a
                0x0000000000800100                PROVIDE (__data_start, .)
 *(.data)
 .data          0x0000000000800100        0x0 d:/avr-gcc-7.2.0-x64-mingw/bin/../lib/gcc/avr/7.2.0/../../../../avr/lib/avr51/crtatmega128.o
 .data          0x0000000000800100        0x0 ex3test.o
 .data          0x0000000000800100       0x13 ASA_Lib.o(ASA_Lib_M128_HMI.o)
                0x0000000000800100                Timeout
                0x0000000000800104                TimeoutMode
 .data          0x0000000000800113        0x0 ASA_Lib.o(ASA_Core_Lib.o)
 .data          0x0000000000800113        0x0 d:/avr-gcc-7.2.0-x64-mingw/bin/../lib/gcc/avr/7.2.0/../../../../avr/lib/avr51\libprintf_flt.a(vfprintf_flt.o)
 .data          0x0000000000800113        0x0 d:/avr-gcc-7.2.0-x64-mingw/bin/../lib/gcc/avr/7.2.0/../../../../avr/lib/avr51\libscanf_flt.a(vfscanf_flt.o)
 .data          0x0000000000800113        0x0 d:/avr-gcc-7.2.0-x64-mingw/bin/../lib/gcc/avr/7.2.0/avr51\libgcc.a(_exit.o)
 .data          0x0000000000800113        0x0 d:/avr-gcc-7.2.0-x64-mingw/bin/../lib/gcc/avr/7.2.0/avr51\libgcc.a(_copy_data.o)
 .data          0x0000000000800113        0x0 d:/avr-gcc-7.2.0-x64-mingw/bin/../lib/gcc/avr/7.2.0/avr51\libgcc.a(_clear_bss.o)
 .data          0x0000000000800113        0x0 d:/avr-gcc-7.2.0-x64-mingw/bin/../lib/gcc/avr/7.2.0/../../../../avr/lib/avr51\libm.a(floatsisf.o)
 .data          0x0000000000800113        0x0 d:/avr-gcc-7.2.0-x64-mingw/bin/../lib/gcc/avr/7.2.0/../../../../avr/lib/avr51\libm.a(mulsf3.o)
 .data          0x0000000000800113        0x0 d:/avr-gcc-7.2.0-x64-mingw/bin/../lib/gcc/avr/7.2.0/../../../../avr/lib/avr51\libm.a(mulsf3x.o)
 .data          0x0000000000800113        0x0 d:/avr-gcc-7.2.0-x64-mingw/bin/../lib/gcc/avr/7.2.0/../../../../avr/lib/avr51\libm.a(fp_inf.o)
 .data          0x0000000000800113        0x0 d:/avr-gcc-7.2.0-x64-mingw/bin/../lib/gcc/avr/7.2.0/../../../../avr/lib/avr51\libm.a(fp_nan.o)
 .data          0x0000000000800113        0x0 d:/avr-gcc-7.2.0-x64-mingw/bin/../lib/gcc/avr/7.2.0/../../../../avr/lib/avr51\libm.a(fp_pscA.o)
 .data          0x0000000000800113        0x0 d:/avr-gcc-7.2.0-x64-mingw/bin/../lib/gcc/avr/7.2.0/../../../../avr/lib/avr51\libm.a(fp_pscB.o)
 .data          0x0000000000800113        0x0 d:/avr-gcc-7.2.0-x64-mingw/bin/../lib/gcc/avr/7.2.0/../../../../avr/lib/avr51\libm.a(fp_round.o)
 .data          0x0000000000800113        0x0 d:/avr-gcc-7.2.0-x64-mingw/bin/../lib/gcc/avr/7.2.0/../../../../avr/lib/avr51\libm.a(fp_split3.o)
 .data          0x0000000000800113        0x0 d:/avr-gcc-7.2.0-x64-mingw/bin/../lib/gcc/avr/7.2.0/../../../../avr/lib/avr51\libm.a(fp_zero.o)
 .data          0x0000000000800113        0x0 d:/avr-gcc-7.2.0-x64-mingw/bin/../lib/gcc/avr/7.2.0/../../../../avr/lib/avr51\libc.a(ftoa_engine.o)
 .data          0x0000000000800113        0x0 d:/avr-gcc-7.2.0-x64-mingw/bin/../lib/gcc/avr/7.2.0/../../../../avr/lib/avr51\libc.a(isspace.o)
 .data          0x0000000000800113        0x0 d:/avr-gcc-7.2.0-x64-mingw/bin/../lib/gcc/avr/7.2.0/../../../../avr/lib/avr51\libc.a(tolower.o)
 .data          0x0000000000800113        0x0 d:/avr-gcc-7.2.0-x64-mingw/bin/../lib/gcc/avr/7.2.0/../../../../avr/lib/avr51\libc.a(strchr_P.o)
 .data          0x0000000000800113        0x0 d:/avr-gcc-7.2.0-x64-mingw/bin/../lib/gcc/avr/7.2.0/../../../../avr/lib/avr51\libc.a(strnlen_P.o)
 .data          0x0000000000800113        0x0 d:/avr-gcc-7.2.0-x64-mingw/bin/../lib/gcc/avr/7.2.0/../../../../avr/lib/avr51\libc.a(strnlen.o)
 .data          0x0000000000800113        0x0 d:/avr-gcc-7.2.0-x64-mingw/bin/../lib/gcc/avr/7.2.0/../../../../avr/lib/avr51\libc.a(fgetc.o)
 .data          0x0000000000800113        0x0 d:/avr-gcc-7.2.0-x64-mingw/bin/../lib/gcc/avr/7.2.0/../../../../avr/lib/avr51\libc.a(fputc.o)
 .data          0x0000000000800113        0x0 d:/avr-gcc-7.2.0-x64-mingw/bin/../lib/gcc/avr/7.2.0/../../../../avr/lib/avr51\libc.a(iob.o)
 .data          0x0000000000800113        0x0 d:/avr-gcc-7.2.0-x64-mingw/bin/../lib/gcc/avr/7.2.0/../../../../avr/lib/avr51\libc.a(printf.o)
 .data          0x0000000000800113        0x0 d:/avr-gcc-7.2.0-x64-mingw/bin/../lib/gcc/avr/7.2.0/../../../../avr/lib/avr51\libc.a(ungetc.o)
 .data          0x0000000000800113        0x0 d:/avr-gcc-7.2.0-x64-mingw/bin/../lib/gcc/avr/7.2.0/../../../../avr/lib/avr51\libc.a(ultoa_invert.o)
 .data          0x0000000000800113        0x0 d:/avr-gcc-7.2.0-x64-mingw/bin/../lib/gcc/avr/7.2.0/../../../../avr/lib/avr51\libc.a(cty_isfalse.o)
 *(.data*)
 *(.gnu.linkonce.d*)
 *(.rodata)
 *(.rodata*)
 .rodata.str1.1
                0x0000000000800113        0x4 ex3test.o
 *(.gnu.linkonce.r*)
                0x0000000000800118                . = ALIGN (0x2)
 *fill*         0x0000000000800117        0x1 
                0x0000000000800118                _edata = .
                0x0000000000800118                PROVIDE (__data_end, .)

.bss            0x0000000000800118      0x110
                0x0000000000800118                PROVIDE (__bss_start, .)
 *(.bss)
 .bss           0x0000000000800118        0x0 d:/avr-gcc-7.2.0-x64-mingw/bin/../lib/gcc/avr/7.2.0/../../../../avr/lib/avr51/crtatmega128.o
 .bss           0x0000000000800118      0x102 ex3test.o
 .bss           0x000000000080021a        0x6 ASA_Lib.o(ASA_Lib_M128_HMI.o)
                0x000000000080021a                timeout_count
 .bss           0x0000000000800220        0x1 ASA_Lib.o(ASA_Core_Lib.o)
 .bss           0x0000000000800221        0x0 d:/avr-gcc-7.2.0-x64-mingw/bin/../lib/gcc/avr/7.2.0/../../../../avr/lib/avr51\libprintf_flt.a(vfprintf_flt.o)
 .bss           0x0000000000800221        0x0 d:/avr-gcc-7.2.0-x64-mingw/bin/../lib/gcc/avr/7.2.0/../../../../avr/lib/avr51\libscanf_flt.a(vfscanf_flt.o)
 .bss           0x0000000000800221        0x0 d:/avr-gcc-7.2.0-x64-mingw/bin/../lib/gcc/avr/7.2.0/avr51\libgcc.a(_exit.o)
 .bss           0x0000000000800221        0x0 d:/avr-gcc-7.2.0-x64-mingw/bin/../lib/gcc/avr/7.2.0/avr51\libgcc.a(_copy_data.o)
 .bss           0x0000000000800221        0x0 d:/avr-gcc-7.2.0-x64-mingw/bin/../lib/gcc/avr/7.2.0/avr51\libgcc.a(_clear_bss.o)
 .bss           0x0000000000800221        0x0 d:/avr-gcc-7.2.0-x64-mingw/bin/../lib/gcc/avr/7.2.0/../../../../avr/lib/avr51\libm.a(floatsisf.o)
 .bss           0x0000000000800221        0x0 d:/avr-gcc-7.2.0-x64-mingw/bin/../lib/gcc/avr/7.2.0/../../../../avr/lib/avr51\libm.a(mulsf3.o)
 .bss           0x0000000000800221        0x0 d:/avr-gcc-7.2.0-x64-mingw/bin/../lib/gcc/avr/7.2.0/../../../../avr/lib/avr51\libm.a(mulsf3x.o)
 .bss           0x0000000000800221        0x0 d:/avr-gcc-7.2.0-x64-mingw/bin/../lib/gcc/avr/7.2.0/../../../../avr/lib/avr51\libm.a(fp_inf.o)
 .bss           0x0000000000800221        0x0 d:/avr-gcc-7.2.0-x64-mingw/bin/../lib/gcc/avr/7.2.0/../../../../avr/lib/avr51\libm.a(fp_nan.o)
 .bss           0x0000000000800221        0x0 d:/avr-gcc-7.2.0-x64-mingw/bin/../lib/gcc/avr/7.2.0/../../../../avr/lib/avr51\libm.a(fp_pscA.o)
 .bss           0x0000000000800221        0x0 d:/avr-gcc-7.2.0-x64-mingw/bin/../lib/gcc/avr/7.2.0/../../../../avr/lib/avr51\libm.a(fp_pscB.o)
 .bss           0x0000000000800221        0x0 d:/avr-gcc-7.2.0-x64-mingw/bin/../lib/gcc/avr/7.2.0/../../../../avr/lib/avr51\libm.a(fp_round.o)
 .bss           0x0000000000800221        0x0 d:/avr-gcc-7.2.0-x64-mingw/bin/../lib/gcc/avr/7.2.0/../../../../avr/lib/avr51\libm.a(fp_split3.o)
 .bss           0x0000000000800221        0x0 d:/avr-gcc-7.2.0-x64-mingw/bin/../lib/gcc/avr/7.2.0/../../../../avr/lib/avr51\libm.a(fp_zero.o)
 .bss           0x0000000000800221        0x0 d:/avr-gcc-7.2.0-x64-mingw/bin/../lib/gcc/avr/7.2.0/../../../../avr/lib/avr51\libc.a(ftoa_engine.o)
 .bss           0x0000000000800221        0x0 d:/avr-gcc-7.2.0-x64-mingw/bin/../lib/gcc/avr/7.2.0/../../../../avr/lib/avr51\libc.a(isspace.o)
 .bss           0x0000000000800221        0x0 d:/avr-gcc-7.2.0-x64-mingw/bin/../lib/gcc/avr/7.2.0/../../../../avr/lib/avr51\libc.a(tolower.o)
 .bss           0x0000000000800221        0x0 d:/avr-gcc-7.2.0-x64-mingw/bin/../lib/gcc/avr/7.2.0/../../../../avr/lib/avr51\libc.a(strchr_P.o)
 .bss           0x0000000000800221        0x0 d:/avr-gcc-7.2.0-x64-mingw/bin/../lib/gcc/avr/7.2.0/../../../../avr/lib/avr51\libc.a(strnlen_P.o)
 .bss           0x0000000000800221        0x0 d:/avr-gcc-7.2.0-x64-mingw/bin/../lib/gcc/avr/7.2.0/../../../../avr/lib/avr51\libc.a(strnlen.o)
 .bss           0x0000000000800221        0x0 d:/avr-gcc-7.2.0-x64-mingw/bin/../lib/gcc/avr/7.2.0/../../../../avr/lib/avr51\libc.a(fgetc.o)
 .bss           0x0000000000800221        0x0 d:/avr-gcc-7.2.0-x64-mingw/bin/../lib/gcc/avr/7.2.0/../../../../avr/lib/avr51\libc.a(fputc.o)
 .bss           0x0000000000800221        0x0 d:/avr-gcc-7.2.0-x64-mingw/bin/../lib/gcc/avr/7.2.0/../../../../avr/lib/avr51\libc.a(iob.o)
 .bss           0x0000000000800221        0x0 d:/avr-gcc-7.2.0-x64-mingw/bin/../lib/gcc/avr/7.2.0/../../../../avr/lib/avr51\libc.a(printf.o)
 .bss           0x0000000000800221        0x0 d:/avr-gcc-7.2.0-x64-mingw/bin/../lib/gcc/avr/7.2.0/../../../../avr/lib/avr51\libc.a(ungetc.o)
 .bss           0x0000000000800221        0x0 d:/avr-gcc-7.2.0-x64-mingw/bin/../lib/gcc/avr/7.2.0/../../../../avr/lib/avr51\libc.a(ultoa_invert.o)
 .bss           0x0000000000800221        0x0 d:/avr-gcc-7.2.0-x64-mingw/bin/../lib/gcc/avr/7.2.0/../../../../avr/lib/avr51\libc.a(cty_isfalse.o)
 *(.bss*)
 *(COMMON)
 COMMON         0x0000000000800221        0x1 ex3test.o
                0x0000000000800221                debug
 COMMON         0x0000000000800222        0x6 d:/avr-gcc-7.2.0-x64-mingw/bin/../lib/gcc/avr/7.2.0/../../../../avr/lib/avr51\libc.a(iob.o)
                0x0000000000800222                __iob
                0x0000000000800228                PROVIDE (__bss_end, .)
                0x000000000000214a                __data_load_start = LOADADDR (.data)
                0x0000000000002162                __data_load_end = (__data_load_start + SIZEOF (.data))

.noinit         0x0000000000800228        0x0
                [!provide]                        PROVIDE (__noinit_start, .)
 *(.noinit*)
                [!provide]                        PROVIDE (__noinit_end, .)
                0x0000000000800228                _end = .
                [!provide]                        PROVIDE (__heap_start, .)

.eeprom         0x0000000000810000        0x0
 *(.eeprom*)
                0x0000000000810000                __eeprom_end = .

.fuse
 *(.fuse)
 *(.lfuse)
 *(.hfuse)
 *(.efuse)

.lock
 *(.lock*)

.signature
 *(.signature*)

.stab
 *(.stab)

.stabstr
 *(.stabstr)

.stab.excl
 *(.stab.excl)

.stab.exclstr
 *(.stab.exclstr)

.stab.index
 *(.stab.index)

.stab.indexstr
 *(.stab.indexstr)

.comment        0x0000000000000000       0x11
 *(.comment)
 .comment       0x0000000000000000       0x11 ex3test.o
                                         0x12 (size before relaxing)
 .comment       0x0000000000000011       0x12 d:/avr-gcc-7.2.0-x64-mingw/bin/../lib/gcc/avr/7.2.0/../../../../avr/lib/avr51\libprintf_flt.a(vfprintf_flt.o)
 .comment       0x0000000000000011       0x12 d:/avr-gcc-7.2.0-x64-mingw/bin/../lib/gcc/avr/7.2.0/../../../../avr/lib/avr51\libscanf_flt.a(vfscanf_flt.o)
 .comment       0x0000000000000011       0x12 d:/avr-gcc-7.2.0-x64-mingw/bin/../lib/gcc/avr/7.2.0/../../../../avr/lib/avr51\libc.a(fgetc.o)
 .comment       0x0000000000000011       0x12 d:/avr-gcc-7.2.0-x64-mingw/bin/../lib/gcc/avr/7.2.0/../../../../avr/lib/avr51\libc.a(fputc.o)
 .comment       0x0000000000000011       0x12 d:/avr-gcc-7.2.0-x64-mingw/bin/../lib/gcc/avr/7.2.0/../../../../avr/lib/avr51\libc.a(iob.o)
 .comment       0x0000000000000011       0x12 d:/avr-gcc-7.2.0-x64-mingw/bin/../lib/gcc/avr/7.2.0/../../../../avr/lib/avr51\libc.a(printf.o)
 .comment       0x0000000000000011       0x12 d:/avr-gcc-7.2.0-x64-mingw/bin/../lib/gcc/avr/7.2.0/../../../../avr/lib/avr51\libc.a(ungetc.o)

.note.gnu.avr.deviceinfo
                0x0000000000000000       0x3c
 .note.gnu.avr.deviceinfo
                0x0000000000000000       0x3c d:/avr-gcc-7.2.0-x64-mingw/bin/../lib/gcc/avr/7.2.0/../../../../avr/lib/avr51/crtatmega128.o

.note.gnu.build-id
 *(.note.gnu.build-id)

.debug
 *(.debug)

.line
 *(.line)

.debug_srcinfo
 *(.debug_srcinfo)

.debug_sfnames
 *(.debug_sfnames)

.debug_aranges  0x0000000000000000       0xc8
 *(.debug_aranges)
 .debug_aranges
                0x0000000000000000       0x28 ex3test.o
 .debug_aranges
                0x0000000000000028       0x20 ASA_Lib.o(ASA_Lib_M128_HMI.o)
 .debug_aranges
                0x0000000000000048       0x20 ASA_Lib.o(ASA_Core_Lib.o)
 .debug_aranges
                0x0000000000000068       0x20 d:/avr-gcc-7.2.0-x64-mingw/bin/../lib/gcc/avr/7.2.0/avr51\libgcc.a(_exit.o)
 .debug_aranges
                0x0000000000000088       0x20 d:/avr-gcc-7.2.0-x64-mingw/bin/../lib/gcc/avr/7.2.0/avr51\libgcc.a(_copy_data.o)
 .debug_aranges
                0x00000000000000a8       0x20 d:/avr-gcc-7.2.0-x64-mingw/bin/../lib/gcc/avr/7.2.0/avr51\libgcc.a(_clear_bss.o)

.debug_pubnames
                0x0000000000000000      0x2bc
 *(.debug_pubnames)
 .debug_pubnames
                0x0000000000000000      0x12d ASA_Lib.o(ASA_Lib_M128_HMI.o)
 .debug_pubnames
                0x000000000000012d      0x18f ASA_Lib.o(ASA_Core_Lib.o)

.debug_info     0x0000000000000000     0x197e
 *(.debug_info .gnu.linkonce.wi.*)
 .debug_info    0x0000000000000000      0x780 d:/avr-gcc-7.2.0-x64-mingw/bin/../lib/gcc/avr/7.2.0/../../../../avr/lib/avr51/crtatmega128.o
 .debug_info    0x0000000000000780      0x36b ex3test.o
 .debug_info    0x0000000000000aeb      0x5cf ASA_Lib.o(ASA_Lib_M128_HMI.o)
 .debug_info    0x00000000000010ba      0x852 ASA_Lib.o(ASA_Core_Lib.o)
 .debug_info    0x000000000000190c       0x26 d:/avr-gcc-7.2.0-x64-mingw/bin/../lib/gcc/avr/7.2.0/avr51\libgcc.a(_exit.o)
 .debug_info    0x0000000000001932       0x26 d:/avr-gcc-7.2.0-x64-mingw/bin/../lib/gcc/avr/7.2.0/avr51\libgcc.a(_copy_data.o)
 .debug_info    0x0000000000001958       0x26 d:/avr-gcc-7.2.0-x64-mingw/bin/../lib/gcc/avr/7.2.0/avr51\libgcc.a(_clear_bss.o)

.debug_abbrev   0x0000000000000000      0xd46
 *(.debug_abbrev)
 .debug_abbrev  0x0000000000000000      0x718 d:/avr-gcc-7.2.0-x64-mingw/bin/../lib/gcc/avr/7.2.0/../../../../avr/lib/avr51/crtatmega128.o
 .debug_abbrev  0x0000000000000718      0x1fa ex3test.o
 .debug_abbrev  0x0000000000000912      0x1c4 ASA_Lib.o(ASA_Lib_M128_HMI.o)
 .debug_abbrev  0x0000000000000ad6      0x234 ASA_Lib.o(ASA_Core_Lib.o)
 .debug_abbrev  0x0000000000000d0a       0x14 d:/avr-gcc-7.2.0-x64-mingw/bin/../lib/gcc/avr/7.2.0/avr51\libgcc.a(_exit.o)
 .debug_abbrev  0x0000000000000d1e       0x14 d:/avr-gcc-7.2.0-x64-mingw/bin/../lib/gcc/avr/7.2.0/avr51\libgcc.a(_copy_data.o)
 .debug_abbrev  0x0000000000000d32       0x14 d:/avr-gcc-7.2.0-x64-mingw/bin/../lib/gcc/avr/7.2.0/avr51\libgcc.a(_clear_bss.o)

.debug_line     0x0000000000000000      0xecb
 *(.debug_line .debug_line.* .debug_line_end)
 .debug_line    0x0000000000000000       0x1d d:/avr-gcc-7.2.0-x64-mingw/bin/../lib/gcc/avr/7.2.0/../../../../avr/lib/avr51/crtatmega128.o
 .debug_line    0x000000000000001d      0x1b5 ex3test.o
 .debug_line    0x00000000000001d2      0x4c9 ASA_Lib.o(ASA_Lib_M128_HMI.o)
 .debug_line    0x000000000000069b      0x6a7 ASA_Lib.o(ASA_Core_Lib.o)
 .debug_line    0x0000000000000d42       0x61 d:/avr-gcc-7.2.0-x64-mingw/bin/../lib/gcc/avr/7.2.0/avr51\libgcc.a(_exit.o)
 .debug_line    0x0000000000000da3       0xa3 d:/avr-gcc-7.2.0-x64-mingw/bin/../lib/gcc/avr/7.2.0/avr51\libgcc.a(_copy_data.o)
 .debug_line    0x0000000000000e46       0x85 d:/avr-gcc-7.2.0-x64-mingw/bin/../lib/gcc/avr/7.2.0/avr51\libgcc.a(_clear_bss.o)

.debug_frame    0x0000000000000000      0x330
 *(.debug_frame)
 .debug_frame   0x0000000000000000       0xc0 ex3test.o
 .debug_frame   0x00000000000000c0       0xe0 ASA_Lib.o(ASA_Lib_M128_HMI.o)
 .debug_frame   0x00000000000001a0      0x190 ASA_Lib.o(ASA_Core_Lib.o)

.debug_str      0x0000000000000000      0x7f4
 *(.debug_str)
 .debug_str     0x0000000000000000      0x27d d:/avr-gcc-7.2.0-x64-mingw/bin/../lib/gcc/avr/7.2.0/../../../../avr/lib/avr51/crtatmega128.o
 .debug_str     0x000000000000027d      0x1ac ex3test.o
                                        0x1f0 (size before relaxing)
 .debug_str     0x0000000000000429      0x1a0 ASA_Lib.o(ASA_Lib_M128_HMI.o)
                                        0x2a9 (size before relaxing)
 .debug_str     0x00000000000005c9      0x1cc ASA_Lib.o(ASA_Core_Lib.o)
                                        0x285 (size before relaxing)
 .debug_str     0x0000000000000795       0x5f d:/avr-gcc-7.2.0-x64-mingw/bin/../lib/gcc/avr/7.2.0/avr51\libgcc.a(_exit.o)
 .debug_str     0x00000000000007f4       0x5f d:/avr-gcc-7.2.0-x64-mingw/bin/../lib/gcc/avr/7.2.0/avr51\libgcc.a(_copy_data.o)
 .debug_str     0x00000000000007f4       0x5f d:/avr-gcc-7.2.0-x64-mingw/bin/../lib/gcc/avr/7.2.0/avr51\libgcc.a(_clear_bss.o)

.debug_loc      0x0000000000000000      0xc77
 *(.debug_loc)
 .debug_loc     0x0000000000000000      0x15a ex3test.o
 .debug_loc     0x000000000000015a      0x6a7 ASA_Lib.o(ASA_Lib_M128_HMI.o)
 .debug_loc     0x0000000000000801      0x476 ASA_Lib.o(ASA_Core_Lib.o)

.debug_macinfo
 *(.debug_macinfo)

.debug_weaknames
 *(.debug_weaknames)

.debug_funcnames
 *(.debug_funcnames)

.debug_typenames
 *(.debug_typenames)

.debug_varnames
 *(.debug_varnames)

.debug_pubtypes
 *(.debug_pubtypes)

.debug_ranges   0x0000000000000000       0x30
 *(.debug_ranges)
 .debug_ranges  0x0000000000000000       0x18 ex3test.o
 .debug_ranges  0x0000000000000018       0x18 ASA_Lib.o(ASA_Core_Lib.o)

.debug_macro
 *(.debug_macro)

.debug_addr
 *(.debug_addr)
OUTPUT(ex3test.elf elf32-avr)
LOAD linker stubs
